Archive member included because of file (symbol)

c:/freescale/kds_v3/toolchain/bin/../lib/gcc/arm-none-eabi/4.8.4/../../../../arm-none-eabi/lib/armv6-m\libstdc++_s.a(eh_arm.o)
                              ./Sources/main.o (__cxa_end_cleanup)
c:/freescale/kds_v3/toolchain/bin/../lib/gcc/arm-none-eabi/4.8.4/../../../../arm-none-eabi/lib/armv6-m\libstdc++_s.a(eh_terminate.o)
                              c:/freescale/kds_v3/toolchain/bin/../lib/gcc/arm-none-eabi/4.8.4/../../../../arm-none-eabi/lib/armv6-m\libstdc++_s.a(eh_arm.o) (std::terminate())
c:/freescale/kds_v3/toolchain/bin/../lib/gcc/arm-none-eabi/4.8.4/../../../../arm-none-eabi/lib/armv6-m\libstdc++_s.a(new_op.o)
                              ./Sources/main.o (operator new(unsigned int))
c:/freescale/kds_v3/toolchain/bin/../lib/gcc/arm-none-eabi/4.8.4/../../../../arm-none-eabi/lib/armv6-m\libstdc++_s.a(del_op.o)
                              ./Sources/main.o (operator delete(void*))
c:/freescale/kds_v3/toolchain/bin/../lib/gcc/arm-none-eabi/4.8.4/../../../../arm-none-eabi/lib/armv6-m\libstdc++_s.a(new_handler.o)
                              c:/freescale/kds_v3/toolchain/bin/../lib/gcc/arm-none-eabi/4.8.4/../../../../arm-none-eabi/lib/armv6-m\libstdc++_s.a(new_op.o) (__new_handler)
c:/freescale/kds_v3/toolchain/bin/../lib/gcc/arm-none-eabi/4.8.4/../../../../arm-none-eabi/lib/armv6-m\libstdc++_s.a(class_type_info.o)
                              ./Sources/main.o (vtable for __cxxabiv1::__class_type_info)
c:/freescale/kds_v3/toolchain/bin/../lib/gcc/arm-none-eabi/4.8.4/../../../../arm-none-eabi/lib/armv6-m\libstdc++_s.a(eh_unex_handler.o)
                              c:/freescale/kds_v3/toolchain/bin/../lib/gcc/arm-none-eabi/4.8.4/../../../../arm-none-eabi/lib/armv6-m\libstdc++_s.a(eh_terminate.o) (__cxxabiv1::__unexpected_handler)
c:/freescale/kds_v3/toolchain/bin/../lib/gcc/arm-none-eabi/4.8.4/../../../../arm-none-eabi/lib/armv6-m\libstdc++_s.a(eh_personality.o)
                              ./Sources/main.o (__gxx_personality_v0)
c:/freescale/kds_v3/toolchain/bin/../lib/gcc/arm-none-eabi/4.8.4/../../../../arm-none-eabi/lib/armv6-m\libstdc++_s.a(eh_globals.o)
                              c:/freescale/kds_v3/toolchain/bin/../lib/gcc/arm-none-eabi/4.8.4/../../../../arm-none-eabi/lib/armv6-m\libstdc++_s.a(eh_arm.o) (__cxa_get_globals)
c:/freescale/kds_v3/toolchain/bin/../lib/gcc/arm-none-eabi/4.8.4/../../../../arm-none-eabi/lib/armv6-m\libstdc++_s.a(eh_term_handler.o)
                              c:/freescale/kds_v3/toolchain/bin/../lib/gcc/arm-none-eabi/4.8.4/../../../../arm-none-eabi/lib/armv6-m\libstdc++_s.a(eh_terminate.o) (__cxxabiv1::__terminate_handler)
c:/freescale/kds_v3/toolchain/bin/../lib/gcc/arm-none-eabi/4.8.4/../../../../arm-none-eabi/lib/armv6-m\libstdc++_s.a(vmi_class_type_info.o)
                              ./Sources/main.o (vtable for __cxxabiv1::__vmi_class_type_info)
c:/freescale/kds_v3/toolchain/bin/../lib/gcc/arm-none-eabi/4.8.4/../../../../arm-none-eabi/lib/armv6-m\libstdc++_s.a(del_opv.o)
                              ./Sources/main.o (operator delete[](void*))
c:/freescale/kds_v3/toolchain/bin/../lib/gcc/arm-none-eabi/4.8.4/../../../../arm-none-eabi/lib/armv6-m\libstdc++_s.a(si_class_type_info.o)
                              ./Sources/main.o (vtable for __cxxabiv1::__si_class_type_info)
c:/freescale/kds_v3/toolchain/bin/../lib/gcc/arm-none-eabi/4.8.4/../../../../arm-none-eabi/lib/armv6-m\libstdc++_s.a(vterminate.o)
                              c:/freescale/kds_v3/toolchain/bin/../lib/gcc/arm-none-eabi/4.8.4/../../../../arm-none-eabi/lib/armv6-m\libstdc++_s.a(eh_term_handler.o) (__gnu_cxx::__verbose_terminate_handler())
c:/freescale/kds_v3/toolchain/bin/../lib/gcc/arm-none-eabi/4.8.4/../../../../arm-none-eabi/lib/armv6-m\libstdc++_s.a(eh_type.o)
                              c:/freescale/kds_v3/toolchain/bin/../lib/gcc/arm-none-eabi/4.8.4/../../../../arm-none-eabi/lib/armv6-m\libstdc++_s.a(vterminate.o) (__cxa_current_exception_type)
c:/freescale/kds_v3/toolchain/bin/../lib/gcc/arm-none-eabi/4.8.4/../../../../arm-none-eabi/lib/armv6-m\libstdc++_s.a(eh_exception.o)
                              c:/freescale/kds_v3/toolchain/bin/../lib/gcc/arm-none-eabi/4.8.4/../../../../arm-none-eabi/lib/armv6-m\libstdc++_s.a(eh_arm.o) (typeinfo for __cxxabiv1::__forced_unwind)
c:/freescale/kds_v3/toolchain/bin/../lib/gcc/arm-none-eabi/4.8.4/../../../../arm-none-eabi/lib/armv6-m\libstdc++_s.a(pure.o)
                              ./Sources/main.o (__cxa_pure_virtual)
c:/freescale/kds_v3/toolchain/bin/../lib/gcc/arm-none-eabi/4.8.4/../../../../arm-none-eabi/lib/armv6-m\libstdc++_s.a(new_opv.o)
                              ./Sources/main.o (operator new[](unsigned int))
c:/freescale/kds_v3/toolchain/bin/../lib/gcc/arm-none-eabi/4.8.4/../../../../arm-none-eabi/lib/armv6-m\libstdc++_s.a(eh_call.o)
[...]
Memory Configuration

Name             Origin             Length             Attributes
m_interrupts     0x00000000         0x000000c0         xr
m_text           0x00000410         0x0000fbf0         xr
m_data           0x1ffffc00         0x00001000         rw
m_cfmprotrom     0x00000400         0x00000010         xr
*default*        0x00000000         0xffffffff

Linker script and memory map

LOAD c:/freescale/kds_v3/toolchain/bin/../lib/gcc/arm-none-eabi/4.8.4/armv6-m/crti.o
LOAD c:/freescale/kds_v3/toolchain/bin/../lib/gcc/arm-none-eabi/4.8.4/armv6-m/crtbegin.o
LOAD c:/freescale/kds_v3/toolchain/bin/../lib/gcc/arm-none-eabi/4.8.4/../../../../arm-none-eabi/lib/armv6-m/crt0.o
LOAD ./Sources/hal/Display.o
LOAD ./Sources/Events.o
LOAD ./Sources/main.o
LOAD ./Project_Settings/Startup_Code/startup.o
LOAD ./Generated_Code/Cpu.o
LOAD ./Generated_Code/FLASH1.o
LOAD ./Generated_Code/GPIO1.o
LOAD ./Generated_Code/I2CBus.o
LOAD ./Generated_Code/PE_LDD.o
LOAD ./Generated_Code/TU1.o
LOAD ./Generated_Code/UART0.o
LOAD ./Generated_Code/Vectors.o
LOAD c:/freescale/kds_v3/toolchain/bin/../lib/gcc/arm-none-eabi/4.8.4/../../../../arm-none-eabi/lib/armv6-m\libstdc++_s.a
LOAD c:/freescale/kds_v3/toolchain/bin/../lib/gcc/arm-none-eabi/4.8.4/../../../../arm-none-eabi/lib/armv6-m\libm.a
START GROUP
LOAD c:/freescale/kds_v3/toolchain/bin/../lib/gcc/arm-none-eabi/4.8.4/armv6-m\libgcc.a
LOAD c:/freescale/kds_v3/toolchain/bin/../lib/gcc/arm-none-eabi/4.8.4/../../../../arm-none-eabi/lib/armv6-m\libg_s.a
LOAD c:/freescale/kds_v3/toolchain/bin/../lib/gcc/arm-none-eabi/4.8.4/../../../../arm-none-eabi/lib/armv6-m\libc_s.a
END GROUP
START GROUP
LOAD c:/freescale/kds_v3/toolchain/bin/../lib/gcc/arm-none-eabi/4.8.4/armv6-m\libgcc.a
LOAD c:/freescale/kds_v3/toolchain/bin/../lib/gcc/arm-none-eabi/4.8.4/../../../../arm-none-eabi/lib/armv6-m\libc_s.a
LOAD c:/freescale/kds_v3/toolchain/bin/../lib/gcc/arm-none-eabi/4.8.4/../../../../arm-none-eabi/lib/armv6-m\libnosys.a
END GROUP
START GROUP
LOAD c:/freescale/kds_v3/toolchain/bin/../lib/gcc/arm-none-eabi/4.8.4/armv6-m\libgcc.a
LOAD c:/freescale/kds_v3/toolchain/bin/../lib/gcc/arm-none-eabi/4.8.4/../../../../arm-none-eabi/lib/armv6-m\libc_s.a
LOAD c:/freescale/kds_v3/toolchain/bin/../lib/gcc/arm-none-eabi/4.8.4/../../../../arm-none-eabi/lib/armv6-m\libnosys.a
END GROUP
LOAD c:/freescale/kds_v3/toolchain/bin/../lib/gcc/arm-none-eabi/4.8.4/armv6-m/crtend.o
LOAD c:/freescale/kds_v3/toolchain/bin/../lib/gcc/arm-none-eabi/4.8.4/armv6-m/crtn.o
                0x20000c00                _estack = 0x20000c00
                0x20000c00                __SP_INIT = _estack
                0x20000c00                __stack = _estack
                0x00000000                __heap_size = 0x0
                0x00000100                __stack_size = 0x100

.interrupts     0x00000000       0xc0
                0x00000000                __vector_table = .
                0x00000000                . = ALIGN (0x4)
 *(.vectortable)
 .vectortable   0x00000000       0xc0 ./Generated_Code/Vectors.o
                0x00000000                __vect_table
                0x000000c0                . = ALIGN (0x4)

.cfmprotect     0x00000400       0x10
                0x00000400                . = ALIGN (0x4)
 *(.cfmconfig)
 .cfmconfig     0x00000400       0x10 ./Generated_Code/Cpu.o
                0x00000400                _cfm
                0x00000410                . = ALIGN (0x4)

.text           0x00000410     0xf63c
                0x00000410                . = ALIGN (0x4)
 *(.text)
 .text          0x00000410       0x60 c:/freescale/kds_v3/toolchain/bin/../lib/gcc/arm-none-eabi/4.8.4/armv6-m/crtbegin.o
 .text          0x00000470       0x78 c:/freescale/kds_v3/toolchain/bin/../lib/gcc/arm-none-eabi/4.8.4/../../../../arm-none-eabi/lib/armv6-m/crt0.o
                0x00000470                _start
                0x00000470                _mainCRTStartup
 .text          0x000004e8     0x5d44 c:/freescale/kds_v3/toolchain/bin/../lib/gcc/arm-none-eabi/4.8.4/../../../../arm-none-eabi/lib/armv6-m\libstdc++_s.a(cp-demangle.o)
                0x00006144                __cxa_demangle
                0x00006208                __gcclibcxx_demangle_callback
 .text          0x0000622c       0x14 c:/freescale/kds_v3/toolchain/bin/../lib/gcc/arm-none-eabi/4.8.4/armv6-m\libgcc.a(_thumb1_case_sqi.o)
                0x0000622c                __gnu_thumb1_case_sqi
 .text          0x00006240       0x14 c:/freescale/kds_v3/toolchain/bin/../lib/gcc/arm-none-eabi/4.8.4/armv6-m\libgcc.a(_thumb1_case_uqi.o)
                0x00006240                __gnu_thumb1_case_uqi
 .text          0x00006254       0x7c c:/freescale/kds_v3/toolchain/bin/../lib/gcc/arm-none-eabi/4.8.4/armv6-m\libgcc.a(_arm_cmpdf2.o)
                0x00006254                __aeabi_cdrcmple
                0x00006264                __aeabi_cdcmple
                0x00006264                __aeabi_cdcmpeq
                0x00006274                __aeabi_dcmpeq
                0x00006280                __aeabi_dcmplt
                0x00006294                __aeabi_dcmple
                0x000062a8                __aeabi_dcmpgt
                0x000062bc                __aeabi_dcmpge
 .text          0x000062d0      0x644 c:/freescale/kds_v3/toolchain/bin/../lib/gcc/arm-none-eabi/4.8.4/armv6-m\libgcc.a(adddf3.o)
                0x000062d0                __aeabi_dadd
 .text          0x00006914      0x648 c:/freescale/kds_v3/toolchain/bin/../lib/gcc/arm-none-eabi/4.8.4/armv6-m\libgcc.a(divdf3.o)
                0x00006914                __aeabi_ddiv
 .text          0x00006f5c       0x94 c:/freescale/kds_v3/toolchain/bin/../lib/gcc/arm-none-eabi/4.8.4/armv6-m\libgcc.a(eqdf2.o)
                0x00006f5c                __nedf2
                0x00006f5c                __eqdf2
 .text          0x00006ff0       0xfc c:/freescale/kds_v3/toolchain/bin/../lib/gcc/arm-none-eabi/4.8.4/armv6-m\libgcc.a(gedf2.o)
                0x00006ff0                __gedf2
                0x00006ff0                __gtdf2
 .text          0x000070ec       0xfc c:/freescale/kds_v3/toolchain/bin/../lib/gcc/arm-none-eabi/4.8.4/armv6-m\libgcc.a(ledf2.o)
                0x000070ec                __ledf2
                0x000070ec                __ltdf2
 .text          0x000071e8      0x520 c:/freescale/kds_v3/toolchain/bin/../lib/gcc/arm-none-eabi/4.8.4/armv6-m\libgcc.a(muldf3.o)
                0x000071e8                __aeabi_dmul
 .text          0x00007708       0x68 c:/freescale/kds_v3/toolchain/bin/../lib/gcc/arm-none-eabi/4.8.4/armv6-m\libgcc.a(floatunsidf.o)
                0x00007708                __aeabi_ui2d
 .text          0x00007770      0xa34 c:/freescale/kds_v3/toolchain/bin/../lib/gcc/arm-none-eabi/4.8.4/armv6-m\libgcc.a(unwind-arm.o)
                0x00007a48                _Unwind_GetCFA
                0x00007a4c                __gnu_Unwind_RaiseException
                0x00007a9c                __gnu_Unwind_ForcedUnwind
                0x00007ab0                __gnu_Unwind_Resume
                0x00007af8                __gnu_Unwind_Resume_or_Rethrow
                0x00007b14                _Unwind_Complete
                0x00007b18                _Unwind_DeleteException
                0x00007b28                _Unwind_VRS_Get
                0x00007b74                _Unwind_VRS_Set
                0x00007bc4                __gnu_Unwind_Backtrace
                0x00007f1c                __aeabi_unwind_cpp_pr0
                0x00007f28                __aeabi_unwind_cpp_pr1
                0x00007f34                __aeabi_unwind_cpp_pr2
                0x00007f40                _Unwind_VRS_Pop
 .text          0x000081a4      0x144 c:/freescale/kds_v3/toolchain/bin/../lib/gcc/arm-none-eabi/4.8.4/armv6-m\libgcc.a(libunwind.o)
                0x000081a4                __restore_core_regs
                0x000081a4                restore_core_regs
                0x000081d0                __gnu_Unwind_Restore_VFP
                0x000081d4                __gnu_Unwind_Save_VFP
                0x000081d8                __gnu_Unwind_Restore_VFP_D
                0x000081dc                __gnu_Unwind_Save_VFP_D
                0x000081e0                __gnu_Unwind_Restore_VFP_D_16_to_31
                0x000081e4                __gnu_Unwind_Save_VFP_D_16_to_31
                0x000081e8                __gnu_Unwind_Restore_WMMXD
                0x000081ec                __gnu_Unwind_Save_WMMXD
                0x000081f0                __gnu_Unwind_Restore_WMMXC
                0x000081f4                __gnu_Unwind_Save_WMMXC
                0x000081f8                ___Unwind_RaiseException
                0x000081f8                _Unwind_RaiseException
                0x00008228                _Unwind_Resume
                0x00008228                ___Unwind_Resume
                0x00008258                _Unwind_Resume_or_Rethrow
                0x00008258                ___Unwind_Resume_or_Rethrow
                0x00008288                _Unwind_ForcedUnwind
                0x00008288                ___Unwind_ForcedUnwind
                0x000082b8                ___Unwind_Backtrace
                0x000082b8                _Unwind_Backtrace
 .text          0x000082e8      0x3a4 c:/freescale/kds_v3/toolchain/bin/../lib/gcc/arm-none-eabi/4.8.4/armv6-m\libgcc.a(pr-support.o)
                0x0000833c                __gnu_unwind_execute
                0x00008634                __gnu_unwind_frame
                0x0000865c                _Unwind_GetRegionStart
                0x00008668                _Unwind_GetLanguageSpecificData
                0x0000867c                _Unwind_GetDataRelBase
                0x00008684                _Unwind_GetTextRelBase
 .text          0x0000868c       0x9c c:/freescale/kds_v3/toolchain/bin/../lib/gcc/arm-none-eabi/4.8.4/armv6-m\libgcc.a(_udivsi3.o)
                0x0000868c                __aeabi_uidiv
                0x0000868c                __udivsi3
                0x00008714                __aeabi_uidivmod
 .text          0x00008728        0x4 c:/freescale/kds_v3/toolchain/bin/../lib/gcc/arm-none-eabi/4.8.4/armv6-m\libgcc.a(_dvmd_tls.o)
                0x00008728                __aeabi_idiv0
                0x00008728                __aeabi_ldiv0
 .text          0x0000872c       0x3c c:/freescale/kds_v3/toolchain/bin/../lib/gcc/arm-none-eabi/4.8.4/armv6-m\libgcc.a(_clzsi2.o)
                0x0000872c                __clzsi2
 .text          0x00008768       0x14 c:/freescale/kds_v3/toolchain/bin/../lib/gcc/arm-none-eabi/4.8.4/../../../../arm-none-eabi/lib/armv6-m\libg_s.a(lib_a-strcmp.o)
                0x00008768                strcmp
 *(.text*)
 .text.Cpu_OnNMIINT
                0x0000877c        0x8 ./Sources/Events.o
                0x0000877c                Cpu_OnNMIINT
 .text.I2CBus_OnMasterBlockSent
                0x00008784       0x10 ./Sources/Events.o
                0x00008784                I2CBus_OnMasterBlockSent
 .text.I2CBus_OnMasterBlockReceived
                0x00008794       0x10 ./Sources/Events.o
                0x00008794                I2CBus_OnMasterBlockReceived
 .text.I2CBus_OnError
                0x000087a4       0x10 ./Sources/Events.o
                0x000087a4                I2CBus_OnError
 .text.TU1_OnCounterRestart
                0x000087b4       0x24 ./Sources/Events.o
                0x000087b4                TU1_OnCounterRestart
 .text.UART0_OnBlockReceived
                0x000087d8       0x28 ./Sources/Events.o
                0x000087d8                UART0_OnBlockReceived
 .text.UART0_OnBlockSent
                0x00008800       0x10 ./Sources/Events.o
                0x00008800                UART0_OnBlockSent
 .text.UART0_OnBreak
                0x00008810       0x10 ./Sources/Events.o
                0x00008810                UART0_OnBreak
 .text.UART0_OnError
                0x00008820       0x10 ./Sources/Events.o
                0x00008820                UART0_OnError
 .text.UART0_OnTxComplete
                0x00008830       0x10 ./Sources/Events.o
                0x00008830                UART0_OnTxComplete
 .text._ZN10CMidiInput16fire_on_realtimeEh
                0x00008840       0x34 ./Sources/main.o
                0x00008840                CMidiInput::fire_on_realtime(unsigned char)
 .text._ZN10CMidiInput13fire_on_sysexEh
                0x00008874       0x34 ./Sources/main.o
                0x00008874                CMidiInput::fire_on_sysex(unsigned char)
 .text._ZN10CMidiInput11fire_on_msgEv
                0x000088a8       0xa8 ./Sources/main.o
                0x000088a8                CMidiInput::fire_on_msg()
 .text._ZN10CMidiInputC2Ev
                0x00008950       0x50 ./Sources/main.o
                0x00008950                CMidiInput::CMidiInput()
                0x00008950                CMidiInput::CMidiInput()
 .text._ZN10CMidiInput6listenEv
                0x000089a0       0x2c ./Sources/main.o
                0x000089a0                CMidiInput::listen()
 .text._ZN10CMidiInput14on_rx_completeEh
                0x000089cc       0x84 ./Sources/main.o
                0x000089cc                CMidiInput::on_rx_complete(unsigned char)
 .text._ZN10CMidiInput3runEv
                0x00008a50      0x1a0 ./Sources/main.o
                0x00008a50                CMidiInput::run()
 .text._ZN11CMidiOutput9init_sendEv
                0x00008bf0       0xac ./Sources/main.o
                0x00008bf0                CMidiOutput::init_send()
 .text._ZN11CMidiOutput11buffer_byteEh
                0x00008c9c       0x50 ./Sources/main.o
                0x00008c9c                CMidiOutput::buffer_byte(unsigned char)
 .text._ZN20IMidiMessageListenerC2Ev
                0x00008cec       0x1c ./Sources/main.o
                0x00008cec                IMidiMessageListener::IMidiMessageListener()
                0x00008cec                IMidiMessageListener::IMidiMessageListener()
 .text._ZN11CMidiOutputC2Ev
                0x00008d08       0x54 ./Sources/main.o
                0x00008d08                CMidiOutput::CMidiOutput()
                0x00008d08                CMidiOutput::CMidiOutput()
 .text._ZN11CMidiOutput11on_midi_msgEhhhh
                0x00008d5c       0x78 ./Sources/main.o
                0x00008d5c                CMidiOutput::on_midi_msg(unsigned char, unsigned char, unsigned char, unsigned char)
 .text._ZN11CMidiOutput13on_midi_sysexEh
                0x00008dd4       0x14 ./Sources/main.o
                0x00008dd4                CMidiOutput::on_midi_sysex(unsigned char)
 .text._ZN11CMidiOutput16on_midi_realtimeEh
                0x00008de8       0x24 ./Sources/main.o
                0x00008de8                CMidiOutput::on_midi_realtime(unsigned char)
 .text._ZN11CMidiOutput3runEv
                0x00008e0c       0x50 ./Sources/main.o
                0x00008e0c                CMidiOutput::run()
 .text._ZN13CIndicatorLedC2Emi
                0x00008e5c       0x28 ./Sources/main.o
                0x00008e5c                CIndicatorLed::CIndicatorLed(unsigned long, int)
                0x00008e5c                CIndicatorLed::CIndicatorLed(unsigned long, int)
 .text._ZN13CIndicatorLed7triggerEv
                0x00008e84       0x2c ./Sources/main.o
                0x00008e84                CIndicatorLed::trigger()
 .text._ZN13CIndicatorLed4tickEv
                0x00008eb0       0x44 ./Sources/main.o
                0x00008eb0                CIndicatorLed::tick()
 .text._ZN10CI2CDriver8init_txnEv
                0x00008ef4      0x104 ./Sources/main.o
                0x00008ef4                CI2CDriver::init_txn()
 .text._ZN10II2CDriverC2Ev
                0x00008ff8       0x1c ./Sources/main.o
                0x00008ff8                II2CDriver::II2CDriver()
                0x00008ff8                II2CDriver::II2CDriver()
 .text._ZN10CI2CDriverC2Ev
                0x00009014       0x3c ./Sources/main.o
                0x00009014                CI2CDriver::CI2CDriver()
                0x00009014                CI2CDriver::CI2CDriver()
 .text._ZN10CI2CDriver15on_txn_completeEh
                0x00009050       0xb8 ./Sources/main.o
                0x00009050                CI2CDriver::on_txn_complete(unsigned char)
 .text._ZN10CI2CDriver4sendEhPhh
                0x00009108       0xc4 ./Sources/main.o
                0x00009108                CI2CDriver::send(unsigned char, unsigned char*, unsigned char)
 .text._ZN10CI2CDriver7receiveEhhP19II2CMessageListener
                0x000091cc       0xd4 ./Sources/main.o
                0x000091cc                CI2CDriver::receive(unsigned char, unsigned char, II2CMessageListener*)
 .text._ZN19II2CMessageListenerC2Ev
                0x000092a0       0x1c ./Sources/main.o
                0x000092a0                II2CMessageListener::II2CMessageListener()
                0x000092a0                II2CMessageListener::II2CMessageListener()
 .text._ZN9CKeyboardC2Ev
                0x000092bc       0x38 ./Sources/main.o
                0x000092bc                CKeyboard::CKeyboard()
                0x000092bc                CKeyboard::CKeyboard()
 .text._ZN9CKeyboard10on_i2c_msgEhPhh
                0x000092f4       0x70 ./Sources/main.o
                0x000092f4                CKeyboard::on_i2c_msg(unsigned char, unsigned char*, unsigned char)
 .text._ZN9CKeyboard4tickEv
                0x00009364       0x50 ./Sources/main.o
                0x00009364                CKeyboard::tick()
 .text._ZN8CArpNoteC2Ehh
                0x000093b4       0x4c ./Sources/main.o
                0x000093b4                CArpNote::CArpNote(unsigned char, unsigned char)
                0x000093b4                CArpNote::CArpNote(unsigned char, unsigned char)
 .text._ZN8CArpNoteD2Ev
                0x00009400       0x24 ./Sources/main.o
                0x00009400                CArpNote::~CArpNote()
                0x00009400                CArpNote::~CArpNote()
 .text._ZN8CArpNote3velEv
                0x00009424       0x14 ./Sources/main.o
                0x00009424                CArpNote::vel()
 .text._ZN8CArpNote9midi_noteEi
                0x00009438       0x24 ./Sources/main.o
                0x00009438                CArpNote::midi_note(int)
 .text._ZN8CArpNote3durEv
                0x0000945c       0x14 ./Sources/main.o
                0x0000945c                CArpNote::dur()
 .text._ZN8CArpNote5countEv
                0x00009470       0x14 ./Sources/main.o
                0x00009470                CArpNote::count()
 .text._ZN8CArpNote5cloneEv
                0x00009484       0x64 ./Sources/main.o
                0x00009484                CArpNote::clone()
 .text._ZN8CArpNote9transposeEih
                0x000094e8       0xa4 ./Sources/main.o
                0x000094e8                CArpNote::transpose(int, unsigned char)
 .text._ZN9CArpNotesC2Ev
                0x0000958c       0x1c ./Sources/main.o
                0x0000958c                CArpNotes::CArpNotes()
                0x0000958c                CArpNotes::CArpNotes()
 .text._ZN9CArpNotesD2Ev
                0x000095a8       0x1c ./Sources/main.o
                0x000095a8                CArpNotes::~CArpNotes()
                0x000095a8                CArpNotes::~CArpNotes()
 .text._ZN9CArpNotes5countEv
                0x000095c4       0x18 ./Sources/main.o
                0x000095c4                CArpNotes::count()
 .text._ZN9CArpNotes4noteEi
                0x000095dc       0x2c ./Sources/main.o
                0x000095dc                CArpNotes::note(int)
 .text._ZN9CArpNotes3addEP8CArpNote
                0x00009608       0x4c ./Sources/main.o
                0x00009608                CArpNotes::add(CArpNote*)
 .text._ZN9CArpNotes5clearEv
                0x00009654       0x4c ./Sources/main.o
                0x00009654                CArpNotes::clear()
 .text._ZN15CChordMakerMidi11remove_noteEi
                0x000096a0       0x64 ./Sources/main.o
                0x000096a0                CChordMakerMidi::remove_note(int)
 .text._ZN15CChordMakerMidi7rebuildEv
                0x00009704       0x98 ./Sources/main.o
                0x00009704                CChordMakerMidi::rebuild()
 .text._ZN15CChordMakerMidiC2Ev
                0x0000979c       0x44 ./Sources/main.o
                0x0000979c                CChordMakerMidi::CChordMakerMidi()
                0x0000979c                CChordMakerMidi::CChordMakerMidi()
 .text._ZN15CChordMakerMidi11on_midi_msgEhhhh
                0x000097e0      0x1e8 ./Sources/main.o
                0x000097e0                CChordMakerMidi::on_midi_msg(unsigned char, unsigned char, unsigned char, unsigned char)
 .text._ZN15CChordMakerMidi13on_midi_sysexEh
                0x000099c8       0x14 ./Sources/main.o
                0x000099c8                CChordMakerMidi::on_midi_sysex(unsigned char)
 .text._ZN15CChordMakerMidi16on_midi_realtimeEh
                0x000099dc       0x14 ./Sources/main.o
                0x000099dc                CChordMakerMidi::on_midi_realtime(unsigned char)
 .text._ZN20IArpSequenceConsumerC2Ev
                0x000099f0       0x1c ./Sources/main.o
                0x000099f0                IArpSequenceConsumer::IArpSequenceConsumer()
                0x000099f0                IArpSequenceConsumer::IArpSequenceConsumer()
 .text._ZN15COctaveExtenderC2Ev
                0x00009a0c       0x34 ./Sources/main.o
                0x00009a0c                COctaveExtender::COctaveExtender()
                0x00009a0c                COctaveExtender::COctaveExtender()
 .text._ZN15COctaveExtender16process_sequenceEP9CArpNotes
                0x00009a40       0xc8 ./Sources/main.o
                0x00009a40                COctaveExtender::process_sequence(CArpNotes*)
 .text._ZN16IArpNoteConsumerC2Ev
                0x00009b08       0x1c ./Sources/main.o
                0x00009b08                IArpNoteConsumer::IArpNoteConsumer()
                0x00009b08                IArpNoteConsumer::IArpNoteConsumer()
 .text._ZN15CNoteOutputMidiC2Ev
                0x00009b24       0x44 ./Sources/main.o
                0x00009b24                CNoteOutputMidi::CNoteOutputMidi()
                0x00009b24                CNoteOutputMidi::CNoteOutputMidi()
 .text._ZN15CNoteOutputMidi9note_stopEv
                0x00009b68       0x9c ./Sources/main.o
                0x00009b68                CNoteOutputMidi::note_stop()
 .text._ZN15CNoteOutputMidi10note_startEP8CArpNote
                0x00009c04       0xf8 ./Sources/main.o
                0x00009c04                CNoteOutputMidi::note_start(CArpNote*)
 .text._ZN15CNoteOutputMidi4tickEv
                0x00009cfc       0x3c ./Sources/main.o
                0x00009cfc                CNoteOutputMidi::tick()
 .text._ZN15CSequencerBasic9play_stepEv
                0x00009d38       0x60 ./Sources/main.o
                0x00009d38                CSequencerBasic::play_step()
 .text._ZN10ISequencerC2Ev
                0x00009d98       0x1c ./Sources/main.o
                0x00009d98                ISequencer::ISequencer()
                0x00009d98                ISequencer::ISequencer()
 .text._ZN15CSequencerBasicC2Ev
                0x00009db4       0x4c ./Sources/main.o
                0x00009db4                CSequencerBasic::CSequencerBasic()
                0x00009db4                CSequencerBasic::CSequencerBasic()
 .text._ZN15CSequencerBasicD2Ev
                0x00009e00       0x50 ./Sources/main.o
                0x00009e00                CSequencerBasic::~CSequencerBasic()
                0x00009e00                CSequencerBasic::~CSequencerBasic()
 .text._ZN15CSequencerBasicD0Ev
                0x00009e50       0x24 ./Sources/main.o
                0x00009e50                CSequencerBasic::~CSequencerBasic()
 .text._ZN15CSequencerBasic16process_sequenceEP9CArpNotes
                0x00009e74       0x34 ./Sources/main.o
                0x00009e74                CSequencerBasic::process_sequence(CArpNotes*)
 .text._ZN15CSequencerBasic15sequencer_startEv
                0x00009ea8       0x2c ./Sources/main.o
                0x00009ea8                CSequencerBasic::sequencer_start()
                0x00009ec4                non-virtual thunk to CSequencerBasic::sequencer_start()
 .text._ZN15CSequencerBasic14sequencer_stopEv
                0x00009ed4       0x38 ./Sources/main.o
                0x00009ed4                CSequencerBasic::sequencer_stop()
                0x00009efc                non-virtual thunk to CSequencerBasic::sequencer_stop()
 .text._ZN15CSequencerBasic18sequencer_continueEv
                0x00009f0c       0x20 ./Sources/main.o
                0x00009f0c                CSequencerBasic::sequencer_continue()
                0x00009f1c                non-virtual thunk to CSequencerBasic::sequencer_continue()
 .text._ZN15CSequencerBasic14sequencer_stepEv
                0x00009f2c       0x60 ./Sources/main.o
                0x00009f2c                CSequencerBasic::sequencer_step()
                0x00009f7c                non-virtual thunk to CSequencerBasic::sequencer_step()
 *fill*         0x00009f8c        0x4 
 .text._ZN14CClockInternalC2Ev
                0x00009f90       0x60 ./Sources/main.o
                0x00009f90                CClockInternal::CClockInternal()
                0x00009f90                CClockInternal::CClockInternal()
 .text._ZN14CClockInternal7set_bpmEd
                0x00009ff0       0x58 ./Sources/main.o
                0x00009ff0                CClockInternal::set_bpm(double)
 .text._ZN14CClockInternal5startEv
                0x0000a048       0x40 ./Sources/main.o
                0x0000a048                CClockInternal::start()
 .text._ZN14CClockInternal3runEm
                0x0000a088       0xd4 ./Sources/main.o
                0x0000a088                CClockInternal::run(unsigned long)
 .text._ZN14IClockListenerC2Ev
                0x0000a15c       0x1c ./Sources/main.o
                0x0000a15c                IClockListener::IClockListener()
                0x0000a15c                IClockListener::IClockListener()
 .text._ZN15CMetronomeBasicC2Ev
                0x0000a178       0x3c ./Sources/main.o
                0x0000a178                CMetronomeBasic::CMetronomeBasic()
                0x0000a178                CMetronomeBasic::CMetronomeBasic()
 .text._ZN15CMetronomeBasic17on_clock_continueEv
                0x0000a1b4       0x30 ./Sources/main.o
                0x0000a1b4                CMetronomeBasic::on_clock_continue()
 .text._ZN15CMetronomeBasic14on_clock_startEv
                0x0000a1e4       0x34 ./Sources/main.o
                0x0000a1e4                CMetronomeBasic::on_clock_start()
 .text._ZN15CMetronomeBasic13on_clock_stopEv
                0x0000a218       0x30 ./Sources/main.o
                0x0000a218                CMetronomeBasic::on_clock_stop()
 .text._ZN15CMetronomeBasic13on_clock_tickEv
                0x0000a248       0x58 ./Sources/main.o
                0x0000a248                CMetronomeBasic::on_clock_tick()
 .text._ZN14CMetronomeBeatC2Ev
                0x0000a2a0       0x2c ./Sources/main.o
                0x0000a2a0                CMetronomeBeat::CMetronomeBeat()
                0x0000a2a0                CMetronomeBeat::CMetronomeBeat()
 .text._ZN14CMetronomeBeat17on_clock_continueEv
                0x0000a2cc       0x10 ./Sources/main.o
                0x0000a2cc                CMetronomeBeat::on_clock_continue()
 .text._ZN14CMetronomeBeat14on_clock_startEv
                0x0000a2dc       0x30 ./Sources/main.o
                0x0000a2dc                CMetronomeBeat::on_clock_start()
 .text._ZN14CMetronomeBeat13on_clock_stopEv
                0x0000a30c       0x10 ./Sources/main.o
                0x0000a30c                CMetronomeBeat::on_clock_stop()
 .text._ZN14CMetronomeBeat13on_clock_tickEv
                0x0000a31c       0x4c ./Sources/main.o
                0x0000a31c                CMetronomeBeat::on_clock_tick()
 .text._ZN10IArpEventsC2Ev
                0x0000a368       0x1c ./Sources/main.o
                0x0000a368                IArpEvents::IArpEvents()
                0x0000a368                IArpEvents::IArpEvents()
 .text._ZN6CArpieC2Ev
                0x0000a384      0x104 ./Sources/main.o
                0x0000a384                CArpie::CArpie()
                0x0000a384                CArpie::CArpie()
 .text._ZN6CArpie4initEv
                0x0000a488       0xb0 ./Sources/main.o
                0x0000a488                CArpie::init()
 .text._ZN6CArpie3runEv
                0x0000a538       0x8c ./Sources/main.o
                0x0000a538                CArpie::run()
 .text._ZN6CArpie7on_tickEv
                0x0000a5c4       0x2c ./Sources/main.o
                0x0000a5c4                CArpie::on_tick()
 .text._ZN6CArpie8on_eventEii
                0x0000a5f0       0x4c ./Sources/main.o
                0x0000a5f0                CArpie::on_event(int, int)
 .text._ZN6CArpie20on_uart0_rx_completeEh
                0x0000a63c       0x28 ./Sources/main.o
                0x0000a63c                CArpie::on_uart0_rx_complete(unsigned char)
 .text._ZN6CArpie19on_i2c_txn_completeEh
                0x0000a664       0x24 ./Sources/main.o
                0x0000a664                CArpie::on_i2c_txn_complete(unsigned char)
 .text._ZN6CArpieD2Ev
                0x0000a688       0x28 ./Sources/main.o
                0x0000a688                CArpie::~CArpie()
                0x0000a688                CArpie::~CArpie()
 .text.main     0x0000a6b0       0x3c ./Sources/main.o
                0x0000a6b0                main
 .text.__copy_rom_section
                0x0000a6ec       0xd8 ./Project_Settings/Startup_Code/startup.o
                0x0000a6ec                __copy_rom_section
 .text.__copy_rom_sections_to_ram
                0x0000a7c4       0x98 ./Project_Settings/Startup_Code/startup.o
                0x0000a7c4                __copy_rom_sections_to_ram
 .text.__init_registers
                0x0000a85c        0x8 ./Project_Settings/Startup_Code/startup.o
                0x0000a85c                __init_registers
 .text.__init_user
                0x0000a864        0x8 ./Project_Settings/Startup_Code/startup.o
                0x0000a864                __init_user
 .text.__thumb_startup
                0x0000a86c       0x30 ./Project_Settings/Startup_Code/startup.o
                0x0000a86c                __thumb_startup
 .text.Cpu_INT_NMIInterrupt
                0x0000a89c        0xc ./Generated_Code/Cpu.o
                0x0000a89c                Cpu_INT_NMIInterrupt
 .text.Cpu_Interrupt
                0x0000a8a8        0xc ./Generated_Code/Cpu.o
                0x0000a8a8                Cpu_Interrupt
 .text.__init_hardware
                0x0000a8b4       0xa0 ./Generated_Code/Cpu.o
                0x0000a8b4                __init_hardware
 .text.PE_low_level_init
                0x0000a954       0x84 ./Generated_Code/Cpu.o
                0x0000a954                PE_low_level_init
 .text.GPIO1_Init
                0x0000a9d8       0x58 ./Generated_Code/GPIO1.o
                0x0000a9d8                GPIO1_Init
 .text.GPIO1_ClearPortBits
                0x0000aa30       0x20 ./Generated_Code/GPIO1.o
                0x0000aa30                GPIO1_ClearPortBits
 .text.GPIO1_SetPortBits
                0x0000aa50       0x20 ./Generated_Code/GPIO1.o
                0x0000aa50                GPIO1_SetPortBits
 .text.GPIO1_SetPortOutputDirection
                0x0000aa70       0x44 ./Generated_Code/GPIO1.o
                0x0000aa70                GPIO1_SetPortOutputDirection
 .text.I2CBus_Interrupt
                0x0000aab4      0x30c ./Generated_Code/I2CBus.o
                0x0000aab4                I2CBus_Interrupt
 .text.I2CBus_Init
                0x0000adc0      0x15c ./Generated_Code/I2CBus.o
                0x0000adc0                I2CBus_Init
 .text.I2CBus_MasterSendBlock
                0x0000af1c      0x19c ./Generated_Code/I2CBus.o
                0x0000af1c                I2CBus_MasterSendBlock
 .text.I2CBus_MasterReceiveBlock
                0x0000b0b8      0x19c ./Generated_Code/I2CBus.o
                0x0000b0b8                I2CBus_MasterReceiveBlock
 .text.I2CBus_SelectSlaveDevice
                0x0000b254      0x100 ./Generated_Code/I2CBus.o
                0x0000b254                I2CBus_SelectSlaveDevice
 .text.TU1_Init
                0x0000b354       0x74 ./Generated_Code/TU1.o
                0x0000b354                TU1_Init
 .text.TU1_Interrupt
                0x0000b3c8       0x34 ./Generated_Code/TU1.o
                0x0000b3c8                TU1_Interrupt
 .text.UART0_Init
                0x0000b3fc      0x15c ./Generated_Code/UART0.o
                0x0000b3fc                UART0_Init
 .text.UART0_ReceiveBlock
                0x0000b558       0x98 ./Generated_Code/UART0.o
                0x0000b558                UART0_ReceiveBlock
 .text.UART0_SendBlock
                0x0000b5f0       0xd4 ./Generated_Code/UART0.o
                0x0000b5f0                UART0_SendBlock
 .text.UART0_GetTxCompleteStatus
                0x0000b6c4       0x34 ./Generated_Code/UART0.o
                0x0000b6c4                UART0_GetTxCompleteStatus
 .text.InterruptRx
                0x0000b6f8       0x58 ./Generated_Code/UART0.o
 .text.InterruptTx
                0x0000b750       0x9c ./Generated_Code/UART0.o
 .text.UART0_Interrupt
                0x0000b7ec      0x12c ./Generated_Code/UART0.o
                0x0000b7ec                UART0_Interrupt
 .text.__cxa_end_cleanup
                0x0000b918        0xc c:/freescale/kds_v3/toolchain/bin/../lib/gcc/arm-none-eabi/4.8.4/../../../../arm-none-eabi/lib/armv6-m\libstdc++_s.a(eh_arm.o)
                0x0000b918                __cxa_end_cleanup
 .text._ZN10__cxxabiv1L24__is_gxx_exception_classEPc
                0x0000b924       0x3a c:/freescale/kds_v3/toolchain/bin/../lib/gcc/arm-none-eabi/4.8.4/../../../../arm-none-eabi/lib/armv6-m\libstdc++_s.a(eh_arm.o)
 *fill*         0x0000b95e        0x2 
 .text.__cxa_type_match
                0x0000b960       0xbc c:/freescale/kds_v3/toolchain/bin/../lib/gcc/arm-none-eabi/4.8.4/../../../../arm-none-eabi/lib/armv6-m\libstdc++_s.a(eh_arm.o)
                0x0000b960                __cxa_type_match
 .text.__cxa_begin_cleanup
                0x0000ba1c       0x38 c:/freescale/kds_v3/toolchain/bin/../lib/gcc/arm-none-eabi/4.8.4/../../../../arm-none-eabi/lib/armv6-m\libstdc++_s.a(eh_arm.o)
                0x0000ba1c                __cxa_begin_cleanup
 .text.__gnu_end_cleanup
                0x0000ba54       0x38 c:/freescale/kds_v3/toolchain/bin/../lib/gcc/arm-none-eabi/4.8.4/../../../../arm-none-eabi/lib/armv6-m\libstdc++_s.a(eh_arm.o)
                0x0000ba54                __gnu_end_cleanup
 .text._ZN10__cxxabiv111__terminateEPFvvE
                0x0000ba8c        0x8 c:/freescale/kds_v3/toolchain/bin/../lib/gcc/arm-none-eabi/4.8.4/../../../../arm-none-eabi/lib/armv6-m\libstdc++_s.a(eh_terminate.o)
                0x0000ba8c                __cxxabiv1::__terminate(void (*)())
 .text._ZSt9terminatev
                0x0000ba94       0x10 c:/freescale/kds_v3/toolchain/bin/../lib/gcc/arm-none-eabi/4.8.4/../../../../arm-none-eabi/lib/armv6-m\libstdc++_s.a(eh_terminate.o)
                0x0000ba94                std::terminate()
 .text._ZN10__cxxabiv112__unexpectedEPFvvE
                0x0000baa4        0x8 c:/freescale/kds_v3/toolchain/bin/../lib/gcc/arm-none-eabi/4.8.4/../../../../arm-none-eabi/lib/armv6-m\libstdc++_s.a(eh_terminate.o)
                0x0000baa4                __cxxabiv1::__unexpected(void (*)())
 .text._ZSt10unexpectedv
                0x0000baac       0x10 c:/freescale/kds_v3/toolchain/bin/../lib/gcc/arm-none-eabi/4.8.4/../../../../arm-none-eabi/lib/armv6-m\libstdc++_s.a(eh_terminate.o)
                0x0000baac                std::unexpected()
 .text._Znwj    0x0000babc       0x28 c:/freescale/kds_v3/toolchain/bin/../lib/gcc/arm-none-eabi/4.8.4/../../../../arm-none-eabi/lib/armv6-m\libstdc++_s.a(new_op.o)
                0x0000babc                operator new(unsigned int)
 .text._ZdlPv   0x0000bae4        0xc c:/freescale/kds_v3/toolchain/bin/../lib/gcc/arm-none-eabi/4.8.4/../../../../arm-none-eabi/lib/armv6-m\libstdc++_s.a(del_op.o)
                0x0000bae4                operator delete(void*)
 .text._ZNK10__cxxabiv117__class_type_info11__do_upcastEPKS0_PPv
                0x0000baf0       0x34 c:/freescale/kds_v3/toolchain/bin/../lib/gcc/arm-none-eabi/4.8.4/../../../../arm-none-eabi/lib/armv6-m\libstdc++_s.a(class_type_info.o)
                0x0000baf0                __cxxabiv1::__class_type_info::__do_upcast(__cxxabiv1::__class_type_info const*, void**) const
 .text._ZNK10__cxxabiv117__class_type_info20__do_find_public_srcEiPKvPKS0_S2_
                0x0000bb24        0xc c:/freescale/kds_v3/toolchain/bin/../lib/gcc/arm-none-eabi/4.8.4/../../../../arm-none-eabi/lib/armv6-m\libstdc++_s.a(class_type_info.o)
                0x0000bb24                __cxxabiv1::__class_type_info::__do_find_public_src(int, void const*, __cxxabiv1::__class_type_info const*, void const*) const
 .text._ZN10__cxxabiv117__class_type_infoD2Ev
                0x0000bb30       0x18 c:/freescale/kds_v3/toolchain/bin/../lib/gcc/arm-none-eabi/4.8.4/../../../../arm-none-eabi/lib/armv6-m\libstdc++_s.a(class_type_info.o)
                0x0000bb30                __cxxabiv1::__class_type_info::~__class_type_info()
                0x0000bb30                __cxxabiv1::__class_type_info::~__class_type_info()
 .text._ZN10__cxxabiv117__class_type_infoD0Ev
                0x0000bb48       0x12 c:/freescale/kds_v3/toolchain/bin/../lib/gcc/arm-none-eabi/4.8.4/../../../../arm-none-eabi/lib/armv6-m\libstdc++_s.a(class_type_info.o)
                0x0000bb48                __cxxabiv1::__class_type_info::~__class_type_info()
 .text._ZNK10__cxxabiv117__class_type_info11__do_upcastEPKS0_PKvRNS0_15__upcast_resultE
                0x0000bb5a       0x20 c:/freescale/kds_v3/toolchain/bin/../lib/gcc/arm-none-eabi/4.8.4/../../../../arm-none-eabi/lib/armv6-m\libstdc++_s.a(class_type_info.o)
                0x0000bb5a                __cxxabiv1::__class_type_info::__do_upcast(__cxxabiv1::__class_type_info const*, void const*, __cxxabiv1::__class_type_info::__upcast_result&) const
 .text._ZNK10__cxxabiv117__class_type_info10__do_catchEPKSt9type_infoPPvj
                0x0000bb7a       0x2a c:/freescale/kds_v3/toolchain/bin/../lib/gcc/arm-none-eabi/4.8.4/../../../../arm-none-eabi/lib/armv6-m\libstdc++_s.a(class_type_info.o)
                0x0000bb7a                __cxxabiv1::__class_type_info::__do_catch(std::type_info const*, void**, unsigned int) const
 .text._ZNK10__cxxabiv117__class_type_info12__do_dyncastEiNS0_10__sub_kindEPKS0_PKvS3_S5_RNS0_16__dyncast_resultE
                0x0000bba4       0x3a c:/freescale/kds_v3/toolchain/bin/../lib/gcc/arm-none-eabi/4.8.4/../../../../arm-none-eabi/lib/armv6-m\libstdc++_s.a(class_type_info.o)
                0x0000bba4                __cxxabiv1::__class_type_info::__do_dyncast(int, __cxxabiv1::__class_type_info::__sub_kind, __cxxabiv1::__class_type_info const*, void const*, __cxxabiv1::__class_type_info const*, void const*, __cxxabiv1::__class_type_info::__dyncast_result&) const
 .text._ZL12read_uleb128PKhPm
                0x0000bbde       0x30 c:/freescale/kds_v3/toolchain/bin/../lib/gcc/arm-none-eabi/4.8.4/../../../../arm-none-eabi/lib/armv6-m\libstdc++_s.a(eh_personality.o)
 .text._ZL12read_sleb128PKhPl
                0x0000bc0e       0x30 c:/freescale/kds_v3/toolchain/bin/../lib/gcc/arm-none-eabi/4.8.4/../../../../arm-none-eabi/lib/armv6-m\libstdc++_s.a(eh_personality.o)
 .text._ZL28read_encoded_value_with_basehjPKhPj
                0x0000bc3e       0xb4 c:/freescale/kds_v3/toolchain/bin/../lib/gcc/arm-none-eabi/4.8.4/../../../../arm-none-eabi/lib/armv6-m\libstdc++_s.a(eh_personality.o)
 .text._ZL21base_of_encoded_valuehP15_Unwind_Context
                0x0000bcf2       0x44 c:/freescale/kds_v3/toolchain/bin/../lib/gcc/arm-none-eabi/4.8.4/../../../../arm-none-eabi/lib/armv6-m\libstdc++_s.a(eh_personality.o)
 .text._ZL18read_encoded_valueP15_Unwind_ContexthPKhPj
                0x0000bd36       0x20 c:/freescale/kds_v3/toolchain/bin/../lib/gcc/arm-none-eabi/4.8.4/../../../../arm-none-eabi/lib/armv6-m\libstdc++_s.a(eh_personality.o)
 .text._ZL17parse_lsda_headerP15_Unwind_ContextPKhP16lsda_header_info
                0x0000bd56       0x5e c:/freescale/kds_v3/toolchain/bin/../lib/gcc/arm-none-eabi/4.8.4/../../../../arm-none-eabi/lib/armv6-m\libstdc++_s.a(eh_personality.o)
 .text._Unwind_GetGR
                0x0000bdb4       0x16 c:/freescale/kds_v3/toolchain/bin/../lib/gcc/arm-none-eabi/4.8.4/../../../../arm-none-eabi/lib/armv6-m\libstdc++_s.a(eh_personality.o)
 .text.__gxx_personality_v0
                0x0000bdca      0x330 c:/freescale/kds_v3/toolchain/bin/../lib/gcc/arm-none-eabi/4.8.4/../../../../arm-none-eabi/lib/armv6-m\libstdc++_s.a(eh_personality.o)
                0x0000bdca                __gxx_personality_v0
 *fill*         0x0000c0fa        0x2 
 .text.__cxa_get_globals
                0x0000c0fc        0x8 c:/freescale/kds_v3/toolchain/bin/../lib/gcc/arm-none-eabi/4.8.4/../../../../arm-none-eabi/lib/armv6-m\libstdc++_s.a(eh_globals.o)
                0x0000c0fc                __cxa_get_globals
 .text._ZN10__cxxabiv121__vmi_class_type_infoD2Ev
                0x0000c104       0x18 c:/freescale/kds_v3/toolchain/bin/../lib/gcc/arm-none-eabi/4.8.4/../../../../arm-none-eabi/lib/armv6-m\libstdc++_s.a(vmi_class_type_info.o)
                0x0000c104                __cxxabiv1::__vmi_class_type_info::~__vmi_class_type_info()
                0x0000c104                __cxxabiv1::__vmi_class_type_info::~__vmi_class_type_info()
 .text._ZN10__cxxabiv121__vmi_class_type_infoD0Ev
                0x0000c11c       0x12 c:/freescale/kds_v3/toolchain/bin/../lib/gcc/arm-none-eabi/4.8.4/../../../../arm-none-eabi/lib/armv6-m\libstdc++_s.a(vmi_class_type_info.o)
                0x0000c11c                __cxxabiv1::__vmi_class_type_info::~__vmi_class_type_info()
 .text._ZNK10__cxxabiv121__vmi_class_type_info20__do_find_public_srcEiPKvPKNS_17__class_type_infoES2_
                0x0000c12e       0x7e c:/freescale/kds_v3/toolchain/bin/../lib/gcc/arm-none-eabi/4.8.4/../../../../arm-none-eabi/lib/armv6-m\libstdc++_s.a(vmi_class_type_info.o)
                0x0000c12e                __cxxabiv1::__vmi_class_type_info::__do_find_public_src(int, void const*, __cxxabiv1::__class_type_info const*, void const*) const
 .text._ZNK10__cxxabiv117__class_type_info17__find_public_srcEiPKvPKS0_S2_
                0x0000c1ac       0x28 c:/freescale/kds_v3/toolchain/bin/../lib/gcc/arm-none-eabi/4.8.4/../../../../arm-none-eabi/lib/armv6-m\libstdc++_s.a(vmi_class_type_info.o)
                0x0000c1ac                __cxxabiv1::__class_type_info::__find_public_src(int, void const*, __cxxabiv1::__class_type_info const*, void const*) const
 .text._ZNK10__cxxabiv121__vmi_class_type_info12__do_dyncastEiNS_17__class_type_info10__sub_kindEPKS1_PKvS4_S6_RNS1_16__dyncast_resultE
                0x0000c1d4      0x274 c:/freescale/kds_v3/toolchain/bin/../lib/gcc/arm-none-eabi/4.8.4/../../../../arm-none-eabi/lib/armv6-m\libstdc++_s.a(vmi_class_type_info.o)
                0x0000c1d4                __cxxabiv1::__vmi_class_type_info::__do_dyncast(int, __cxxabiv1::__class_type_info::__sub_kind, __cxxabiv1::__class_type_info const*, void const*, __cxxabiv1::__class_type_info const*, void const*, __cxxabiv1::__class_type_info::__dyncast_result&) const
 .text._ZNK10__cxxabiv121__vmi_class_type_info11__do_upcastEPKNS_17__class_type_infoEPKvRNS1_15__upcast_resultE
                0x0000c448      0x12a c:/freescale/kds_v3/toolchain/bin/../lib/gcc/arm-none-eabi/4.8.4/../../../../arm-none-eabi/lib/armv6-m\libstdc++_s.a(vmi_class_type_info.o)
                0x0000c448                __cxxabiv1::__vmi_class_type_info::__do_upcast(__cxxabiv1::__class_type_info const*, void const*, __cxxabiv1::__class_type_info::__upcast_result&) const
 .text._ZdaPv   0x0000c572        0x8 c:/freescale/kds_v3/toolchain/bin/../lib/gcc/arm-none-eabi/4.8.4/../../../../arm-none-eabi/lib/armv6-m\libstdc++_s.a(del_opv.o)
                0x0000c572                operator delete[](void*)
 *fill*         0x0000c57a        0x2 
 .text._ZN10__cxxabiv120__si_class_type_infoD2Ev
                0x0000c57c       0x18 c:/freescale/kds_v3/toolchain/bin/../lib/gcc/arm-none-eabi/4.8.4/../../../../arm-none-eabi/lib/armv6-m\libstdc++_s.a(si_class_type_info.o)
                0x0000c57c                __cxxabiv1::__si_class_type_info::~__si_class_type_info()
                0x0000c57c                __cxxabiv1::__si_class_type_info::~__si_class_type_info()
 .text._ZN10__cxxabiv120__si_class_type_infoD0Ev
                0x0000c594       0x12 c:/freescale/kds_v3/toolchain/bin/../lib/gcc/arm-none-eabi/4.8.4/../../../../arm-none-eabi/lib/armv6-m\libstdc++_s.a(si_class_type_info.o)
                0x0000c594                __cxxabiv1::__si_class_type_info::~__si_class_type_info()
 .text._ZNK10__cxxabiv120__si_class_type_info20__do_find_public_srcEiPKvPKNS_17__class_type_infoES2_
                0x0000c5a6       0x32 c:/freescale/kds_v3/toolchain/bin/../lib/gcc/arm-none-eabi/4.8.4/../../../../arm-none-eabi/lib/armv6-m\libstdc++_s.a(si_class_type_info.o)
                0x0000c5a6                __cxxabiv1::__si_class_type_info::__do_find_public_src(int, void const*, __cxxabiv1::__class_type_info const*, void const*) const
 .text._ZNK10__cxxabiv120__si_class_type_info12__do_dyncastEiNS_17__class_type_info10__sub_kindEPKS1_PKvS4_S6_RNS1_16__dyncast_resultE
                0x0000c5d8       0x7c c:/freescale/kds_v3/toolchain/bin/../lib/gcc/arm-none-eabi/4.8.4/../../../../arm-none-eabi/lib/armv6-m\libstdc++_s.a(si_class_type_info.o)
                0x0000c5d8                __cxxabiv1::__si_class_type_info::__do_dyncast(int, __cxxabiv1::__class_type_info::__sub_kind, __cxxabiv1::__class_type_info const*, void const*, __cxxabiv1::__class_type_info const*, void const*, __cxxabiv1::__class_type_info::__dyncast_result&) const
 .text._ZNK10__cxxabiv120__si_class_type_info11__do_upcastEPKNS_17__class_type_infoEPKvRNS1_15__upcast_resultE
                0x0000c654       0x26 c:/freescale/kds_v3/toolchain/bin/../lib/gcc/arm-none-eabi/4.8.4/../../../../arm-none-eabi/lib/armv6-m\libstdc++_s.a(si_class_type_info.o)
                0x0000c654                __cxxabiv1::__si_class_type_info::__do_upcast(__cxxabiv1::__class_type_info const*, void const*, __cxxabiv1::__class_type_info::__upcast_result&) const
 *fill*         0x0000c67a        0x2 
 .text._ZN9__gnu_cxx27__verbose_terminate_handlerEv
                0x0000c67c       0xa0 c:/freescale/kds_v3/toolchain/bin/../lib/gcc/arm-none-eabi/4.8.4/../../../../arm-none-eabi/lib/armv6-m\libstdc++_s.a(vterminate.o)
                0x0000c67c                __gnu_cxx::__verbose_terminate_handler()
 .text.__cxa_current_exception_type
                0x0000c71c       0x1e c:/freescale/kds_v3/toolchain/bin/../lib/gcc/arm-none-eabi/4.8.4/../../../../arm-none-eabi/lib/armv6-m\libstdc++_s.a(eh_type.o)
                0x0000c71c                __cxa_current_exception_type
 *fill*         0x0000c73a        0x2 
 .text.__cxa_pure_virtual
                0x0000c73c       0x14 c:/freescale/kds_v3/toolchain/bin/../lib/gcc/arm-none-eabi/4.8.4/../../../../arm-none-eabi/lib/armv6-m\libstdc++_s.a(pure.o)
                0x0000c73c                __cxa_pure_virtual
 .text._Znaj    0x0000c750        0x8 c:/freescale/kds_v3/toolchain/bin/../lib/gcc/arm-none-eabi/4.8.4/../../../../arm-none-eabi/lib/armv6-m\libstdc++_s.a(new_opv.o)
                0x0000c750                operator new[](unsigned int)
 .text._ZN10__cxxabiv1L24__is_gxx_exception_classEPc
                0x0000c758       0x3a c:/freescale/kds_v3/toolchain/bin/../lib/gcc/arm-none-eabi/4.8.4/../../../../arm-none-eabi/lib/armv6-m\libstdc++_s.a(eh_call.o)
 .text.__cxa_call_terminate
                0x0000c792       0x20 c:/freescale/kds_v3/toolchain/bin/../lib/gcc/arm-none-eabi/4.8.4/../../../../arm-none-eabi/lib/armv6-m\libstdc++_s.a(eh_call.o)
                0x0000c792                __cxa_call_terminate
 .text.__cxa_call_unexpected
                0x0000c7b2       0x2e c:/freescale/kds_v3/toolchain/bin/../lib/gcc/arm-none-eabi/4.8.4/../../../../arm-none-eabi/lib/armv6-m\libstdc++_s.a(eh_call.o)
                0x0000c7b2                __cxa_call_unexpected
 .text._ZN10__cxxabiv1L24__is_gxx_exception_classEPc
                0x0000c7e0       0x3a c:/freescale/kds_v3/toolchain/bin/../lib/gcc/arm-none-eabi/4.8.4/../../../../arm-none-eabi/lib/armv6-m\libstdc++_s.a(eh_catch.o)
 .text.__cxa_begin_catch
                0x0000c81a       0x4e c:/freescale/kds_v3/toolchain/bin/../lib/gcc/arm-none-eabi/4.8.4/../../../../arm-none-eabi/lib/armv6-m\libstdc++_s.a(eh_catch.o)
                0x0000c81a                __cxa_begin_catch
 .text._ZNSt9type_infoD2Ev
                0x0000c868        0xc c:/freescale/kds_v3/toolchain/bin/../lib/gcc/arm-none-eabi/4.8.4/../../../../arm-none-eabi/lib/armv6-m\libstdc++_s.a(tinfo.o)
                0x0000c868                std::type_info::~type_info()
                0x0000c868                std::type_info::~type_info()
 .text._ZNKSt9type_info14__is_pointer_pEv
                0x0000c874        0x4 c:/freescale/kds_v3/toolchain/bin/../lib/gcc/arm-none-eabi/4.8.4/../../../../arm-none-eabi/lib/armv6-m\libstdc++_s.a(tinfo.o)
                0x0000c874                std::type_info::__is_pointer_p() const
 .text._ZNKSt9type_info15__is_function_pEv
                0x0000c878        0x4 c:/freescale/kds_v3/toolchain/bin/../lib/gcc/arm-none-eabi/4.8.4/../../../../arm-none-eabi/lib/armv6-m\libstdc++_s.a(tinfo.o)
                0x0000c878                std::type_info::__is_function_p() const
 .text._ZNKSt9type_info11__do_upcastEPKN10__cxxabiv117__class_type_infoEPPv
                0x0000c87c        0x4 c:/freescale/kds_v3/toolchain/bin/../lib/gcc/arm-none-eabi/4.8.4/../../../../arm-none-eabi/lib/armv6-m\libstdc++_s.a(tinfo.o)
                0x0000c87c                std::type_info::__do_upcast(__cxxabiv1::__class_type_info const*, void**) const
 .text._ZNSt9type_infoD0Ev
                0x0000c880       0x18 c:/freescale/kds_v3/toolchain/bin/../lib/gcc/arm-none-eabi/4.8.4/../../../../arm-none-eabi/lib/armv6-m\libstdc++_s.a(tinfo.o)
                0x0000c880                std::type_info::~type_info()
 .text._ZNKSt9type_infoeqERKS_
                0x0000c898       0x2e c:/freescale/kds_v3/toolchain/bin/../lib/gcc/arm-none-eabi/4.8.4/../../../../arm-none-eabi/lib/armv6-m\libstdc++_s.a(tinfo.o)
                0x0000c898                std::type_info::operator==(std::type_info const&) const
 .text._ZNKSt9type_info10__do_catchEPKS_PPvj
                0x0000c8c6        0x8 c:/freescale/kds_v3/toolchain/bin/../lib/gcc/arm-none-eabi/4.8.4/../../../../arm-none-eabi/lib/armv6-m\libstdc++_s.a(tinfo.o)
                0x0000c8c6                std::type_info::__do_catch(std::type_info const*, void**, unsigned int) const
 .text.abort    0x0000c8ce        0xe c:/freescale/kds_v3/toolchain/bin/../lib/gcc/arm-none-eabi/4.8.4/../../../../arm-none-eabi/lib/armv6-m\libg_s.a(lib_a-abort.o)
                0x0000c8ce                abort
 .text.exit     0x0000c8dc       0x2c c:/freescale/kds_v3/toolchain/bin/../lib/gcc/arm-none-eabi/4.8.4/../../../../arm-none-eabi/lib/armv6-m\libg_s.a(lib_a-exit.o)
                0x0000c8dc                exit
 .text._fputs_r
                0x0000c908       0xa8 c:/freescale/kds_v3/toolchain/bin/../lib/gcc/arm-none-eabi/4.8.4/../../../../arm-none-eabi/lib/armv6-m\libg_s.a(lib_a-fputs.o)
                0x0000c908                _fputs_r
 .text.fputs    0x0000c9b0       0x18 c:/freescale/kds_v3/toolchain/bin/../lib/gcc/arm-none-eabi/4.8.4/../../../../arm-none-eabi/lib/armv6-m\libg_s.a(lib_a-fputs.o)
                0x0000c9b0                fputs
 .text.__libc_init_array
                0x0000c9c8       0x4c c:/freescale/kds_v3/toolchain/bin/../lib/gcc/arm-none-eabi/4.8.4/../../../../arm-none-eabi/lib/armv6-m\libg_s.a(lib_a-init.o)
                0x0000c9c8                __libc_init_array
 .text.malloc   0x0000ca14       0x14 c:/freescale/kds_v3/toolchain/bin/../lib/gcc/arm-none-eabi/4.8.4/../../../../arm-none-eabi/lib/armv6-m\libg_s.a(lib_a-malloc.o)
                0x0000ca14                malloc
 .text.free     0x0000ca28       0x14 c:/freescale/kds_v3/toolchain/bin/../lib/gcc/arm-none-eabi/4.8.4/../../../../arm-none-eabi/lib/armv6-m\libg_s.a(lib_a-malloc.o)
                0x0000ca28                free
 .text.memcmp   0x0000ca3c       0x1e c:/freescale/kds_v3/toolchain/bin/../lib/gcc/arm-none-eabi/4.8.4/../../../../arm-none-eabi/lib/armv6-m\libg_s.a(lib_a-memcmp.o)
                0x0000ca3c                memcmp
 .text.memcpy   0x0000ca5a       0x12 c:/freescale/kds_v3/toolchain/bin/../lib/gcc/arm-none-eabi/4.8.4/../../../../arm-none-eabi/lib/armv6-m\libg_s.a(lib_a-memcpy-stub.o)
                0x0000ca5a                memcpy
 .text.memset   0x0000ca6c       0x10 c:/freescale/kds_v3/toolchain/bin/../lib/gcc/arm-none-eabi/4.8.4/../../../../arm-none-eabi/lib/armv6-m\libg_s.a(lib_a-memset.o)
                0x0000ca6c                memset
 .text._free_r  0x0000ca7c       0x90 c:/freescale/kds_v3/toolchain/bin/../lib/gcc/arm-none-eabi/4.8.4/../../../../arm-none-eabi/lib/armv6-m\libg_s.a(lib_a-nano-freer.o)
                0x0000ca7c                _free_r
 .text._malloc_r
                0x0000cb0c       0xa8 c:/freescale/kds_v3/toolchain/bin/../lib/gcc/arm-none-eabi/4.8.4/../../../../arm-none-eabi/lib/armv6-m\libg_s.a(lib_a-nano-mallocr.o)
                0x0000cb0c                _malloc_r
 .text.realloc  0x0000cbb4       0x18 c:/freescale/kds_v3/toolchain/bin/../lib/gcc/arm-none-eabi/4.8.4/../../../../arm-none-eabi/lib/armv6-m\libg_s.a(lib_a-realloc.o)
                0x0000cbb4                realloc
 .text._sbrk_r  0x0000cbcc       0x24 c:/freescale/kds_v3/toolchain/bin/../lib/gcc/arm-none-eabi/4.8.4/../../../../arm-none-eabi/lib/armv6-m\libg_s.a(lib_a-sbrkr.o)
                0x0000cbcc                _sbrk_r
 .text._raise_r
                0x0000cbf0       0x56 c:/freescale/kds_v3/toolchain/bin/../lib/gcc/arm-none-eabi/4.8.4/../../../../arm-none-eabi/lib/armv6-m\libg_s.a(lib_a-signal.o)
                0x0000cbf0                _raise_r
 *fill*         0x0000cc46        0x2 
 .text.raise    0x0000cc48       0x14 c:/freescale/kds_v3/toolchain/bin/../lib/gcc/arm-none-eabi/4.8.4/../../../../arm-none-eabi/lib/armv6-m\libg_s.a(lib_a-signal.o)
                0x0000cc48                raise
 .text._kill_r  0x0000cc5c       0x24 c:/freescale/kds_v3/toolchain/bin/../lib/gcc/arm-none-eabi/4.8.4/../../../../arm-none-eabi/lib/armv6-m\libg_s.a(lib_a-signalr.o)
                0x0000cc5c                _kill_r
 .text._getpid_r
                0x0000cc80        0x8 c:/freescale/kds_v3/toolchain/bin/../lib/gcc/arm-none-eabi/4.8.4/../../../../arm-none-eabi/lib/armv6-m\libg_s.a(lib_a-signalr.o)
                0x0000cc80                _getpid_r
 .text.sprintf  0x0000cc88       0x44 c:/freescale/kds_v3/toolchain/bin/../lib/gcc/arm-none-eabi/4.8.4/../../../../arm-none-eabi/lib/armv6-m\libg_s.a(lib_a-sprintf.o)
                0x0000cc88                siprintf
                0x0000cc88                sprintf
 .text.strlen   0x0000cccc        0xe c:/freescale/kds_v3/toolchain/bin/../lib/gcc/arm-none-eabi/4.8.4/../../../../arm-none-eabi/lib/armv6-m\libg_s.a(lib_a-strlen.o)
                0x0000cccc                strlen
 .text.strncmp  0x0000ccda       0x2c c:/freescale/kds_v3/toolchain/bin/../lib/gcc/arm-none-eabi/4.8.4/../../../../arm-none-eabi/lib/armv6-m\libg_s.a(lib_a-strncmp.o)
                0x0000ccda                strncmp
 *fill*         0x0000cd06        0x2 
 .text.__ssputs_r
                0x0000cd08       0xc0 c:/freescale/kds_v3/toolchain/bin/../lib/gcc/arm-none-eabi/4.8.4/../../../../arm-none-eabi/lib/armv6-m\libg_s.a(lib_a-svfprintf.o)
                0x0000cd08                __ssputs_r
 .text._svfprintf_r
                0x0000cdc8      0x1e0 c:/freescale/kds_v3/toolchain/bin/../lib/gcc/arm-none-eabi/4.8.4/../../../../arm-none-eabi/lib/armv6-m\libg_s.a(lib_a-svfprintf.o)
                0x0000cdc8                _svfiprintf_r
                0x0000cdc8                _svfprintf_r
 .text.write    0x0000cfa8       0x1c c:/freescale/kds_v3/toolchain/bin/../lib/gcc/arm-none-eabi/4.8.4/../../../../arm-none-eabi/lib/armv6-m\libg_s.a(lib_a-syswrite.o)
                0x0000cfa8                write
 .text._printf_common
                0x0000cfc4       0xe8 c:/freescale/kds_v3/toolchain/bin/../lib/gcc/arm-none-eabi/4.8.4/../../../../arm-none-eabi/lib/armv6-m\libg_s.a(lib_a-vfprintf_i.o)
                0x0000cfc4                _printf_common
 .text._printf_i
                0x0000d0ac      0x22c c:/freescale/kds_v3/toolchain/bin/../lib/gcc/arm-none-eabi/4.8.4/../../../../arm-none-eabi/lib/armv6-m\libg_s.a(lib_a-vfprintf_i.o)
                0x0000d0ac                _printf_i
 .text.__swbuf_r
                0x0000d2d8       0xb0 c:/freescale/kds_v3/toolchain/bin/../lib/gcc/arm-none-eabi/4.8.4/../../../../arm-none-eabi/lib/armv6-m\libg_s.a(lib_a-wbuf.o)
                0x0000d2d8                __swbuf_r
 .text._write_r
                0x0000d388       0x28 c:/freescale/kds_v3/toolchain/bin/../lib/gcc/arm-none-eabi/4.8.4/../../../../arm-none-eabi/lib/armv6-m\libg_s.a(lib_a-writer.o)
                0x0000d388                _write_r
 .text.__swsetup_r
                0x0000d3b0       0xe4 c:/freescale/kds_v3/toolchain/bin/../lib/gcc/arm-none-eabi/4.8.4/../../../../arm-none-eabi/lib/armv6-m\libg_s.a(lib_a-wsetup.o)
                0x0000d3b0                __swsetup_r
 .text.__sflush_r
                0x0000d494      0x112 c:/freescale/kds_v3/toolchain/bin/../lib/gcc/arm-none-eabi/4.8.4/../../../../arm-none-eabi/lib/armv6-m\libg_s.a(lib_a-fflush.o)
                0x0000d494                __sflush_r
 *fill*         0x0000d5a6        0x2 
 .text._fflush_r
                0x0000d5a8       0x58 c:/freescale/kds_v3/toolchain/bin/../lib/gcc/arm-none-eabi/4.8.4/../../../../arm-none-eabi/lib/armv6-m\libg_s.a(lib_a-fflush.o)
                0x0000d5a8                _fflush_r
 .text._cleanup_r
                0x0000d600       0x34 c:/freescale/kds_v3/toolchain/bin/../lib/gcc/arm-none-eabi/4.8.4/../../../../arm-none-eabi/lib/armv6-m\libg_s.a(lib_a-findfp.o)
                0x0000d600                _cleanup_r
 .text.std.isra.0
                0x0000d634       0x48 c:/freescale/kds_v3/toolchain/bin/../lib/gcc/arm-none-eabi/4.8.4/../../../../arm-none-eabi/lib/armv6-m\libg_s.a(lib_a-findfp.o)
 .text.__sfmoreglue
                0x0000d67c       0x2c c:/freescale/kds_v3/toolchain/bin/../lib/gcc/arm-none-eabi/4.8.4/../../../../arm-none-eabi/lib/armv6-m\libg_s.a(lib_a-findfp.o)
                0x0000d67c                __sfmoreglue
 .text.__sinit  0x0000d6a8       0x64 c:/freescale/kds_v3/toolchain/bin/../lib/gcc/arm-none-eabi/4.8.4/../../../../arm-none-eabi/lib/armv6-m\libg_s.a(lib_a-findfp.o)
                0x0000d6a8                __sinit
 .text.__sfp    0x0000d70c       0x7c c:/freescale/kds_v3/toolchain/bin/../lib/gcc/arm-none-eabi/4.8.4/../../../../arm-none-eabi/lib/armv6-m\libg_s.a(lib_a-findfp.o)
                0x0000d70c                __sfp
 .text.__smakebuf_r
                0x0000d788       0xa0 c:/freescale/kds_v3/toolchain/bin/../lib/gcc/arm-none-eabi/4.8.4/../../../../arm-none-eabi/lib/armv6-m\libg_s.a(lib_a-makebuf.o)
                0x0000d788                __smakebuf_r
 .text.memchr   0x0000d828       0x16 c:/freescale/kds_v3/toolchain/bin/../lib/gcc/arm-none-eabi/4.8.4/../../../../arm-none-eabi/lib/armv6-m\libg_s.a(lib_a-memchr-stub.o)
                0x0000d828                memchr
 .text.memmove  0x0000d83e       0x32 c:/freescale/kds_v3/toolchain/bin/../lib/gcc/arm-none-eabi/4.8.4/../../../../arm-none-eabi/lib/armv6-m\libg_s.a(lib_a-memmove.o)
                0x0000d83e                memmove
 .text._realloc_r
                0x0000d870       0x4c c:/freescale/kds_v3/toolchain/bin/../lib/gcc/arm-none-eabi/4.8.4/../../../../arm-none-eabi/lib/armv6-m\libg_s.a(lib_a-nano-reallocr.o)
                0x0000d870                _realloc_r
 .text.__sread  0x0000d8bc       0x28 c:/freescale/kds_v3/toolchain/bin/../lib/gcc/arm-none-eabi/4.8.4/../../../../arm-none-eabi/lib/armv6-m\libg_s.a(lib_a-stdio.o)
                0x0000d8bc                __sread
 .text.__swrite
                0x0000d8e4       0x38 c:/freescale/kds_v3/toolchain/bin/../lib/gcc/arm-none-eabi/4.8.4/../../../../arm-none-eabi/lib/armv6-m\libg_s.a(lib_a-stdio.o)
                0x0000d8e4                __swrite
 .text.__sseek  0x0000d91c       0x2c c:/freescale/kds_v3/toolchain/bin/../lib/gcc/arm-none-eabi/4.8.4/../../../../arm-none-eabi/lib/armv6-m\libg_s.a(lib_a-stdio.o)
                0x0000d91c                __sseek
 .text.__sclose
                0x0000d948        0xc c:/freescale/kds_v3/toolchain/bin/../lib/gcc/arm-none-eabi/4.8.4/../../../../arm-none-eabi/lib/armv6-m\libg_s.a(lib_a-stdio.o)
                0x0000d948                __sclose
 .text._close_r
                0x0000d954       0x24 c:/freescale/kds_v3/toolchain/bin/../lib/gcc/arm-none-eabi/4.8.4/../../../../arm-none-eabi/lib/armv6-m\libg_s.a(lib_a-closer.o)
                0x0000d954                _close_r
 .text._fstat_r
                0x0000d978       0x24 c:/freescale/kds_v3/toolchain/bin/../lib/gcc/arm-none-eabi/4.8.4/../../../../arm-none-eabi/lib/armv6-m\libg_s.a(lib_a-fstatr.o)
                0x0000d978                _fstat_r
 .text._isatty_r
                0x0000d99c       0x24 c:/freescale/kds_v3/toolchain/bin/../lib/gcc/arm-none-eabi/4.8.4/../../../../arm-none-eabi/lib/armv6-m\libg_s.a(lib_a-isattyr.o)
                0x0000d99c                _isatty_r
 .text._lseek_r
                0x0000d9c0       0x28 c:/freescale/kds_v3/toolchain/bin/../lib/gcc/arm-none-eabi/4.8.4/../../../../arm-none-eabi/lib/armv6-m\libg_s.a(lib_a-lseekr.o)
                0x0000d9c0                _lseek_r
 .text._malloc_usable_size_r
                0x0000d9e8       0x12 c:/freescale/kds_v3/toolchain/bin/../lib/gcc/arm-none-eabi/4.8.4/../../../../arm-none-eabi/lib/armv6-m\libg_s.a(lib_a-nano-msizer.o)
                0x0000d9e8                _malloc_usable_size_r
 *fill*         0x0000d9fa        0x2 
 .text._read_r  0x0000d9fc       0x28 c:/freescale/kds_v3/toolchain/bin/../lib/gcc/arm-none-eabi/4.8.4/../../../../arm-none-eabi/lib/armv6-m\libg_s.a(lib_a-readr.o)
                0x0000d9fc                _read_r
 .text._close   0x0000da24       0x10 c:/freescale/kds_v3/toolchain/bin/../lib/gcc/arm-none-eabi/4.8.4/../../../../arm-none-eabi/lib/armv6-m\libnosys.a(close.o)
                0x0000da24                _close
 .text._fstat   0x0000da34       0x10 c:/freescale/kds_v3/toolchain/bin/../lib/gcc/arm-none-eabi/4.8.4/../../../../arm-none-eabi/lib/armv6-m\libnosys.a(fstat.o)
                0x0000da34                _fstat
 .text._getpid  0x0000da44       0x10 c:/freescale/kds_v3/toolchain/bin/../lib/gcc/arm-none-eabi/4.8.4/../../../../arm-none-eabi/lib/armv6-m\libnosys.a(getpid.o)
                0x0000da44                _getpid
 .text._isatty  0x0000da54       0x10 c:/freescale/kds_v3/toolchain/bin/../lib/gcc/arm-none-eabi/4.8.4/../../../../arm-none-eabi/lib/armv6-m\libnosys.a(isatty.o)
                0x0000da54                _isatty
 .text._kill    0x0000da64       0x10 c:/freescale/kds_v3/toolchain/bin/../lib/gcc/arm-none-eabi/4.8.4/../../../../arm-none-eabi/lib/armv6-m\libnosys.a(kill.o)
                0x0000da64                _kill
 .text._lseek   0x0000da74       0x10 c:/freescale/kds_v3/toolchain/bin/../lib/gcc/arm-none-eabi/4.8.4/../../../../arm-none-eabi/lib/armv6-m\libnosys.a(lseek.o)
                0x0000da74                _lseek
 .text._read    0x0000da84       0x10 c:/freescale/kds_v3/toolchain/bin/../lib/gcc/arm-none-eabi/4.8.4/../../../../arm-none-eabi/lib/armv6-m\libnosys.a(read.o)
                0x0000da84                _read
 .text._sbrk    0x0000da94       0x34 c:/freescale/kds_v3/toolchain/bin/../lib/gcc/arm-none-eabi/4.8.4/../../../../arm-none-eabi/lib/armv6-m\libnosys.a(sbrk.o)
                0x0000da94                _sbrk
 .text._write   0x0000dac8       0x10 c:/freescale/kds_v3/toolchain/bin/../lib/gcc/arm-none-eabi/4.8.4/../../../../arm-none-eabi/lib/armv6-m\libnosys.a(write.o)
                0x0000dac8                _write
 .text._exit    0x0000dad8        0x4 c:/freescale/kds_v3/toolchain/bin/../lib/gcc/arm-none-eabi/4.8.4/../../../../arm-none-eabi/lib/armv6-m\libnosys.a(_exit.o)
                0x0000dad8                _exit
 *(.rodata)
 .rodata        0x0000dadc     0x1020 c:/freescale/kds_v3/toolchain/bin/../lib/gcc/arm-none-eabi/4.8.4/../../../../arm-none-eabi/lib/armv6-m\libstdc++_s.a(cp-demangle.o)
 .rodata        0x0000eafc       0x40 c:/freescale/kds_v3/toolchain/bin/../lib/gcc/arm-none-eabi/4.8.4/armv6-m\libgcc.a(divdf3.o)
 .rodata        0x0000eb3c       0x40 c:/freescale/kds_v3/toolchain/bin/../lib/gcc/arm-none-eabi/4.8.4/armv6-m\libgcc.a(muldf3.o)
 *(.rodata*)
 *fill*         0x0000eb7c        0x4 
 .rodata._ZTV6CArpie
                0x0000eb80       0x18 ./Sources/main.o
                0x0000eb80                vtable for CArpie
 .rodata._ZTV14CMetronomeBeat
                0x0000eb98       0x18 ./Sources/main.o
                0x0000eb98                vtable for CMetronomeBeat
 .rodata._ZTV15CMetronomeBasic
                0x0000ebb0       0x18 ./Sources/main.o
                0x0000ebb0                vtable for CMetronomeBasic
 .rodata._ZTV15CSequencerBasic
                0x0000ebc8       0x40 ./Sources/main.o
                0x0000ebc8                vtable for CSequencerBasic
 .rodata._ZTV15CNoteOutputMidi
                0x0000ec08       0x10 ./Sources/main.o
                0x0000ec08                vtable for CNoteOutputMidi
 .rodata._ZTV15COctaveExtender
                0x0000ec18       0x10 ./Sources/main.o
                0x0000ec18                vtable for COctaveExtender
 .rodata._ZTV15CChordMakerMidi
                0x0000ec28       0x18 ./Sources/main.o
                0x0000ec28                vtable for CChordMakerMidi
 .rodata._ZTV9CKeyboard
                0x0000ec40       0x10 ./Sources/main.o
                0x0000ec40                vtable for CKeyboard
 .rodata._ZTV10CI2CDriver
                0x0000ec50       0x10 ./Sources/main.o
                0x0000ec50                vtable for CI2CDriver
 .rodata._ZTV11CMidiOutput
                0x0000ec60       0x18 ./Sources/main.o
                0x0000ec60                vtable for CMidiOutput
 .rodata._ZTV10IArpEvents
                0x0000ec78       0x18 ./Sources/main.o
                0x0000ec78                vtable for IArpEvents
 .rodata._ZTV16IArpNoteConsumer
                0x0000ec90       0x10 ./Sources/main.o
                0x0000ec90                vtable for IArpNoteConsumer
 .rodata._ZTV20IArpSequenceConsumer
                0x0000eca0       0x10 ./Sources/main.o
                0x0000eca0                vtable for IArpSequenceConsumer
 .rodata._ZTV10ISequencer
                0x0000ecb0       0x18 ./Sources/main.o
                0x0000ecb0                vtable for ISequencer
 .rodata._ZTV14IClockListener
                0x0000ecc8       0x18 ./Sources/main.o
                0x0000ecc8                vtable for IClockListener
 .rodata._ZTV20IMidiMessageListener
                0x0000ece0       0x18 ./Sources/main.o
                0x0000ece0                vtable for IMidiMessageListener
 .rodata._ZTV10II2CDriver
                0x0000ecf8       0x10 ./Sources/main.o
                0x0000ecf8                vtable for II2CDriver
 .rodata._ZTV19II2CMessageListener
                0x0000ed08       0x10 ./Sources/main.o
                0x0000ed08                vtable for II2CMessageListener
 .rodata._ZTS6CArpie
                0x0000ed18        0x8 ./Sources/main.o
                0x0000ed18                typeinfo name for CArpie
 .rodata._ZTI6CArpie
                0x0000ed20        0xc ./Sources/main.o
                0x0000ed20                typeinfo for CArpie
 .rodata._ZTS14CMetronomeBeat
                0x0000ed2c       0x14 ./Sources/main.o
                0x0000ed2c                typeinfo name for CMetronomeBeat
 .rodata._ZTI14CMetronomeBeat
                0x0000ed40        0xc ./Sources/main.o
                0x0000ed40                typeinfo for CMetronomeBeat
 .rodata._ZTS15CMetronomeBasic
                0x0000ed4c       0x14 ./Sources/main.o
                0x0000ed4c                typeinfo name for CMetronomeBasic
 .rodata._ZTI15CMetronomeBasic
                0x0000ed60        0xc ./Sources/main.o
                0x0000ed60                typeinfo for CMetronomeBasic
 .rodata._ZTS15CSequencerBasic
                0x0000ed6c       0x14 ./Sources/main.o
                0x0000ed6c                typeinfo name for CSequencerBasic
 .rodata._ZTI15CSequencerBasic
                0x0000ed80       0x20 ./Sources/main.o
                0x0000ed80                typeinfo for CSequencerBasic
 .rodata._ZTS15CNoteOutputMidi
                0x0000eda0       0x14 ./Sources/main.o
                0x0000eda0                typeinfo name for CNoteOutputMidi
 .rodata._ZTI15CNoteOutputMidi
                0x0000edb4        0xc ./Sources/main.o
                0x0000edb4                typeinfo for CNoteOutputMidi
 .rodata._ZTS15COctaveExtender
                0x0000edc0       0x14 ./Sources/main.o
                0x0000edc0                typeinfo name for COctaveExtender
 .rodata._ZTI15COctaveExtender
                0x0000edd4        0xc ./Sources/main.o
                0x0000edd4                typeinfo for COctaveExtender
 .rodata._ZTS15CChordMakerMidi
                0x0000ede0       0x14 ./Sources/main.o
                0x0000ede0                typeinfo name for CChordMakerMidi
 .rodata._ZTI15CChordMakerMidi
                0x0000edf4        0xc ./Sources/main.o
                0x0000edf4                typeinfo for CChordMakerMidi
 .rodata._ZTS9CKeyboard
                0x0000ee00        0xc ./Sources/main.o
                0x0000ee00                typeinfo name for CKeyboard
 .rodata._ZTI9CKeyboard
                0x0000ee0c        0xc ./Sources/main.o
                0x0000ee0c                typeinfo for CKeyboard
 .rodata._ZTS10CI2CDriver
                0x0000ee18       0x10 ./Sources/main.o
                0x0000ee18                typeinfo name for CI2CDriver
 .rodata._ZTI10CI2CDriver
                0x0000ee28        0xc ./Sources/main.o
                0x0000ee28                typeinfo for CI2CDriver
 .rodata._ZTS11CMidiOutput
                0x0000ee34       0x10 ./Sources/main.o
                0x0000ee34                typeinfo name for CMidiOutput
 .rodata._ZTI11CMidiOutput
                0x0000ee44        0xc ./Sources/main.o
                0x0000ee44                typeinfo for CMidiOutput
 .rodata._ZTS10IArpEvents
                0x0000ee50       0x10 ./Sources/main.o
                0x0000ee50                typeinfo name for IArpEvents
 .rodata._ZTI10IArpEvents
                0x0000ee60        0x8 ./Sources/main.o
                0x0000ee60                typeinfo for IArpEvents
 .rodata._ZTS16IArpNoteConsumer
                0x0000ee68       0x14 ./Sources/main.o
                0x0000ee68                typeinfo name for IArpNoteConsumer
 .rodata._ZTI16IArpNoteConsumer
                0x0000ee7c        0x8 ./Sources/main.o
                0x0000ee7c                typeinfo for IArpNoteConsumer
 .rodata._ZTS20IArpSequenceConsumer
                0x0000ee84       0x18 ./Sources/main.o
                0x0000ee84                typeinfo name for IArpSequenceConsumer
 .rodata._ZTI20IArpSequenceConsumer
                0x0000ee9c        0x8 ./Sources/main.o
                0x0000ee9c                typeinfo for IArpSequenceConsumer
 .rodata._ZTS10ISequencer
                0x0000eea4       0x10 ./Sources/main.o
                0x0000eea4                typeinfo name for ISequencer
 .rodata._ZTI10ISequencer
                0x0000eeb4        0x8 ./Sources/main.o
                0x0000eeb4                typeinfo for ISequencer
 .rodata._ZTS14IClockListener
                0x0000eebc       0x14 ./Sources/main.o
                0x0000eebc                typeinfo name for IClockListener
 .rodata._ZTI14IClockListener
                0x0000eed0        0x8 ./Sources/main.o
                0x0000eed0                typeinfo for IClockListener
 .rodata._ZTS20IMidiMessageListener
                0x0000eed8       0x18 ./Sources/main.o
                0x0000eed8                typeinfo name for IMidiMessageListener
 .rodata._ZTI20IMidiMessageListener
                0x0000eef0        0x8 ./Sources/main.o
                0x0000eef0                typeinfo for IMidiMessageListener
 .rodata._ZTS10II2CDriver
                0x0000eef8       0x10 ./Sources/main.o
                0x0000eef8                typeinfo name for II2CDriver
 .rodata._ZTI10II2CDriver
                0x0000ef08        0x8 ./Sources/main.o
                0x0000ef08                typeinfo for II2CDriver
 .rodata._ZTS19II2CMessageListener
                0x0000ef10       0x18 ./Sources/main.o
                0x0000ef10                typeinfo name for II2CMessageListener
 .rodata._ZTI19II2CMessageListener
                0x0000ef28        0x8 ./Sources/main.o
                0x0000ef28                typeinfo for II2CMessageListener
 .rodata._ZTVN10__cxxabiv117__class_type_infoE
                0x0000ef30       0x30 c:/freescale/kds_v3/toolchain/bin/../lib/gcc/arm-none-eabi/4.8.4/../../../../arm-none-eabi/lib/armv6-m\libstdc++_s.a(class_type_info.o)
                0x0000ef30                vtable for __cxxabiv1::__class_type_info
 .rodata._ZTIN10__cxxabiv117__class_type_infoE
                0x0000ef60        0xc c:/freescale/kds_v3/toolchain/bin/../lib/gcc/arm-none-eabi/4.8.4/../../../../arm-none-eabi/lib/armv6-m\libstdc++_s.a(class_type_info.o)
                0x0000ef60                typeinfo for __cxxabiv1::__class_type_info
 .rodata._ZTSN10__cxxabiv117__class_type_infoE
                0x0000ef6c       0x22 c:/freescale/kds_v3/toolchain/bin/../lib/gcc/arm-none-eabi/4.8.4/../../../../arm-none-eabi/lib/armv6-m\libstdc++_s.a(class_type_info.o)
                0x0000ef6c                typeinfo name for __cxxabiv1::__class_type_info
 *fill*         0x0000ef8e        0x2 
 .rodata._ZTIN10__cxxabiv121__vmi_class_type_infoE
                0x0000ef90        0xc c:/freescale/kds_v3/toolchain/bin/../lib/gcc/arm-none-eabi/4.8.4/../../../../arm-none-eabi/lib/armv6-m\libstdc++_s.a(vmi_class_type_info.o)
                0x0000ef90                typeinfo for __cxxabiv1::__vmi_class_type_info
 .rodata._ZTSN10__cxxabiv121__vmi_class_type_infoE
                0x0000ef9c       0x26 c:/freescale/kds_v3/toolchain/bin/../lib/gcc/arm-none-eabi/4.8.4/../../../../arm-none-eabi/lib/armv6-m\libstdc++_s.a(vmi_class_type_info.o)
                0x0000ef9c                typeinfo name for __cxxabiv1::__vmi_class_type_info
 *fill*         0x0000efc2        0x6 
 .rodata._ZTVN10__cxxabiv121__vmi_class_type_infoE
                0x0000efc8       0x30 c:/freescale/kds_v3/toolchain/bin/../lib/gcc/arm-none-eabi/4.8.4/../../../../arm-none-eabi/lib/armv6-m\libstdc++_s.a(vmi_class_type_info.o)
                0x0000efc8                vtable for __cxxabiv1::__vmi_class_type_info
 .rodata._ZTVN10__cxxabiv120__si_class_type_infoE
                0x0000eff8       0x30 c:/freescale/kds_v3/toolchain/bin/../lib/gcc/arm-none-eabi/4.8.4/../../../../arm-none-eabi/lib/armv6-m\libstdc++_s.a(si_class_type_info.o)
                0x0000eff8                vtable for __cxxabiv1::__si_class_type_info
 .rodata._ZTIN10__cxxabiv120__si_class_type_infoE
                0x0000f028        0xc c:/freescale/kds_v3/toolchain/bin/../lib/gcc/arm-none-eabi/4.8.4/../../../../arm-none-eabi/lib/armv6-m\libstdc++_s.a(si_class_type_info.o)
                0x0000f028                typeinfo for __cxxabiv1::__si_class_type_info
 .rodata._ZTSN10__cxxabiv120__si_class_type_infoE
                0x0000f034       0x25 c:/freescale/kds_v3/toolchain/bin/../lib/gcc/arm-none-eabi/4.8.4/../../../../arm-none-eabi/lib/armv6-m\libstdc++_s.a(si_class_type_info.o)
                0x0000f034                typeinfo name for __cxxabiv1::__si_class_type_info
 .rodata.str1.1
                0x0000f059       0x80 c:/freescale/kds_v3/toolchain/bin/../lib/gcc/arm-none-eabi/4.8.4/../../../../arm-none-eabi/lib/armv6-m\libstdc++_s.a(vterminate.o)
 *fill*         0x0000f0d9        0x3 
 .rodata._ZTIN10__cxxabiv115__forced_unwindE
                0x0000f0dc        0x8 c:/freescale/kds_v3/toolchain/bin/../lib/gcc/arm-none-eabi/4.8.4/../../../../arm-none-eabi/lib/armv6-m\libstdc++_s.a(eh_exception.o)
                0x0000f0dc                typeinfo for __cxxabiv1::__forced_unwind
 .rodata._ZTSN10__cxxabiv119__foreign_exceptionE
                0x0000f0e4       0x24 c:/freescale/kds_v3/toolchain/bin/../lib/gcc/arm-none-eabi/4.8.4/../../../../arm-none-eabi/lib/armv6-m\libstdc++_s.a(eh_exception.o)
                0x0000f0e4                typeinfo name for __cxxabiv1::__foreign_exception
 .rodata._ZTIN10__cxxabiv119__foreign_exceptionE
                0x0000f108        0x8 c:/freescale/kds_v3/toolchain/bin/../lib/gcc/arm-none-eabi/4.8.4/../../../../arm-none-eabi/lib/armv6-m\libstdc++_s.a(eh_exception.o)
                0x0000f108                typeinfo for __cxxabiv1::__foreign_exception
 .rodata._ZTSN10__cxxabiv115__forced_unwindE
                0x0000f110       0x20 c:/freescale/kds_v3/toolchain/bin/../lib/gcc/arm-none-eabi/4.8.4/../../../../arm-none-eabi/lib/armv6-m\libstdc++_s.a(eh_exception.o)
                0x0000f110                typeinfo name for __cxxabiv1::__forced_unwind
 .rodata.str1.1
                0x0000f130       0x3b c:/freescale/kds_v3/toolchain/bin/../lib/gcc/arm-none-eabi/4.8.4/../../../../arm-none-eabi/lib/armv6-m\libstdc++_s.a(pure.o)
 *fill*         0x0000f16b        0x1 
 .rodata.str1.4
                0x0000f16c      0x7f4 c:/freescale/kds_v3/toolchain/bin/../lib/gcc/arm-none-eabi/4.8.4/../../../../arm-none-eabi/lib/armv6-m\libstdc++_s.a(cp-demangle.o)
                                0x840 (size before relaxing)
 .rodata._ZTISt9type_info
                0x0000f960        0x8 c:/freescale/kds_v3/toolchain/bin/../lib/gcc/arm-none-eabi/4.8.4/../../../../arm-none-eabi/lib/armv6-m\libstdc++_s.a(tinfo.o)
                0x0000f960                typeinfo for std::type_info
 .rodata._ZTSSt9type_info
                0x0000f968        0xd c:/freescale/kds_v3/toolchain/bin/../lib/gcc/arm-none-eabi/4.8.4/../../../../arm-none-eabi/lib/armv6-m\libstdc++_s.a(tinfo.o)
                0x0000f968                typeinfo name for std::type_info
 *fill*         0x0000f975        0x3 
 .rodata._ZTVSt9type_info
                0x0000f978       0x20 c:/freescale/kds_v3/toolchain/bin/../lib/gcc/arm-none-eabi/4.8.4/../../../../arm-none-eabi/lib/armv6-m\libstdc++_s.a(tinfo.o)
                0x0000f978                vtable for std::type_info
 .rodata.str1.1
                0x0000f998        0x2 c:/freescale/kds_v3/toolchain/bin/../lib/gcc/arm-none-eabi/4.8.4/../../../../arm-none-eabi/lib/armv6-m\libg_s.a(lib_a-impure.o)
 *fill*         0x0000f99a        0x2 
 .rodata._global_impure_ptr
                0x0000f99c        0x4 c:/freescale/kds_v3/toolchain/bin/../lib/gcc/arm-none-eabi/4.8.4/../../../../arm-none-eabi/lib/armv6-m\libg_s.a(lib_a-impure.o)
                0x0000f99c                _global_impure_ptr
 .rodata.str1.1
                0x0000f9a0       0x11 c:/freescale/kds_v3/toolchain/bin/../lib/gcc/arm-none-eabi/4.8.4/../../../../arm-none-eabi/lib/armv6-m\libg_s.a(lib_a-svfprintf.o)
 .rodata.str1.1
                0x0000f9b1       0x22 c:/freescale/kds_v3/toolchain/bin/../lib/gcc/arm-none-eabi/4.8.4/../../../../arm-none-eabi/lib/armv6-m\libg_s.a(lib_a-vfprintf_i.o)
 *fill*         0x0000f9d3        0x1 
 .rodata.__sf_fake_stdin
                0x0000f9d4       0x20 c:/freescale/kds_v3/toolchain/bin/../lib/gcc/arm-none-eabi/4.8.4/../../../../arm-none-eabi/lib/armv6-m\libg_s.a(lib_a-findfp.o)
                0x0000f9d4                __sf_fake_stdin
 .rodata.__sf_fake_stdout
                0x0000f9f4       0x20 c:/freescale/kds_v3/toolchain/bin/../lib/gcc/arm-none-eabi/4.8.4/../../../../arm-none-eabi/lib/armv6-m\libg_s.a(lib_a-findfp.o)
                0x0000f9f4                __sf_fake_stdout
 .rodata.__sf_fake_stderr
                0x0000fa14       0x20 c:/freescale/kds_v3/toolchain/bin/../lib/gcc/arm-none-eabi/4.8.4/../../../../arm-none-eabi/lib/armv6-m\libg_s.a(lib_a-findfp.o)
                0x0000fa14                __sf_fake_stderr
 *(.glue_7)
 .glue_7        0x00000000        0x0 linker stubs
 *(.glue_7t)
 .glue_7t       0x00000000        0x0 linker stubs
 *(.eh_frame)
 .eh_frame      0x0000fa34        0x0 c:/freescale/kds_v3/toolchain/bin/../lib/gcc/arm-none-eabi/4.8.4/armv6-m/crtbegin.o
 *(.init)
 .init          0x0000fa34        0x4 c:/freescale/kds_v3/toolchain/bin/../lib/gcc/arm-none-eabi/4.8.4/armv6-m/crti.o
                0x0000fa34                _init
 .init          0x0000fa38        0x8 c:/freescale/kds_v3/toolchain/bin/../lib/gcc/arm-none-eabi/4.8.4/armv6-m/crtn.o
 *(.fini)
 .fini          0x0000fa40        0x4 c:/freescale/kds_v3/toolchain/bin/../lib/gcc/arm-none-eabi/4.8.4/armv6-m/crti.o
                0x0000fa40                _fini
 .fini          0x0000fa44        0x8 c:/freescale/kds_v3/toolchain/bin/../lib/gcc/arm-none-eabi/4.8.4/armv6-m/crtn.o
                0x0000fa4c                . = ALIGN (0x4)
                0x0000fa4c                _etext = .

.vfp11_veneer   0x0000fa4c        0x0
 .vfp11_veneer  0x00000000        0x0 linker stubs

.v4_bx          0x0000fa4c        0x0
 .v4_bx         0x00000000        0x0 linker stubs

.iplt           0x0000fa4c        0x0
 .iplt          0x00000000        0x0 c:/freescale/kds_v3/toolchain/bin/../lib/gcc/arm-none-eabi/4.8.4/armv6-m/crtbegin.o

.ARM.extab      0x0000fa4c      0x2a8
 *(.ARM.extab* .gnu.linkonce.armextab.*)
 .ARM.extab.text.TU1_OnCounterRestart
                0x0000fa4c        0xc ./Sources/Events.o
 .ARM.extab.text.UART0_OnBlockReceived
                0x0000fa58        0xc ./Sources/Events.o
 .ARM.extab.text._ZN10CMidiInput16fire_on_realtimeEh
                0x0000fa64        0xc ./Sources/main.o
 .ARM.extab.text._ZN10CMidiInput13fire_on_sysexEh
                0x0000fa70        0xc ./Sources/main.o
 .ARM.extab.text._ZN10CMidiInput11fire_on_msgEv
                0x0000fa7c        0xc ./Sources/main.o
 .ARM.extab.text._ZN10CMidiInputC2Ev
                0x0000fa88        0x0 ./Sources/main.o
 .ARM.extab.text._ZN10CMidiInput6listenEv
                0x0000fa88        0xc ./Sources/main.o
 .ARM.extab.text._ZN10CMidiInput14on_rx_completeEh
                0x0000fa94        0xc ./Sources/main.o
 .ARM.extab.text._ZN10CMidiInput3runEv
                0x0000faa0        0xc ./Sources/main.o
 .ARM.extab.text._ZN11CMidiOutput9init_sendEv
                0x0000faac        0xc ./Sources/main.o
 .ARM.extab.text._ZN11CMidiOutput11buffer_byteEh
                0x0000fab8        0x0 ./Sources/main.o
 .ARM.extab.text._ZN20IMidiMessageListenerC2Ev
                0x0000fab8        0x0 ./Sources/main.o
 .ARM.extab.text._ZN11CMidiOutputC2Ev
                0x0000fab8        0x0 ./Sources/main.o
 .ARM.extab.text._ZN11CMidiOutput11on_midi_msgEhhhh
                0x0000fab8        0x0 ./Sources/main.o
 .ARM.extab.text._ZN11CMidiOutput13on_midi_sysexEh
                0x0000fab8        0x0 ./Sources/main.o
 .ARM.extab.text._ZN11CMidiOutput16on_midi_realtimeEh
                0x0000fab8        0x0 ./Sources/main.o
 .ARM.extab.text._ZN11CMidiOutput3runEv
                0x0000fab8        0xc ./Sources/main.o
 .ARM.extab.text._ZN13CIndicatorLedC2Emi
                0x0000fac4        0x0 ./Sources/main.o
 .ARM.extab.text._ZN13CIndicatorLed7triggerEv
                0x0000fac4        0xc ./Sources/main.o
 .ARM.extab.text._ZN13CIndicatorLed4tickEv
                0x0000fad0        0xc ./Sources/main.o
 .ARM.extab.text._ZN10CI2CDriver8init_txnEv
                0x0000fadc        0xc ./Sources/main.o
 .ARM.extab.text._ZN10II2CDriverC2Ev
                0x0000fae8        0x0 ./Sources/main.o
 .ARM.extab.text._ZN10CI2CDriverC2Ev
                0x0000fae8        0x0 ./Sources/main.o
 .ARM.extab.text._ZN10CI2CDriver15on_txn_completeEh
                0x0000fae8        0xc ./Sources/main.o
 .ARM.extab.text._ZN10CI2CDriver4sendEhPhh
                0x0000faf4        0xc ./Sources/main.o
 .ARM.extab.text._ZN10CI2CDriver7receiveEhhP19II2CMessageListener
                0x0000fb00        0xc ./Sources/main.o
 .ARM.extab.text._ZN19II2CMessageListenerC2Ev
                0x0000fb0c        0x0 ./Sources/main.o
 .ARM.extab.text._ZN9CKeyboardC2Ev
                0x0000fb0c        0x0 ./Sources/main.o
 .ARM.extab.text._ZN9CKeyboard10on_i2c_msgEhPhh
                0x0000fb0c        0x0 ./Sources/main.o
 .ARM.extab.text._ZN9CKeyboard4tickEv
                0x0000fb0c        0xc ./Sources/main.o
 .ARM.extab.text._ZN8CArpNoteC2Ehh
                0x0000fb18        0xc ./Sources/main.o
 .ARM.extab.text._ZN8CArpNoteD2Ev
                0x0000fb24        0x0 ./Sources/main.o
 .ARM.extab.text._ZN8CArpNote3velEv
                0x0000fb24        0x0 ./Sources/main.o
 .ARM.extab.text._ZN8CArpNote9midi_noteEi
                0x0000fb24        0x0 ./Sources/main.o
 .ARM.extab.text._ZN8CArpNote3durEv
                0x0000fb24        0x0 ./Sources/main.o
 .ARM.extab.text._ZN8CArpNote5countEv
                0x0000fb24        0x0 ./Sources/main.o
 .ARM.extab.text._ZN8CArpNote5cloneEv
                0x0000fb24        0xc ./Sources/main.o
 .ARM.extab.text._ZN8CArpNote9transposeEih
                0x0000fb30        0x0 ./Sources/main.o
 .ARM.extab.text._ZN9CArpNotesC2Ev
                0x0000fb30        0x0 ./Sources/main.o
 .ARM.extab.text._ZN9CArpNotesD2Ev
                0x0000fb30        0x0 ./Sources/main.o
 .ARM.extab.text._ZN9CArpNotes5countEv
                0x0000fb30        0x0 ./Sources/main.o
 .ARM.extab.text._ZN9CArpNotes4noteEi
                0x0000fb30        0x0 ./Sources/main.o
 .ARM.extab.text._ZN9CArpNotes3addEP8CArpNote
                0x0000fb30        0x0 ./Sources/main.o
 .ARM.extab.text._ZN9CArpNotes5clearEv
                0x0000fb30        0x0 ./Sources/main.o
 .ARM.extab.text._ZN15CChordMakerMidi11remove_noteEi
                0x0000fb30        0x0 ./Sources/main.o
 .ARM.extab.text._ZN15CChordMakerMidi7rebuildEv
                0x0000fb30       0x20 ./Sources/main.o
 .ARM.extab.text._ZN15CChordMakerMidiC2Ev
                0x0000fb50        0x0 ./Sources/main.o
 .ARM.extab.text._ZN15CChordMakerMidi11on_midi_msgEhhhh
                0x0000fb50        0xc ./Sources/main.o
 .ARM.extab.text._ZN15CChordMakerMidi13on_midi_sysexEh
                0x0000fb5c        0x0 ./Sources/main.o
 .ARM.extab.text._ZN15CChordMakerMidi16on_midi_realtimeEh
                0x0000fb5c        0x0 ./Sources/main.o
 .ARM.extab.text._ZN20IArpSequenceConsumerC2Ev
                0x0000fb5c        0x0 ./Sources/main.o
 .ARM.extab.text._ZN15COctaveExtenderC2Ev
                0x0000fb5c        0x0 ./Sources/main.o
 .ARM.extab.text._ZN15COctaveExtender16process_sequenceEP9CArpNotes
                0x0000fb5c        0xc ./Sources/main.o
 .ARM.extab.text._ZN16IArpNoteConsumerC2Ev
                0x0000fb68        0x0 ./Sources/main.o
 .ARM.extab.text._ZN15CNoteOutputMidiC2Ev
                0x0000fb68        0x0 ./Sources/main.o
 .ARM.extab.text._ZN15CNoteOutputMidi9note_stopEv
                0x0000fb68        0x0 ./Sources/main.o
 .ARM.extab.text._ZN15CNoteOutputMidi10note_startEP8CArpNote
                0x0000fb68        0x0 ./Sources/main.o
 .ARM.extab.text._ZN15CNoteOutputMidi4tickEv
                0x0000fb68        0xc ./Sources/main.o
 .ARM.extab.text._ZN15CSequencerBasic9play_stepEv
                0x0000fb74        0xc ./Sources/main.o
 .ARM.extab.text._ZN10ISequencerC2Ev
                0x0000fb80        0x0 ./Sources/main.o
 .ARM.extab.text._ZN15CSequencerBasicC2Ev
                0x0000fb80        0x0 ./Sources/main.o
 .ARM.extab.text._ZN15CSequencerBasicD2Ev
                0x0000fb80        0x0 ./Sources/main.o
 .ARM.extab.text._ZN15CSequencerBasicD0Ev
                0x0000fb80        0x0 ./Sources/main.o
 .ARM.extab.text._ZN15CSequencerBasic16process_sequenceEP9CArpNotes
                0x0000fb80        0x0 ./Sources/main.o
 .ARM.extab.text._ZN15CSequencerBasic15sequencer_startEv
                0x0000fb80        0xc ./Sources/main.o
 .ARM.extab.text._ZN15CSequencerBasic14sequencer_stopEv
                0x0000fb8c        0xc ./Sources/main.o
 .ARM.extab.text._ZN15CSequencerBasic18sequencer_continueEv
                0x0000fb98        0x0 ./Sources/main.o
 .ARM.extab.text._ZN15CSequencerBasic14sequencer_stepEv
                0x0000fb98        0xc ./Sources/main.o
 .ARM.extab.text._ZN14CClockInternalC2Ev
                0x0000fba4        0x0 ./Sources/main.o
 .ARM.extab.text._ZN14CClockInternal7set_bpmEd
                0x0000fba4        0x0 ./Sources/main.o
 .ARM.extab.text._ZN14CClockInternal5startEv
                0x0000fba4        0xc ./Sources/main.o
 .ARM.extab.text._ZN14CClockInternal3runEm
                0x0000fbb0        0xc ./Sources/main.o
 .ARM.extab.text._ZN14IClockListenerC2Ev
                0x0000fbbc        0x0 ./Sources/main.o
 .ARM.extab.text._ZN15CMetronomeBasicC2Ev
                0x0000fbbc        0x0 ./Sources/main.o
 .ARM.extab.text._ZN15CMetronomeBasic17on_clock_continueEv
                0x0000fbbc        0xc ./Sources/main.o
 .ARM.extab.text._ZN15CMetronomeBasic14on_clock_startEv
                0x0000fbc8        0xc ./Sources/main.o
 .ARM.extab.text._ZN15CMetronomeBasic13on_clock_stopEv
                0x0000fbd4        0xc ./Sources/main.o
 .ARM.extab.text._ZN15CMetronomeBasic13on_clock_tickEv
                0x0000fbe0        0xc ./Sources/main.o
 .ARM.extab.text._ZN14CMetronomeBeatC2Ev
                0x0000fbec        0x0 ./Sources/main.o
 .ARM.extab.text._ZN14CMetronomeBeat17on_clock_continueEv
                0x0000fbec        0x0 ./Sources/main.o
 .ARM.extab.text._ZN14CMetronomeBeat14on_clock_startEv
                0x0000fbec        0xc ./Sources/main.o
 .ARM.extab.text._ZN14CMetronomeBeat13on_clock_stopEv
                0x0000fbf8        0x0 ./Sources/main.o
 .ARM.extab.text._ZN14CMetronomeBeat13on_clock_tickEv
                0x0000fbf8        0xc ./Sources/main.o
 .ARM.extab.text._ZN10IArpEventsC2Ev
                0x0000fc04        0x0 ./Sources/main.o
 .ARM.extab.text._ZN6CArpieC2Ev
                0x0000fc04        0x0 ./Sources/main.o
 .ARM.extab.text._ZN6CArpie4initEv
                0x0000fc04        0xc ./Sources/main.o
 .ARM.extab.text._ZN6CArpie3runEv
                0x0000fc10        0xc ./Sources/main.o
 .ARM.extab.text._ZN6CArpie7on_tickEv
                0x0000fc1c        0x0 ./Sources/main.o
 .ARM.extab.text._ZN6CArpie8on_eventEii
                0x0000fc1c        0xc ./Sources/main.o
 .ARM.extab.text._ZN6CArpie20on_uart0_rx_completeEh
                0x0000fc28        0xc ./Sources/main.o
 .ARM.extab.text._ZN6CArpie19on_i2c_txn_completeEh
                0x0000fc34        0xc ./Sources/main.o
 .ARM.extab.text._ZN6CArpieD2Ev
                0x0000fc40        0x0 ./Sources/main.o
 .ARM.extab.text.main
                0x0000fc40       0x18 ./Sources/main.o
 .ARM.extab     0x0000fc58       0x6c c:/freescale/kds_v3/toolchain/bin/../lib/gcc/arm-none-eabi/4.8.4/armv6-m\libgcc.a(unwind-arm.o)
 .ARM.extab     0x0000fcc4       0x30 c:/freescale/kds_v3/toolchain/bin/../lib/gcc/arm-none-eabi/4.8.4/armv6-m\libgcc.a(pr-support.o)

.ARM            0x0000fcf4      0x2f8
                0x0000fcf4                __exidx_start = .
 *(.ARM.exidx*)
 .ARM.exidx     0x0000fcf4        0x8 c:/freescale/kds_v3/toolchain/bin/../lib/gcc/arm-none-eabi/4.8.4/../../../../arm-none-eabi/lib/armv6-m/crt0.o
 .ARM.exidx.text.Cpu_OnNMIINT
                0x0000fdd4        0x0 ./Sources/Events.o
                                  0x8 (size before relaxing)
 .ARM.exidx.text.I2CBus_OnMasterBlockSent
                0x0000fdd4        0x0 ./Sources/Events.o
                                  0x8 (size before relaxing)
 .ARM.exidx.text.I2CBus_OnMasterBlockReceived
                0x0000fdd4        0x0 ./Sources/Events.o
                                  0x8 (size before relaxing)
 .ARM.exidx.text.I2CBus_OnError
                0x0000fdd4        0x0 ./Sources/Events.o
                                  0x8 (size before relaxing)
 .ARM.exidx.text.TU1_OnCounterRestart
                0x0000fdd4        0x8 ./Sources/Events.o
 .ARM.exidx.text.UART0_OnBlockReceived
                0x0000fddc        0x8 ./Sources/Events.o
 .ARM.exidx.text.UART0_OnBlockSent
                0x0000fde4        0x8 ./Sources/Events.o
 .ARM.exidx.text.UART0_OnBreak
                0x0000fdec        0x0 ./Sources/Events.o
                                  0x8 (size before relaxing)
 .ARM.exidx.text.UART0_OnError
                0x0000fdec        0x0 ./Sources/Events.o
                                  0x8 (size before relaxing)
 .ARM.exidx.text.UART0_OnTxComplete
                0x0000fdec        0x0 ./Sources/Events.o
                                  0x8 (size before relaxing)
 .ARM.exidx.text._ZN10CMidiInput16fire_on_realtimeEh
                0x0000fdec        0x8 ./Sources/main.o
 .ARM.exidx.text._ZN10CMidiInput13fire_on_sysexEh
                0x0000fdf4        0x8 ./Sources/main.o
 .ARM.exidx.text._ZN10CMidiInput11fire_on_msgEv
                0x0000fdfc        0x8 ./Sources/main.o
 .ARM.exidx.text._ZN10CMidiInputC2Ev
                0x0000fe04        0x8 ./Sources/main.o
 .ARM.exidx.text._ZN10CMidiInput6listenEv
                0x0000fe0c        0x8 ./Sources/main.o
 .ARM.exidx.text._ZN10CMidiInput14on_rx_completeEh
                0x0000fe14        0x8 ./Sources/main.o
 .ARM.exidx.text._ZN10CMidiInput3runEv
                0x0000fe1c        0x8 ./Sources/main.o
 .ARM.exidx.text._ZN11CMidiOutput9init_sendEv
                0x0000fe24        0x8 ./Sources/main.o
 .ARM.exidx.text._ZN11CMidiOutput11buffer_byteEh
                0x0000fe2c        0x8 ./Sources/main.o
 .ARM.exidx.text._ZN20IMidiMessageListenerC2Ev
                0x0000fe34        0x0 ./Sources/main.o
                                  0x8 (size before relaxing)
 .ARM.exidx.text._ZN11CMidiOutputC2Ev
                0x0000fe34        0x0 ./Sources/main.o
                                  0x8 (size before relaxing)
 .ARM.exidx.text._ZN11CMidiOutput11on_midi_msgEhhhh