Archive member included because of file (symbol)

c:/freescale/kds_v3/toolchain/bin/../lib/gcc/arm-none-eabi/4.8.4/../../../../arm-none-eabi/lib/armv6-m\libstdc++_s.a(class_type_info.o)
                              ./Sources/main.o (vtable for __cxxabiv1::__class_type_info)
c:/freescale/kds_v3/toolchain/bin/../lib/gcc/arm-none-eabi/4.8.4/../../../../arm-none-eabi/lib/armv6-m\libstdc++_s.a(si_class_type_info.o)
                              ./Sources/main.o (vtable for __cxxabiv1::__si_class_type_info)
c:/freescale/kds_v3/toolchain/bin/../lib/gcc/arm-none-eabi/4.8.4/../../../../arm-none-eabi/lib/armv6-m\libstdc++_s.a(pure.o)
                              ./Sources/main.o (__cxa_pure_virtual)
c:/freescale/kds_v3/toolchain/bin/../lib/gcc/arm-none-eabi/4.8.4/../../../../arm-none-eabi/lib/armv6-m\libstdc++_s.a(eh_terminate.o)
                              c:/freescale/kds_v3/toolchain/bin/../lib/gcc/arm-none-eabi/4.8.4/../../../../arm-none-eabi/lib/armv6-m\libstdc++_s.a(pure.o) (std::terminate())
c:/freescale/kds_v3/toolchain/bin/../lib/gcc/arm-none-eabi/4.8.4/../../../../arm-none-eabi/lib/armv6-m\libstdc++_s.a(tinfo.o)
                              c:/freescale/kds_v3/toolchain/bin/../lib/gcc/arm-none-eabi/4.8.4/../../../../arm-none-eabi/lib/armv6-m\libstdc++_s.a(class_type_info.o) (std::type_info::~type_info())
c:/freescale/kds_v3/toolchain/bin/../lib/gcc/arm-none-eabi/4.8.4/../../../../arm-none-eabi/lib/armv6-m\libstdc++_s.a(del_op.o)
                              c:/freescale/kds_v3/toolchain/bin/../lib/gcc/arm-none-eabi/4.8.4/../../../../arm-none-eabi/lib/armv6-m\libstdc++_s.a(class_type_info.o) (operator delete(void*))
c:/freescale/kds_v3/toolchain/bin/../lib/gcc/arm-none-eabi/4.8.4/../../../../arm-none-eabi/lib/armv6-m\libstdc++_s.a(eh_unex_handler.o)
                              c:/freescale/kds_v3/toolchain/bin/../lib/gcc/arm-none-eabi/4.8.4/../../../../arm-none-eabi/lib/armv6-m\libstdc++_s.a(eh_terminate.o) (__cxxabiv1::__unexpected_handler)
c:/freescale/kds_v3/toolchain/bin/../lib/gcc/arm-none-eabi/4.8.4/../../../../arm-none-eabi/lib/armv6-m\libstdc++_s.a(eh_term_handler.o)
                              c:/freescale/kds_v3/toolchain/bin/../lib/gcc/arm-none-eabi/4.8.4/../../../../arm-none-eabi/lib/armv6-m\libstdc++_s.a(eh_terminate.o) (__cxxabiv1::__terminate_handler)
c:/freescale/kds_v3/toolchain/bin/../lib/gcc/arm-none-eabi/4.8.4/../../../../arm-none-eabi/lib/armv6-m\libstdc++_s.a(vterminate.o)
                              c:/freescale/kds_v3/toolchain/bin/../lib/gcc/arm-none-eabi/4.8.4/../../../../arm-none-eabi/lib/armv6-m\libstdc++_s.a(eh_term_handler.o) (__gnu_cxx::__verbose_terminate_handler())
c:/freescale/kds_v3/toolchain/bin/../lib/gcc/arm-none-eabi/4.8.4/../../../../arm-none-eabi/lib/armv6-m\libstdc++_s.a(eh_type.o)
                              c:/freescale/kds_v3/toolchain/bin/../lib/gcc/arm-none-eabi/4.8.4/../../../../arm-none-eabi/lib/armv6-m\libstdc++_s.a(vterminate.o) (__cxa_current_exception_type)
c:/freescale/kds_v3/toolchain/bin/../lib/gcc/arm-none-eabi/4.8.4/../../../../arm-none-eabi/lib/armv6-m\libstdc++_s.a(cp-demangle.o)
                              c:/freescale/kds_v3/toolchain/bin/../lib/gcc/arm-none-eabi/4.8.4/../../../../arm-none-eabi/lib/armv6-m\libstdc++_s.a(vterminate.o) (__cxa_demangle)
c:/freescale/kds_v3/toolchain/bin/../lib/gcc/arm-none-eabi/4.8.4/../../../../arm-none-eabi/lib/armv6-m\libstdc++_s.a(eh_globals.o)
                              c:/freescale/kds_v3/toolchain/bin/../lib/gcc/arm-none-eabi/4.8.4/../../../../arm-none-eabi/lib/armv6-m\libstdc++_s.a(eh_type.o) (__cxa_get_globals)
c:/freescale/kds_v3/toolchain/bin/../lib/gcc/arm-none-eabi/4.8.4/armv6-m\libgcc.a(_udivsi3.o)
                              ./Sources/main.o (__aeabi_uidivmod)
c:/freescale/kds_v3/toolchain/bin/../lib/gcc/arm-none-eabi/4.8.4/armv6-m\libgcc.a(_divsi3.o)
                              ./Sources/main.o (__aeabi_idiv)
c:/freescale/kds_v3/toolchain/bin/../lib/gcc/arm-none-eabi/4.8.4/armv6-m\libgcc.a(_dvmd_tls.o)
                              c:/freescale/kds_v3/toolchain/bin/../lib/gcc/arm-none-eabi/4.8.4/armv6-m\libgcc.a(_udivsi3.o) (__aeabi_idiv0)
c:/freescale/kds_v3/toolchain/bin/../lib/gcc/arm-none-eabi/4.8.4/armv6-m\libgcc.a(unwind-arm.o)
                              ./Sources/Events.o (__aeabi_unwind_cpp_pr1)
c:/freescale/kds_v3/toolchain/bin/../lib/gcc/arm-none-eabi/4.8.4/armv6-m\libgcc.a(libunwind.o)
                              c:/freescale/kds_v3/toolchain/bin/../lib/gcc/arm-none-eabi/4.8.4/armv6-m\libgcc.a(unwind-arm.o) (restore_core_regs)
c:/freescale/kds_v3/toolchain/bin/../lib/gcc/arm-none-eabi/4.8.4/armv6-m\libgcc.a(pr-support.o)
                              c:/freescale/kds_v3/toolchain/bin/../lib/gcc/arm-none-eabi/4.8.4/armv6-m\libgcc.a(unwind-arm.o) (__gnu_unwind_execute)
c:/freescale/kds_v3/toolchain/bin/../lib/gcc/arm-none-eabi/4.8.4/../../../../arm-none-eabi/lib/armv6-m\libg_s.a(lib_a-abort.o)
[...]
Memory Configuration

Name             Origin             Length             Attributes
m_interrupts     0x00000000         0x000000c0         xr
m_text           0x00000410         0x0000fbf0         xr
m_data           0x1ffffc00         0x00001000         rw
m_cfmprotrom     0x00000400         0x00000010         xr
*default*        0x00000000         0xffffffff

Linker script and memory map

LOAD c:/freescale/kds_v3/toolchain/bin/../lib/gcc/arm-none-eabi/4.8.4/armv6-m/crti.o
LOAD c:/freescale/kds_v3/toolchain/bin/../lib/gcc/arm-none-eabi/4.8.4/armv6-m/crtbegin.o
LOAD c:/freescale/kds_v3/toolchain/bin/../lib/gcc/arm-none-eabi/4.8.4/../../../../arm-none-eabi/lib/armv6-m/crt0.o
LOAD ./Sources/Events.o
LOAD ./Sources/main.o
LOAD ./Project_Settings/Startup_Code/startup.o
LOAD ./Generated_Code/Cpu.o
LOAD ./Generated_Code/FLASH1.o
LOAD ./Generated_Code/GPIO1.o
LOAD ./Generated_Code/I2CBus.o
LOAD ./Generated_Code/KBI0.o
LOAD ./Generated_Code/PE_LDD.o
LOAD ./Generated_Code/TU1.o
LOAD ./Generated_Code/UART0.o
LOAD ./Generated_Code/Vectors.o
LOAD c:/freescale/kds_v3/toolchain/bin/../lib/gcc/arm-none-eabi/4.8.4/../../../../arm-none-eabi/lib/armv6-m\libstdc++_s.a
LOAD c:/freescale/kds_v3/toolchain/bin/../lib/gcc/arm-none-eabi/4.8.4/../../../../arm-none-eabi/lib/armv6-m\libm.a
START GROUP
LOAD c:/freescale/kds_v3/toolchain/bin/../lib/gcc/arm-none-eabi/4.8.4/armv6-m\libgcc.a
LOAD c:/freescale/kds_v3/toolchain/bin/../lib/gcc/arm-none-eabi/4.8.4/../../../../arm-none-eabi/lib/armv6-m\libg_s.a
LOAD c:/freescale/kds_v3/toolchain/bin/../lib/gcc/arm-none-eabi/4.8.4/../../../../arm-none-eabi/lib/armv6-m\libc_s.a
END GROUP
START GROUP
LOAD c:/freescale/kds_v3/toolchain/bin/../lib/gcc/arm-none-eabi/4.8.4/armv6-m\libgcc.a
LOAD c:/freescale/kds_v3/toolchain/bin/../lib/gcc/arm-none-eabi/4.8.4/../../../../arm-none-eabi/lib/armv6-m\libc_s.a
LOAD c:/freescale/kds_v3/toolchain/bin/../lib/gcc/arm-none-eabi/4.8.4/../../../../arm-none-eabi/lib/armv6-m\libnosys.a
END GROUP
START GROUP
LOAD c:/freescale/kds_v3/toolchain/bin/../lib/gcc/arm-none-eabi/4.8.4/armv6-m\libgcc.a
LOAD c:/freescale/kds_v3/toolchain/bin/../lib/gcc/arm-none-eabi/4.8.4/../../../../arm-none-eabi/lib/armv6-m\libc_s.a
LOAD c:/freescale/kds_v3/toolchain/bin/../lib/gcc/arm-none-eabi/4.8.4/../../../../arm-none-eabi/lib/armv6-m\libnosys.a
END GROUP
LOAD c:/freescale/kds_v3/toolchain/bin/../lib/gcc/arm-none-eabi/4.8.4/armv6-m/crtend.o
LOAD c:/freescale/kds_v3/toolchain/bin/../lib/gcc/arm-none-eabi/4.8.4/armv6-m/crtn.o
                0x20000c00                _estack = 0x20000c00
                0x20000c00                __SP_INIT = _estack
                0x20000c00                __stack = _estack
                0x00000000                __heap_size = 0x0
                0x00000100                __stack_size = 0x100

.interrupts     0x00000000       0xc0
                0x00000000                __vector_table = .
                0x00000000                . = ALIGN (0x4)
 *(.vectortable)
 .vectortable   0x00000000       0xc0 ./Generated_Code/Vectors.o
                0x00000000                __vect_table
                0x000000c0                . = ALIGN (0x4)

.cfmprotect     0x00000400       0x10
                0x00000400                . = ALIGN (0x4)
 *(.cfmconfig)
 .cfmconfig     0x00000400       0x10 ./Generated_Code/Cpu.o
                0x00000400                _cfm
                0x00000410                . = ALIGN (0x4)

.text           0x00000410     0xc3b8
                0x00000410                . = ALIGN (0x4)
 *(.text)
 .text          0x00000410       0x60 c:/freescale/kds_v3/toolchain/bin/../lib/gcc/arm-none-eabi/4.8.4/armv6-m/crtbegin.o
 .text          0x00000470       0x78 c:/freescale/kds_v3/toolchain/bin/../lib/gcc/arm-none-eabi/4.8.4/../../../../arm-none-eabi/lib/armv6-m/crt0.o
                0x00000470                _start
                0x00000470                _mainCRTStartup
 .text          0x000004e8     0x5d44 c:/freescale/kds_v3/toolchain/bin/../lib/gcc/arm-none-eabi/4.8.4/../../../../arm-none-eabi/lib/armv6-m\libstdc++_s.a(cp-demangle.o)
                0x00006144                __cxa_demangle
                0x00006208                __gcclibcxx_demangle_callback
 .text          0x0000622c       0x9c c:/freescale/kds_v3/toolchain/bin/../lib/gcc/arm-none-eabi/4.8.4/armv6-m\libgcc.a(_udivsi3.o)
                0x0000622c                __aeabi_uidiv
                0x0000622c                __udivsi3
                0x000062b4                __aeabi_uidivmod
 .text          0x000062c8       0xc0 c:/freescale/kds_v3/toolchain/bin/../lib/gcc/arm-none-eabi/4.8.4/armv6-m\libgcc.a(_divsi3.o)
                0x000062c8                __divsi3
                0x000062c8                __aeabi_idiv
                0x00006374                __aeabi_idivmod
 .text          0x00006388        0x4 c:/freescale/kds_v3/toolchain/bin/../lib/gcc/arm-none-eabi/4.8.4/armv6-m\libgcc.a(_dvmd_tls.o)
                0x00006388                __aeabi_idiv0
                0x00006388                __aeabi_ldiv0
 .text          0x0000638c      0xa34 c:/freescale/kds_v3/toolchain/bin/../lib/gcc/arm-none-eabi/4.8.4/armv6-m\libgcc.a(unwind-arm.o)
                0x00006664                _Unwind_GetCFA
                0x00006668                __gnu_Unwind_RaiseException
                0x000066b8                __gnu_Unwind_ForcedUnwind
                0x000066cc                __gnu_Unwind_Resume
                0x00006714                __gnu_Unwind_Resume_or_Rethrow
                0x00006730                _Unwind_Complete
                0x00006734                _Unwind_DeleteException
                0x00006744                _Unwind_VRS_Get
                0x00006790                _Unwind_VRS_Set
                0x000067e0                __gnu_Unwind_Backtrace
                0x00006b38                __aeabi_unwind_cpp_pr0
                0x00006b44                __aeabi_unwind_cpp_pr1
                0x00006b50                __aeabi_unwind_cpp_pr2
                0x00006b5c                _Unwind_VRS_Pop
 .text          0x00006dc0      0x144 c:/freescale/kds_v3/toolchain/bin/../lib/gcc/arm-none-eabi/4.8.4/armv6-m\libgcc.a(libunwind.o)
                0x00006dc0                __restore_core_regs
                0x00006dc0                restore_core_regs
                0x00006dec                __gnu_Unwind_Restore_VFP
                0x00006df0                __gnu_Unwind_Save_VFP
                0x00006df4                __gnu_Unwind_Restore_VFP_D
                0x00006df8                __gnu_Unwind_Save_VFP_D
                0x00006dfc                __gnu_Unwind_Restore_VFP_D_16_to_31
                0x00006e00                __gnu_Unwind_Save_VFP_D_16_to_31
                0x00006e04                __gnu_Unwind_Restore_WMMXD
                0x00006e08                __gnu_Unwind_Save_WMMXD
                0x00006e0c                __gnu_Unwind_Restore_WMMXC
                0x00006e10                __gnu_Unwind_Save_WMMXC
                0x00006e14                ___Unwind_RaiseException
                0x00006e14                _Unwind_RaiseException
                0x00006e44                _Unwind_Resume
                0x00006e44                ___Unwind_Resume
                0x00006e74                _Unwind_Resume_or_Rethrow
                0x00006e74                ___Unwind_Resume_or_Rethrow
                0x00006ea4                _Unwind_ForcedUnwind
                0x00006ea4                ___Unwind_ForcedUnwind
                0x00006ed4                ___Unwind_Backtrace
                0x00006ed4                _Unwind_Backtrace
 .text          0x00006f04      0x3a4 c:/freescale/kds_v3/toolchain/bin/../lib/gcc/arm-none-eabi/4.8.4/armv6-m\libgcc.a(pr-support.o)
                0x00006f58                __gnu_unwind_execute
                0x00007250                __gnu_unwind_frame
                0x00007278                _Unwind_GetRegionStart
                0x00007284                _Unwind_GetLanguageSpecificData
                0x00007298                _Unwind_GetDataRelBase
                0x000072a0                _Unwind_GetTextRelBase
 .text          0x000072a8       0x14 c:/freescale/kds_v3/toolchain/bin/../lib/gcc/arm-none-eabi/4.8.4/../../../../arm-none-eabi/lib/armv6-m\libg_s.a(lib_a-strcmp.o)
                0x000072a8                strcmp
 *(.text*)
 .text.Cpu_OnNMIINT
                0x000072bc        0x8 ./Sources/Events.o
                0x000072bc                Cpu_OnNMIINT
 .text.I2CBus_OnMasterBlockSent
                0x000072c4       0x28 ./Sources/Events.o
                0x000072c4                I2CBus_OnMasterBlockSent
 .text.I2CBus_OnMasterBlockReceived
                0x000072ec       0x28 ./Sources/Events.o
                0x000072ec                I2CBus_OnMasterBlockReceived
 .text.I2CBus_OnError
                0x00007314       0x3c ./Sources/Events.o
                0x00007314                I2CBus_OnError
 .text.TU1_OnCounterRestart
                0x00007350       0x24 ./Sources/Events.o
                0x00007350                TU1_OnCounterRestart
 .text.UART0_OnBlockReceived
                0x00007374       0x28 ./Sources/Events.o
                0x00007374                UART0_OnBlockReceived
 .text.UART0_OnBlockSent
                0x0000739c       0x10 ./Sources/Events.o
                0x0000739c                UART0_OnBlockSent
 .text.UART0_OnBreak
                0x000073ac       0x10 ./Sources/Events.o
                0x000073ac                UART0_OnBreak
 .text.UART0_OnError
                0x000073bc       0x10 ./Sources/Events.o
                0x000073bc                UART0_OnError
 .text.UART0_OnTxComplete
                0x000073cc       0x10 ./Sources/Events.o
                0x000073cc                UART0_OnTxComplete
 .text._ZN10CMidiInput16fire_on_realtimeEh
                0x000073dc       0x34 ./Sources/main.o
                0x000073dc                CMidiInput::fire_on_realtime(unsigned char)
 .text._ZN10CMidiInput13fire_on_sysexEh
                0x00007410       0x34 ./Sources/main.o
                0x00007410                CMidiInput::fire_on_sysex(unsigned char)
 .text._ZN10CMidiInput11fire_on_msgEv
                0x00007444       0xa8 ./Sources/main.o
                0x00007444                CMidiInput::fire_on_msg()
 .text._ZN10CMidiInputC2Ev
                0x000074ec       0x50 ./Sources/main.o
                0x000074ec                CMidiInput::CMidiInput()
                0x000074ec                CMidiInput::CMidiInput()
 .text._ZN10CMidiInput6listenEv
                0x0000753c       0x2c ./Sources/main.o
                0x0000753c                CMidiInput::listen()
 .text._ZN10CMidiInput14on_rx_completeEh
                0x00007568       0x84 ./Sources/main.o
                0x00007568                CMidiInput::on_rx_complete(unsigned char)
 .text._ZN10CMidiInput3runEv
                0x000075ec      0x1a0 ./Sources/main.o
                0x000075ec                CMidiInput::run()
 .text._ZN11CMidiOutput9init_sendEv
                0x0000778c       0xac ./Sources/main.o
                0x0000778c                CMidiOutput::init_send()
 .text._ZN11CMidiOutput11buffer_byteEh
                0x00007838       0x50 ./Sources/main.o
                0x00007838                CMidiOutput::buffer_byte(unsigned char)
 .text._ZN20IMidiMessageListenerC2Ev
                0x00007888       0x1c ./Sources/main.o
                0x00007888                IMidiMessageListener::IMidiMessageListener()
                0x00007888                IMidiMessageListener::IMidiMessageListener()
 .text._ZN11CMidiOutputC2Ev
                0x000078a4       0x54 ./Sources/main.o
                0x000078a4                CMidiOutput::CMidiOutput()
                0x000078a4                CMidiOutput::CMidiOutput()
 .text._ZN11CMidiOutput11on_midi_msgEhhhh
                0x000078f8       0x78 ./Sources/main.o
                0x000078f8                CMidiOutput::on_midi_msg(unsigned char, unsigned char, unsigned char, unsigned char)
 .text._ZN11CMidiOutput13on_midi_sysexEh
                0x00007970       0x14 ./Sources/main.o
                0x00007970                CMidiOutput::on_midi_sysex(unsigned char)
 .text._ZN11CMidiOutput16on_midi_realtimeEh
                0x00007984       0x24 ./Sources/main.o
                0x00007984                CMidiOutput::on_midi_realtime(unsigned char)
 .text._ZN11CMidiOutput3runEv
                0x000079a8       0x50 ./Sources/main.o
                0x000079a8                CMidiOutput::run()
 .text._ZN13CIndicatorLedC2Emi
                0x000079f8       0x28 ./Sources/main.o
                0x000079f8                CIndicatorLed::CIndicatorLed(unsigned long, int)
                0x000079f8                CIndicatorLed::CIndicatorLed(unsigned long, int)
 .text._ZN13CIndicatorLed7triggerEv
                0x00007a20       0x2c ./Sources/main.o
                0x00007a20                CIndicatorLed::trigger()
 .text._ZN13CIndicatorLed4tickEv
                0x00007a4c       0x44 ./Sources/main.o
                0x00007a4c                CIndicatorLed::tick()
 .text._ZN10CI2CDriver10fifo_writeEh
                0x00007a90       0x94 ./Sources/main.o
                0x00007a90                CI2CDriver::fifo_write(unsigned char)
 .text._ZN10CI2CDriver9fifo_readEv
                0x00007b24       0x98 ./Sources/main.o
                0x00007b24                CI2CDriver::fifo_read()
 .text._ZN10CI2CDriver9fifo_peekEv
                0x00007bbc       0x3c ./Sources/main.o
                0x00007bbc                CI2CDriver::fifo_peek()
 .text._ZN10CI2CDriver8init_txnEv
                0x00007bf8      0x1b8 ./Sources/main.o
                0x00007bf8                CI2CDriver::init_txn()
 .text._ZN10CI2CDriverC2Ev
                0x00007db0       0x3c ./Sources/main.o
                0x00007db0                CI2CDriver::CI2CDriver()
                0x00007db0                CI2CDriver::CI2CDriver()
 .text._ZN10CI2CDriver16on_read_completeEh
                0x00007dec       0x58 ./Sources/main.o
                0x00007dec                CI2CDriver::on_read_complete(unsigned char)
 .text._ZN10CI2CDriver17on_write_completeEh
                0x00007e44       0x30 ./Sources/main.o
                0x00007e44                CI2CDriver::on_write_complete(unsigned char)
 .text._ZN10CI2CDriver10init_writeEhPhh
                0x00007e74       0xa4 ./Sources/main.o
                0x00007e74                CI2CDriver::init_write(unsigned char, unsigned char*, unsigned char)
 .text._ZN10CI2CDriver9init_readEh
                0x00007f18       0x78 ./Sources/main.o
                0x00007f18                CI2CDriver::init_read(unsigned char)
 .text._ZN10CI2CDriver19is_response_pendingEv
                0x00007f90       0x20 ./Sources/main.o
                0x00007f90                CI2CDriver::is_response_pending()
 .text._ZN10CI2CDriver12get_responseEv
                0x00007fb0       0x2c ./Sources/main.o
                0x00007fb0                CI2CDriver::get_response()
 .text._ZN8CDisplay11show_numberEiP10CI2CDriver
                0x00007fdc       0xf0 ./Sources/main.o
                0x00007fdc                CDisplay::show_number(int, CI2CDriver*)
 .text._ZN8CDisplay10show_digitEPhhh
                0x000080cc       0xc8 ./Sources/main.o
                0x000080cc                CDisplay::show_digit(unsigned char*, unsigned char, unsigned char)
 .text._ZN10IArpEventsC2Ev
                0x00008194       0x1c ./Sources/main.o
                0x00008194                IArpEvents::IArpEvents()
                0x00008194                IArpEvents::IArpEvents()
 .text._ZN6CArpieC2Ev
                0x000081b0       0xa4 ./Sources/main.o
                0x000081b0                CArpie::CArpie()
                0x000081b0                CArpie::CArpie()
 .text._ZN6CArpie4initEv
                0x00008254       0x38 ./Sources/main.o
                0x00008254                CArpie::init()
 .text._ZN6CArpie16handle_key_inputEv
                0x0000828c       0x60 ./Sources/main.o
                0x0000828c                CArpie::handle_key_input()
 .text._ZN6CArpie3runEv
                0x000082ec       0x64 ./Sources/main.o
                0x000082ec                CArpie::run()
 .text._ZN6CArpie7on_tickEv
                0x00008350       0x54 ./Sources/main.o
                0x00008350                CArpie::on_tick()
 .text._ZN6CArpie8on_eventEii
                0x000083a4       0x4c ./Sources/main.o
                0x000083a4                CArpie::on_event(int, int)
 .text._ZN6CArpie20on_uart0_rx_completeEh
                0x000083f0       0x28 ./Sources/main.o
                0x000083f0                CArpie::on_uart0_rx_complete(unsigned char)
 .text._ZN6CArpie20on_i2c_read_completeEh
                0x00008418       0x24 ./Sources/main.o
                0x00008418                CArpie::on_i2c_read_complete(unsigned char)
 .text._ZN6CArpie21on_i2c_write_completeEh
                0x0000843c       0x24 ./Sources/main.o
                0x0000843c                CArpie::on_i2c_write_complete(unsigned char)
 .text.main     0x00008460       0x30 ./Sources/main.o
                0x00008460                main
 .text.__copy_rom_section
                0x00008490       0xd8 ./Project_Settings/Startup_Code/startup.o
                0x00008490                __copy_rom_section
 .text.__copy_rom_sections_to_ram
                0x00008568       0x98 ./Project_Settings/Startup_Code/startup.o
                0x00008568                __copy_rom_sections_to_ram
 .text.__init_registers
                0x00008600        0x8 ./Project_Settings/Startup_Code/startup.o
                0x00008600                __init_registers
 .text.__init_user
                0x00008608        0x8 ./Project_Settings/Startup_Code/startup.o
                0x00008608                __init_user
 .text.__thumb_startup
                0x00008610       0x30 ./Project_Settings/Startup_Code/startup.o
                0x00008610                __thumb_startup
 .text.Cpu_INT_NMIInterrupt
                0x00008640        0xc ./Generated_Code/Cpu.o
                0x00008640                Cpu_INT_NMIInterrupt
 .text.Cpu_Interrupt
                0x0000864c        0xc ./Generated_Code/Cpu.o
                0x0000864c                Cpu_Interrupt
 .text.__init_hardware
                0x00008658       0xa0 ./Generated_Code/Cpu.o
                0x00008658                __init_hardware
 .text.PE_low_level_init
                0x000086f8       0xac ./Generated_Code/Cpu.o
                0x000086f8                PE_low_level_init
 .text.GPIO1_Init
                0x000087a4       0x58 ./Generated_Code/GPIO1.o
                0x000087a4                GPIO1_Init
 .text.GPIO1_ClearPortBits
                0x000087fc       0x20 ./Generated_Code/GPIO1.o
                0x000087fc                GPIO1_ClearPortBits
 .text.GPIO1_SetPortBits
                0x0000881c       0x20 ./Generated_Code/GPIO1.o
                0x0000881c                GPIO1_SetPortBits
 .text.GPIO1_SetPortOutputDirection
                0x0000883c       0x44 ./Generated_Code/GPIO1.o
                0x0000883c                GPIO1_SetPortOutputDirection
 .text.I2CBus_Interrupt
                0x00008880      0x30c ./Generated_Code/I2CBus.o
                0x00008880                I2CBus_Interrupt
 .text.I2CBus_Init
                0x00008b8c      0x15c ./Generated_Code/I2CBus.o
                0x00008b8c                I2CBus_Init
 .text.I2CBus_MasterSendBlock
                0x00008ce8      0x19c ./Generated_Code/I2CBus.o
                0x00008ce8                I2CBus_MasterSendBlock
 .text.I2CBus_MasterReceiveBlock
                0x00008e84      0x19c ./Generated_Code/I2CBus.o
                0x00008e84                I2CBus_MasterReceiveBlock
 .text.I2CBus_SelectSlaveDevice
                0x00009020      0x100 ./Generated_Code/I2CBus.o
                0x00009020                I2CBus_SelectSlaveDevice
 .text.TU1_Init
                0x00009120       0x74 ./Generated_Code/TU1.o
                0x00009120                TU1_Init
 .text.TU1_Interrupt
                0x00009194       0x34 ./Generated_Code/TU1.o
                0x00009194                TU1_Interrupt
 .text.UART0_Init
                0x000091c8      0x15c ./Generated_Code/UART0.o
                0x000091c8                UART0_Init
 .text.UART0_ReceiveBlock
                0x00009324       0x98 ./Generated_Code/UART0.o
                0x00009324                UART0_ReceiveBlock
 .text.UART0_SendBlock
                0x000093bc       0xd4 ./Generated_Code/UART0.o
                0x000093bc                UART0_SendBlock
 .text.UART0_GetTxCompleteStatus
                0x00009490       0x34 ./Generated_Code/UART0.o
                0x00009490                UART0_GetTxCompleteStatus
 .text.InterruptRx
                0x000094c4       0x58 ./Generated_Code/UART0.o
 .text.InterruptTx
                0x0000951c       0x9c ./Generated_Code/UART0.o
 .text.UART0_Interrupt
                0x000095b8      0x12c ./Generated_Code/UART0.o
                0x000095b8                UART0_Interrupt
 .text._ZNK10__cxxabiv117__class_type_info11__do_upcastEPKS0_PPv
                0x000096e4       0x34 c:/freescale/kds_v3/toolchain/bin/../lib/gcc/arm-none-eabi/4.8.4/../../../../arm-none-eabi/lib/armv6-m\libstdc++_s.a(class_type_info.o)
                0x000096e4                __cxxabiv1::__class_type_info::__do_upcast(__cxxabiv1::__class_type_info const*, void**) const
 .text._ZNK10__cxxabiv117__class_type_info20__do_find_public_srcEiPKvPKS0_S2_
                0x00009718        0xc c:/freescale/kds_v3/toolchain/bin/../lib/gcc/arm-none-eabi/4.8.4/../../../../arm-none-eabi/lib/armv6-m\libstdc++_s.a(class_type_info.o)
                0x00009718                __cxxabiv1::__class_type_info::__do_find_public_src(int, void const*, __cxxabiv1::__class_type_info const*, void const*) const
 .text._ZN10__cxxabiv117__class_type_infoD2Ev
                0x00009724       0x18 c:/freescale/kds_v3/toolchain/bin/../lib/gcc/arm-none-eabi/4.8.4/../../../../arm-none-eabi/lib/armv6-m\libstdc++_s.a(class_type_info.o)
                0x00009724                __cxxabiv1::__class_type_info::~__class_type_info()
                0x00009724                __cxxabiv1::__class_type_info::~__class_type_info()
 .text._ZN10__cxxabiv117__class_type_infoD0Ev
                0x0000973c       0x12 c:/freescale/kds_v3/toolchain/bin/../lib/gcc/arm-none-eabi/4.8.4/../../../../arm-none-eabi/lib/armv6-m\libstdc++_s.a(class_type_info.o)
                0x0000973c                __cxxabiv1::__class_type_info::~__class_type_info()
 .text._ZNK10__cxxabiv117__class_type_info11__do_upcastEPKS0_PKvRNS0_15__upcast_resultE
                0x0000974e       0x20 c:/freescale/kds_v3/toolchain/bin/../lib/gcc/arm-none-eabi/4.8.4/../../../../arm-none-eabi/lib/armv6-m\libstdc++_s.a(class_type_info.o)
                0x0000974e                __cxxabiv1::__class_type_info::__do_upcast(__cxxabiv1::__class_type_info const*, void const*, __cxxabiv1::__class_type_info::__upcast_result&) const
 .text._ZNK10__cxxabiv117__class_type_info10__do_catchEPKSt9type_infoPPvj
                0x0000976e       0x2a c:/freescale/kds_v3/toolchain/bin/../lib/gcc/arm-none-eabi/4.8.4/../../../../arm-none-eabi/lib/armv6-m\libstdc++_s.a(class_type_info.o)
                0x0000976e                __cxxabiv1::__class_type_info::__do_catch(std::type_info const*, void**, unsigned int) const
 .text._ZNK10__cxxabiv117__class_type_info12__do_dyncastEiNS0_10__sub_kindEPKS0_PKvS3_S5_RNS0_16__dyncast_resultE
                0x00009798       0x3a c:/freescale/kds_v3/toolchain/bin/../lib/gcc/arm-none-eabi/4.8.4/../../../../arm-none-eabi/lib/armv6-m\libstdc++_s.a(class_type_info.o)
                0x00009798                __cxxabiv1::__class_type_info::__do_dyncast(int, __cxxabiv1::__class_type_info::__sub_kind, __cxxabiv1::__class_type_info const*, void const*, __cxxabiv1::__class_type_info const*, void const*, __cxxabiv1::__class_type_info::__dyncast_result&) const
 *fill*         0x000097d2        0x2 
 .text._ZN10__cxxabiv120__si_class_type_infoD2Ev
                0x000097d4       0x18 c:/freescale/kds_v3/toolchain/bin/../lib/gcc/arm-none-eabi/4.8.4/../../../../arm-none-eabi/lib/armv6-m\libstdc++_s.a(si_class_type_info.o)
                0x000097d4                __cxxabiv1::__si_class_type_info::~__si_class_type_info()
                0x000097d4                __cxxabiv1::__si_class_type_info::~__si_class_type_info()
 .text._ZN10__cxxabiv120__si_class_type_infoD0Ev
                0x000097ec       0x12 c:/freescale/kds_v3/toolchain/bin/../lib/gcc/arm-none-eabi/4.8.4/../../../../arm-none-eabi/lib/armv6-m\libstdc++_s.a(si_class_type_info.o)
                0x000097ec                __cxxabiv1::__si_class_type_info::~__si_class_type_info()
 .text._ZNK10__cxxabiv120__si_class_type_info20__do_find_public_srcEiPKvPKNS_17__class_type_infoES2_
                0x000097fe       0x32 c:/freescale/kds_v3/toolchain/bin/../lib/gcc/arm-none-eabi/4.8.4/../../../../arm-none-eabi/lib/armv6-m\libstdc++_s.a(si_class_type_info.o)
                0x000097fe                __cxxabiv1::__si_class_type_info::__do_find_public_src(int, void const*, __cxxabiv1::__class_type_info const*, void const*) const
 .text._ZNK10__cxxabiv120__si_class_type_info12__do_dyncastEiNS_17__class_type_info10__sub_kindEPKS1_PKvS4_S6_RNS1_16__dyncast_resultE
                0x00009830       0x7c c:/freescale/kds_v3/toolchain/bin/../lib/gcc/arm-none-eabi/4.8.4/../../../../arm-none-eabi/lib/armv6-m\libstdc++_s.a(si_class_type_info.o)
                0x00009830                __cxxabiv1::__si_class_type_info::__do_dyncast(int, __cxxabiv1::__class_type_info::__sub_kind, __cxxabiv1::__class_type_info const*, void const*, __cxxabiv1::__class_type_info const*, void const*, __cxxabiv1::__class_type_info::__dyncast_result&) const
 .text._ZNK10__cxxabiv120__si_class_type_info11__do_upcastEPKNS_17__class_type_infoEPKvRNS1_15__upcast_resultE
                0x000098ac       0x26 c:/freescale/kds_v3/toolchain/bin/../lib/gcc/arm-none-eabi/4.8.4/../../../../arm-none-eabi/lib/armv6-m\libstdc++_s.a(si_class_type_info.o)
                0x000098ac                __cxxabiv1::__si_class_type_info::__do_upcast(__cxxabiv1::__class_type_info const*, void const*, __cxxabiv1::__class_type_info::__upcast_result&) const
 *fill*         0x000098d2        0x2 
 .text.__cxa_pure_virtual
                0x000098d4       0x14 c:/freescale/kds_v3/toolchain/bin/../lib/gcc/arm-none-eabi/4.8.4/../../../../arm-none-eabi/lib/armv6-m\libstdc++_s.a(pure.o)
                0x000098d4                __cxa_pure_virtual
 .text._ZN10__cxxabiv111__terminateEPFvvE
                0x000098e8        0x8 c:/freescale/kds_v3/toolchain/bin/../lib/gcc/arm-none-eabi/4.8.4/../../../../arm-none-eabi/lib/armv6-m\libstdc++_s.a(eh_terminate.o)
                0x000098e8                __cxxabiv1::__terminate(void (*)())
 .text._ZSt9terminatev
                0x000098f0       0x10 c:/freescale/kds_v3/toolchain/bin/../lib/gcc/arm-none-eabi/4.8.4/../../../../arm-none-eabi/lib/armv6-m\libstdc++_s.a(eh_terminate.o)
                0x000098f0                std::terminate()
 .text._ZNSt9type_infoD2Ev
                0x00009900        0xc c:/freescale/kds_v3/toolchain/bin/../lib/gcc/arm-none-eabi/4.8.4/../../../../arm-none-eabi/lib/armv6-m\libstdc++_s.a(tinfo.o)
                0x00009900                std::type_info::~type_info()
                0x00009900                std::type_info::~type_info()
 .text._ZNKSt9type_info14__is_pointer_pEv
                0x0000990c        0x4 c:/freescale/kds_v3/toolchain/bin/../lib/gcc/arm-none-eabi/4.8.4/../../../../arm-none-eabi/lib/armv6-m\libstdc++_s.a(tinfo.o)
                0x0000990c                std::type_info::__is_pointer_p() const
 .text._ZNKSt9type_info15__is_function_pEv
                0x00009910        0x4 c:/freescale/kds_v3/toolchain/bin/../lib/gcc/arm-none-eabi/4.8.4/../../../../arm-none-eabi/lib/armv6-m\libstdc++_s.a(tinfo.o)
                0x00009910                std::type_info::__is_function_p() const
 .text._ZNKSt9type_info11__do_upcastEPKN10__cxxabiv117__class_type_infoEPPv
                0x00009914        0x4 c:/freescale/kds_v3/toolchain/bin/../lib/gcc/arm-none-eabi/4.8.4/../../../../arm-none-eabi/lib/armv6-m\libstdc++_s.a(tinfo.o)
                0x00009914                std::type_info::__do_upcast(__cxxabiv1::__class_type_info const*, void**) const
 .text._ZNSt9type_infoD0Ev
                0x00009918       0x18 c:/freescale/kds_v3/toolchain/bin/../lib/gcc/arm-none-eabi/4.8.4/../../../../arm-none-eabi/lib/armv6-m\libstdc++_s.a(tinfo.o)
                0x00009918                std::type_info::~type_info()
 .text._ZNKSt9type_infoeqERKS_
                0x00009930       0x2e c:/freescale/kds_v3/toolchain/bin/../lib/gcc/arm-none-eabi/4.8.4/../../../../arm-none-eabi/lib/armv6-m\libstdc++_s.a(tinfo.o)
                0x00009930                std::type_info::operator==(std::type_info const&) const
 .text._ZNKSt9type_info10__do_catchEPKS_PPvj
                0x0000995e        0x8 c:/freescale/kds_v3/toolchain/bin/../lib/gcc/arm-none-eabi/4.8.4/../../../../arm-none-eabi/lib/armv6-m\libstdc++_s.a(tinfo.o)
                0x0000995e                std::type_info::__do_catch(std::type_info const*, void**, unsigned int) const
 .text._ZdlPv   0x00009966        0xc c:/freescale/kds_v3/toolchain/bin/../lib/gcc/arm-none-eabi/4.8.4/../../../../arm-none-eabi/lib/armv6-m\libstdc++_s.a(del_op.o)
                0x00009966                operator delete(void*)
 *fill*         0x00009972        0x2 
 .text._ZN9__gnu_cxx27__verbose_terminate_handlerEv
                0x00009974       0xa0 c:/freescale/kds_v3/toolchain/bin/../lib/gcc/arm-none-eabi/4.8.4/../../../../arm-none-eabi/lib/armv6-m\libstdc++_s.a(vterminate.o)
                0x00009974                __gnu_cxx::__verbose_terminate_handler()
 .text.__cxa_current_exception_type
                0x00009a14       0x1e c:/freescale/kds_v3/toolchain/bin/../lib/gcc/arm-none-eabi/4.8.4/../../../../arm-none-eabi/lib/armv6-m\libstdc++_s.a(eh_type.o)
                0x00009a14                __cxa_current_exception_type
 *fill*         0x00009a32        0x2 
 .text.__cxa_get_globals
                0x00009a34        0x8 c:/freescale/kds_v3/toolchain/bin/../lib/gcc/arm-none-eabi/4.8.4/../../../../arm-none-eabi/lib/armv6-m\libstdc++_s.a(eh_globals.o)
                0x00009a34                __cxa_get_globals
 .text.abort    0x00009a3c        0xe c:/freescale/kds_v3/toolchain/bin/../lib/gcc/arm-none-eabi/4.8.4/../../../../arm-none-eabi/lib/armv6-m\libg_s.a(lib_a-abort.o)
                0x00009a3c                abort
 *fill*         0x00009a4a        0x2 
 .text.exit     0x00009a4c       0x2c c:/freescale/kds_v3/toolchain/bin/../lib/gcc/arm-none-eabi/4.8.4/../../../../arm-none-eabi/lib/armv6-m\libg_s.a(lib_a-exit.o)
                0x00009a4c                exit
 .text._fputs_r
                0x00009a78       0xa8 c:/freescale/kds_v3/toolchain/bin/../lib/gcc/arm-none-eabi/4.8.4/../../../../arm-none-eabi/lib/armv6-m\libg_s.a(lib_a-fputs.o)
                0x00009a78                _fputs_r
 .text.fputs    0x00009b20       0x18 c:/freescale/kds_v3/toolchain/bin/../lib/gcc/arm-none-eabi/4.8.4/../../../../arm-none-eabi/lib/armv6-m\libg_s.a(lib_a-fputs.o)
                0x00009b20                fputs
 .text.__libc_init_array
                0x00009b38       0x4c c:/freescale/kds_v3/toolchain/bin/../lib/gcc/arm-none-eabi/4.8.4/../../../../arm-none-eabi/lib/armv6-m\libg_s.a(lib_a-init.o)
                0x00009b38                __libc_init_array
 .text.free     0x00009b84       0x14 c:/freescale/kds_v3/toolchain/bin/../lib/gcc/arm-none-eabi/4.8.4/../../../../arm-none-eabi/lib/armv6-m\libg_s.a(lib_a-malloc.o)
                0x00009b84                free
 .text.memcmp   0x00009b98       0x1e c:/freescale/kds_v3/toolchain/bin/../lib/gcc/arm-none-eabi/4.8.4/../../../../arm-none-eabi/lib/armv6-m\libg_s.a(lib_a-memcmp.o)
                0x00009b98                memcmp
 .text.memcpy   0x00009bb6       0x12 c:/freescale/kds_v3/toolchain/bin/../lib/gcc/arm-none-eabi/4.8.4/../../../../arm-none-eabi/lib/armv6-m\libg_s.a(lib_a-memcpy-stub.o)
                0x00009bb6                memcpy
 .text.memset   0x00009bc8       0x10 c:/freescale/kds_v3/toolchain/bin/../lib/gcc/arm-none-eabi/4.8.4/../../../../arm-none-eabi/lib/armv6-m\libg_s.a(lib_a-memset.o)
                0x00009bc8                memset
 .text._free_r  0x00009bd8       0x90 c:/freescale/kds_v3/toolchain/bin/../lib/gcc/arm-none-eabi/4.8.4/../../../../arm-none-eabi/lib/armv6-m\libg_s.a(lib_a-nano-freer.o)
                0x00009bd8                _free_r
 .text._malloc_r
                0x00009c68       0xa8 c:/freescale/kds_v3/toolchain/bin/../lib/gcc/arm-none-eabi/4.8.4/../../../../arm-none-eabi/lib/armv6-m\libg_s.a(lib_a-nano-mallocr.o)
                0x00009c68                _malloc_r
 .text.realloc  0x00009d10       0x18 c:/freescale/kds_v3/toolchain/bin/../lib/gcc/arm-none-eabi/4.8.4/../../../../arm-none-eabi/lib/armv6-m\libg_s.a(lib_a-realloc.o)
                0x00009d10                realloc
 .text._sbrk_r  0x00009d28       0x24 c:/freescale/kds_v3/toolchain/bin/../lib/gcc/arm-none-eabi/4.8.4/../../../../arm-none-eabi/lib/armv6-m\libg_s.a(lib_a-sbrkr.o)
                0x00009d28                _sbrk_r
 .text._raise_r
                0x00009d4c       0x56 c:/freescale/kds_v3/toolchain/bin/../lib/gcc/arm-none-eabi/4.8.4/../../../../arm-none-eabi/lib/armv6-m\libg_s.a(lib_a-signal.o)
                0x00009d4c                _raise_r
 *fill*         0x00009da2        0x2 
 .text.raise    0x00009da4       0x14 c:/freescale/kds_v3/toolchain/bin/../lib/gcc/arm-none-eabi/4.8.4/../../../../arm-none-eabi/lib/armv6-m\libg_s.a(lib_a-signal.o)
                0x00009da4                raise
 .text._kill_r  0x00009db8       0x24 c:/freescale/kds_v3/toolchain/bin/../lib/gcc/arm-none-eabi/4.8.4/../../../../arm-none-eabi/lib/armv6-m\libg_s.a(lib_a-signalr.o)
                0x00009db8                _kill_r
 .text._getpid_r
                0x00009ddc        0x8 c:/freescale/kds_v3/toolchain/bin/../lib/gcc/arm-none-eabi/4.8.4/../../../../arm-none-eabi/lib/armv6-m\libg_s.a(lib_a-signalr.o)
                0x00009ddc                _getpid_r
 .text.sprintf  0x00009de4       0x44 c:/freescale/kds_v3/toolchain/bin/../lib/gcc/arm-none-eabi/4.8.4/../../../../arm-none-eabi/lib/armv6-m\libg_s.a(lib_a-sprintf.o)
                0x00009de4                siprintf
                0x00009de4                sprintf
 .text.strlen   0x00009e28        0xe c:/freescale/kds_v3/toolchain/bin/../lib/gcc/arm-none-eabi/4.8.4/../../../../arm-none-eabi/lib/armv6-m\libg_s.a(lib_a-strlen.o)
                0x00009e28                strlen
 .text.strncmp  0x00009e36       0x2c c:/freescale/kds_v3/toolchain/bin/../lib/gcc/arm-none-eabi/4.8.4/../../../../arm-none-eabi/lib/armv6-m\libg_s.a(lib_a-strncmp.o)
                0x00009e36                strncmp
 *fill*         0x00009e62        0x2 
 .text.__ssputs_r
                0x00009e64       0xc0 c:/freescale/kds_v3/toolchain/bin/../lib/gcc/arm-none-eabi/4.8.4/../../../../arm-none-eabi/lib/armv6-m\libg_s.a(lib_a-svfprintf.o)
                0x00009e64                __ssputs_r
 .text._svfprintf_r
                0x00009f24      0x1e0 c:/freescale/kds_v3/toolchain/bin/../lib/gcc/arm-none-eabi/4.8.4/../../../../arm-none-eabi/lib/armv6-m\libg_s.a(lib_a-svfprintf.o)
                0x00009f24                _svfiprintf_r
                0x00009f24                _svfprintf_r
 .text.write    0x0000a104       0x1c c:/freescale/kds_v3/toolchain/bin/../lib/gcc/arm-none-eabi/4.8.4/../../../../arm-none-eabi/lib/armv6-m\libg_s.a(lib_a-syswrite.o)
                0x0000a104                write
 .text._printf_common
                0x0000a120       0xe8 c:/freescale/kds_v3/toolchain/bin/../lib/gcc/arm-none-eabi/4.8.4/../../../../arm-none-eabi/lib/armv6-m\libg_s.a(lib_a-vfprintf_i.o)
                0x0000a120                _printf_common
 .text._printf_i
                0x0000a208      0x22c c:/freescale/kds_v3/toolchain/bin/../lib/gcc/arm-none-eabi/4.8.4/../../../../arm-none-eabi/lib/armv6-m\libg_s.a(lib_a-vfprintf_i.o)
                0x0000a208                _printf_i
 .text.__swbuf_r
                0x0000a434       0xb0 c:/freescale/kds_v3/toolchain/bin/../lib/gcc/arm-none-eabi/4.8.4/../../../../arm-none-eabi/lib/armv6-m\libg_s.a(lib_a-wbuf.o)
                0x0000a434                __swbuf_r
 .text._write_r
                0x0000a4e4       0x28 c:/freescale/kds_v3/toolchain/bin/../lib/gcc/arm-none-eabi/4.8.4/../../../../arm-none-eabi/lib/armv6-m\libg_s.a(lib_a-writer.o)
                0x0000a4e4                _write_r
 .text.__swsetup_r
                0x0000a50c       0xe4 c:/freescale/kds_v3/toolchain/bin/../lib/gcc/arm-none-eabi/4.8.4/../../../../arm-none-eabi/lib/armv6-m\libg_s.a(lib_a-wsetup.o)
                0x0000a50c                __swsetup_r
 .text.__sflush_r
                0x0000a5f0      0x112 c:/freescale/kds_v3/toolchain/bin/../lib/gcc/arm-none-eabi/4.8.4/../../../../arm-none-eabi/lib/armv6-m\libg_s.a(lib_a-fflush.o)
                0x0000a5f0                __sflush_r
 *fill*         0x0000a702        0x2 
 .text._fflush_r
                0x0000a704       0x58 c:/freescale/kds_v3/toolchain/bin/../lib/gcc/arm-none-eabi/4.8.4/../../../../arm-none-eabi/lib/armv6-m\libg_s.a(lib_a-fflush.o)
                0x0000a704                _fflush_r
 .text._cleanup_r
                0x0000a75c       0x34 c:/freescale/kds_v3/toolchain/bin/../lib/gcc/arm-none-eabi/4.8.4/../../../../arm-none-eabi/lib/armv6-m\libg_s.a(lib_a-findfp.o)
                0x0000a75c                _cleanup_r
 .text.std.isra.0
                0x0000a790       0x48 c:/freescale/kds_v3/toolchain/bin/../lib/gcc/arm-none-eabi/4.8.4/../../../../arm-none-eabi/lib/armv6-m\libg_s.a(lib_a-findfp.o)
 .text.__sfmoreglue
                0x0000a7d8       0x2c c:/freescale/kds_v3/toolchain/bin/../lib/gcc/arm-none-eabi/4.8.4/../../../../arm-none-eabi/lib/armv6-m\libg_s.a(lib_a-findfp.o)
                0x0000a7d8                __sfmoreglue
 .text.__sinit  0x0000a804       0x64 c:/freescale/kds_v3/toolchain/bin/../lib/gcc/arm-none-eabi/4.8.4/../../../../arm-none-eabi/lib/armv6-m\libg_s.a(lib_a-findfp.o)
                0x0000a804                __sinit
 .text.__sfp    0x0000a868       0x7c c:/freescale/kds_v3/toolchain/bin/../lib/gcc/arm-none-eabi/4.8.4/../../../../arm-none-eabi/lib/armv6-m\libg_s.a(lib_a-findfp.o)
                0x0000a868                __sfp
 .text.__smakebuf_r
                0x0000a8e4       0xa0 c:/freescale/kds_v3/toolchain/bin/../lib/gcc/arm-none-eabi/4.8.4/../../../../arm-none-eabi/lib/armv6-m\libg_s.a(lib_a-makebuf.o)
                0x0000a8e4                __smakebuf_r
 .text.memchr   0x0000a984       0x16 c:/freescale/kds_v3/toolchain/bin/../lib/gcc/arm-none-eabi/4.8.4/../../../../arm-none-eabi/lib/armv6-m\libg_s.a(lib_a-memchr-stub.o)
                0x0000a984                memchr
 .text.memmove  0x0000a99a       0x32 c:/freescale/kds_v3/toolchain/bin/../lib/gcc/arm-none-eabi/4.8.4/../../../../arm-none-eabi/lib/armv6-m\libg_s.a(lib_a-memmove.o)
                0x0000a99a                memmove
 .text._realloc_r
                0x0000a9cc       0x4c c:/freescale/kds_v3/toolchain/bin/../lib/gcc/arm-none-eabi/4.8.4/../../../../arm-none-eabi/lib/armv6-m\libg_s.a(lib_a-nano-reallocr.o)
                0x0000a9cc                _realloc_r
 .text.__sread  0x0000aa18       0x28 c:/freescale/kds_v3/toolchain/bin/../lib/gcc/arm-none-eabi/4.8.4/../../../../arm-none-eabi/lib/armv6-m\libg_s.a(lib_a-stdio.o)
                0x0000aa18                __sread
 .text.__swrite
                0x0000aa40       0x38 c:/freescale/kds_v3/toolchain/bin/../lib/gcc/arm-none-eabi/4.8.4/../../../../arm-none-eabi/lib/armv6-m\libg_s.a(lib_a-stdio.o)
                0x0000aa40                __swrite
 .text.__sseek  0x0000aa78       0x2c c:/freescale/kds_v3/toolchain/bin/../lib/gcc/arm-none-eabi/4.8.4/../../../../arm-none-eabi/lib/armv6-m\libg_s.a(lib_a-stdio.o)
                0x0000aa78                __sseek
 .text.__sclose
                0x0000aaa4        0xc c:/freescale/kds_v3/toolchain/bin/../lib/gcc/arm-none-eabi/4.8.4/../../../../arm-none-eabi/lib/armv6-m\libg_s.a(lib_a-stdio.o)
                0x0000aaa4                __sclose
 .text._close_r
                0x0000aab0       0x24 c:/freescale/kds_v3/toolchain/bin/../lib/gcc/arm-none-eabi/4.8.4/../../../../arm-none-eabi/lib/armv6-m\libg_s.a(lib_a-closer.o)
                0x0000aab0                _close_r
 .text._fstat_r
                0x0000aad4       0x24 c:/freescale/kds_v3/toolchain/bin/../lib/gcc/arm-none-eabi/4.8.4/../../../../arm-none-eabi/lib/armv6-m\libg_s.a(lib_a-fstatr.o)
                0x0000aad4                _fstat_r
 .text._isatty_r
                0x0000aaf8       0x24 c:/freescale/kds_v3/toolchain/bin/../lib/gcc/arm-none-eabi/4.8.4/../../../../arm-none-eabi/lib/armv6-m\libg_s.a(lib_a-isattyr.o)
                0x0000aaf8                _isatty_r
 .text._lseek_r
                0x0000ab1c       0x28 c:/freescale/kds_v3/toolchain/bin/../lib/gcc/arm-none-eabi/4.8.4/../../../../arm-none-eabi/lib/armv6-m\libg_s.a(lib_a-lseekr.o)
                0x0000ab1c                _lseek_r
 .text._malloc_usable_size_r
                0x0000ab44       0x12 c:/freescale/kds_v3/toolchain/bin/../lib/gcc/arm-none-eabi/4.8.4/../../../../arm-none-eabi/lib/armv6-m\libg_s.a(lib_a-nano-msizer.o)
                0x0000ab44                _malloc_usable_size_r
 *fill*         0x0000ab56        0x2 
 .text._read_r  0x0000ab58       0x28 c:/freescale/kds_v3/toolchain/bin/../lib/gcc/arm-none-eabi/4.8.4/../../../../arm-none-eabi/lib/armv6-m\libg_s.a(lib_a-readr.o)
                0x0000ab58                _read_r
 .text._close   0x0000ab80       0x10 c:/freescale/kds_v3/toolchain/bin/../lib/gcc/arm-none-eabi/4.8.4/../../../../arm-none-eabi/lib/armv6-m\libnosys.a(close.o)
                0x0000ab80                _close
 .text._fstat   0x0000ab90       0x10 c:/freescale/kds_v3/toolchain/bin/../lib/gcc/arm-none-eabi/4.8.4/../../../../arm-none-eabi/lib/armv6-m\libnosys.a(fstat.o)
                0x0000ab90                _fstat
 .text._getpid  0x0000aba0       0x10 c:/freescale/kds_v3/toolchain/bin/../lib/gcc/arm-none-eabi/4.8.4/../../../../arm-none-eabi/lib/armv6-m\libnosys.a(getpid.o)
                0x0000aba0                _getpid
 .text._isatty  0x0000abb0       0x10 c:/freescale/kds_v3/toolchain/bin/../lib/gcc/arm-none-eabi/4.8.4/../../../../arm-none-eabi/lib/armv6-m\libnosys.a(isatty.o)
                0x0000abb0                _isatty
 .text._kill    0x0000abc0       0x10 c:/freescale/kds_v3/toolchain/bin/../lib/gcc/arm-none-eabi/4.8.4/../../../../arm-none-eabi/lib/armv6-m\libnosys.a(kill.o)
                0x0000abc0                _kill
 .text._lseek   0x0000abd0       0x10 c:/freescale/kds_v3/toolchain/bin/../lib/gcc/arm-none-eabi/4.8.4/../../../../arm-none-eabi/lib/armv6-m\libnosys.a(lseek.o)
                0x0000abd0                _lseek
 .text._read    0x0000abe0       0x10 c:/freescale/kds_v3/toolchain/bin/../lib/gcc/arm-none-eabi/4.8.4/../../../../arm-none-eabi/lib/armv6-m\libnosys.a(read.o)
                0x0000abe0                _read
 .text._sbrk    0x0000abf0       0x34 c:/freescale/kds_v3/toolchain/bin/../lib/gcc/arm-none-eabi/4.8.4/../../../../arm-none-eabi/lib/armv6-m\libnosys.a(sbrk.o)
                0x0000abf0                _sbrk
 .text._write   0x0000ac24       0x10 c:/freescale/kds_v3/toolchain/bin/../lib/gcc/arm-none-eabi/4.8.4/../../../../arm-none-eabi/lib/armv6-m\libnosys.a(write.o)
                0x0000ac24                _write
 .text._exit    0x0000ac34        0x4 c:/freescale/kds_v3/toolchain/bin/../lib/gcc/arm-none-eabi/4.8.4/../../../../arm-none-eabi/lib/armv6-m\libnosys.a(_exit.o)
                0x0000ac34                _exit
 *(.rodata)
 .rodata        0x0000ac38     0x1020 c:/freescale/kds_v3/toolchain/bin/../lib/gcc/arm-none-eabi/4.8.4/../../../../arm-none-eabi/lib/armv6-m\libstdc++_s.a(cp-demangle.o)
 *(.rodata*)
 .rodata._ZTV6CArpie
                0x0000bc58       0x20 ./Sources/main.o
                0x0000bc58                vtable for CArpie
 .rodata._ZTV11CMidiOutput
                0x0000bc78       0x18 ./Sources/main.o
                0x0000bc78                vtable for CMidiOutput
 .rodata._ZTV10IArpEvents
                0x0000bc90       0x20 ./Sources/main.o
                0x0000bc90                vtable for IArpEvents
 .rodata._ZTV20IMidiMessageListener
                0x0000bcb0       0x18 ./Sources/main.o
                0x0000bcb0                vtable for IMidiMessageListener
 .rodata._ZTS6CArpie
                0x0000bcc8        0x8 ./Sources/main.o
                0x0000bcc8                typeinfo name for CArpie
 .rodata._ZTI6CArpie
                0x0000bcd0        0xc ./Sources/main.o
                0x0000bcd0                typeinfo for CArpie
 .rodata._ZTS11CMidiOutput
                0x0000bcdc       0x10 ./Sources/main.o
                0x0000bcdc                typeinfo name for CMidiOutput
 .rodata._ZTI11CMidiOutput
                0x0000bcec        0xc ./Sources/main.o
                0x0000bcec                typeinfo for CMidiOutput
 .rodata._ZTS10IArpEvents
                0x0000bcf8       0x10 ./Sources/main.o
                0x0000bcf8                typeinfo name for IArpEvents
 .rodata._ZTI10IArpEvents
                0x0000bd08        0x8 ./Sources/main.o
                0x0000bd08                typeinfo for IArpEvents
 .rodata._ZTS20IMidiMessageListener
                0x0000bd10       0x18 ./Sources/main.o
                0x0000bd10                typeinfo name for IMidiMessageListener
 .rodata._ZTI20IMidiMessageListener
                0x0000bd28        0x8 ./Sources/main.o
                0x0000bd28                typeinfo for IMidiMessageListener
 .rodata._ZZN8CDisplay10show_digitEPhhhE6raster
                0x0000bd30       0x34 ./Sources/main.o
                0x0000bd30                CDisplay::show_digit(unsigned char*, unsigned char, unsigned char)::raster
 *fill*         0x0000bd64        0x4 
 .rodata._ZTVN10__cxxabiv117__class_type_infoE
                0x0000bd68       0x30 c:/freescale/kds_v3/toolchain/bin/../lib/gcc/arm-none-eabi/4.8.4/../../../../arm-none-eabi/lib/armv6-m\libstdc++_s.a(class_type_info.o)
                0x0000bd68                vtable for __cxxabiv1::__class_type_info
 .rodata._ZTIN10__cxxabiv117__class_type_infoE
                0x0000bd98        0xc c:/freescale/kds_v3/toolchain/bin/../lib/gcc/arm-none-eabi/4.8.4/../../../../arm-none-eabi/lib/armv6-m\libstdc++_s.a(class_type_info.o)
                0x0000bd98                typeinfo for __cxxabiv1::__class_type_info
 .rodata._ZTSN10__cxxabiv117__class_type_infoE
                0x0000bda4       0x22 c:/freescale/kds_v3/toolchain/bin/../lib/gcc/arm-none-eabi/4.8.4/../../../../arm-none-eabi/lib/armv6-m\libstdc++_s.a(class_type_info.o)
                0x0000bda4                typeinfo name for __cxxabiv1::__class_type_info
 *fill*         0x0000bdc6        0x2 
 .rodata._ZTVN10__cxxabiv120__si_class_type_infoE
                0x0000bdc8       0x30 c:/freescale/kds_v3/toolchain/bin/../lib/gcc/arm-none-eabi/4.8.4/../../../../arm-none-eabi/lib/armv6-m\libstdc++_s.a(si_class_type_info.o)
                0x0000bdc8                vtable for __cxxabiv1::__si_class_type_info
 .rodata._ZTIN10__cxxabiv120__si_class_type_infoE
                0x0000bdf8        0xc c:/freescale/kds_v3/toolchain/bin/../lib/gcc/arm-none-eabi/4.8.4/../../../../arm-none-eabi/lib/armv6-m\libstdc++_s.a(si_class_type_info.o)
                0x0000bdf8                typeinfo for __cxxabiv1::__si_class_type_info
 .rodata._ZTSN10__cxxabiv120__si_class_type_infoE
                0x0000be04       0x25 c:/freescale/kds_v3/toolchain/bin/../lib/gcc/arm-none-eabi/4.8.4/../../../../arm-none-eabi/lib/armv6-m\libstdc++_s.a(si_class_type_info.o)
                0x0000be04                typeinfo name for __cxxabiv1::__si_class_type_info
 .rodata.str1.1
                0x0000be29       0x3b c:/freescale/kds_v3/toolchain/bin/../lib/gcc/arm-none-eabi/4.8.4/../../../../arm-none-eabi/lib/armv6-m\libstdc++_s.a(pure.o)
 .rodata._ZTISt9type_info
                0x0000be64        0x8 c:/freescale/kds_v3/toolchain/bin/../lib/gcc/arm-none-eabi/4.8.4/../../../../arm-none-eabi/lib/armv6-m\libstdc++_s.a(tinfo.o)
                0x0000be64                typeinfo for std::type_info
 .rodata._ZTSSt9type_info
                0x0000be6c        0xd c:/freescale/kds_v3/toolchain/bin/../lib/gcc/arm-none-eabi/4.8.4/../../../../arm-none-eabi/lib/armv6-m\libstdc++_s.a(tinfo.o)
                0x0000be6c                typeinfo name for std::type_info
 *fill*         0x0000be79        0x7 
 .rodata._ZTVSt9type_info
                0x0000be80       0x20 c:/freescale/kds_v3/toolchain/bin/../lib/gcc/arm-none-eabi/4.8.4/../../../../arm-none-eabi/lib/armv6-m\libstdc++_s.a(tinfo.o)
                0x0000be80                vtable for std::type_info
 .rodata.str1.1
                0x0000bea0       0x80 c:/freescale/kds_v3/toolchain/bin/../lib/gcc/arm-none-eabi/4.8.4/../../../../arm-none-eabi/lib/armv6-m\libstdc++_s.a(vterminate.o)
 .rodata.str1.4
                0x0000bf20      0x7f4 c:/freescale/kds_v3/toolchain/bin/../lib/gcc/arm-none-eabi/4.8.4/../../../../arm-none-eabi/lib/armv6-m\libstdc++_s.a(cp-demangle.o)
                                0x840 (size before relaxing)
 .rodata.str1.1
                0x0000c714        0x2 c:/freescale/kds_v3/toolchain/bin/../lib/gcc/arm-none-eabi/4.8.4/../../../../arm-none-eabi/lib/armv6-m\libg_s.a(lib_a-impure.o)
 *fill*         0x0000c716        0x2 
 .rodata._global_impure_ptr
                0x0000c718        0x4 c:/freescale/kds_v3/toolchain/bin/../lib/gcc/arm-none-eabi/4.8.4/../../../../arm-none-eabi/lib/armv6-m\libg_s.a(lib_a-impure.o)
                0x0000c718                _global_impure_ptr
 .rodata.str1.1
                0x0000c71c       0x11 c:/freescale/kds_v3/toolchain/bin/../lib/gcc/arm-none-eabi/4.8.4/../../../../arm-none-eabi/lib/armv6-m\libg_s.a(lib_a-svfprintf.o)
 .rodata.str1.1
                0x0000c72d       0x22 c:/freescale/kds_v3/toolchain/bin/../lib/gcc/arm-none-eabi/4.8.4/../../../../arm-none-eabi/lib/armv6-m\libg_s.a(lib_a-vfprintf_i.o)
 *fill*         0x0000c74f        0x1 
 .rodata.__sf_fake_stdin
                0x0000c750       0x20 c:/freescale/kds_v3/toolchain/bin/../lib/gcc/arm-none-eabi/4.8.4/../../../../arm-none-eabi/lib/armv6-m\libg_s.a(lib_a-findfp.o)
                0x0000c750                __sf_fake_stdin
 .rodata.__sf_fake_stdout
                0x0000c770       0x20 c:/freescale/kds_v3/toolchain/bin/../lib/gcc/arm-none-eabi/4.8.4/../../../../arm-none-eabi/lib/armv6-m\libg_s.a(lib_a-findfp.o)
                0x0000c770                __sf_fake_stdout
 .rodata.__sf_fake_stderr
                0x0000c790       0x20 c:/freescale/kds_v3/toolchain/bin/../lib/gcc/arm-none-eabi/4.8.4/../../../../arm-none-eabi/lib/armv6-m\libg_s.a(lib_a-findfp.o)
                0x0000c790                __sf_fake_stderr
 *(.glue_7)
 .glue_7        0x00000000        0x0 linker stubs
 *(.glue_7t)
 .glue_7t       0x00000000        0x0 linker stubs
 *(.eh_frame)
 .eh_frame      0x0000c7b0        0x0 c:/freescale/kds_v3/toolchain/bin/../lib/gcc/arm-none-eabi/4.8.4/armv6-m/crtbegin.o
 *(.init)
 .init          0x0000c7b0        0x4 c:/freescale/kds_v3/toolchain/bin/../lib/gcc/arm-none-eabi/4.8.4/armv6-m/crti.o
                0x0000c7b0                _init
 .init          0x0000c7b4        0x8 c:/freescale/kds_v3/toolchain/bin/../lib/gcc/arm-none-eabi/4.8.4/armv6-m/crtn.o
 *(.fini)
 .fini          0x0000c7bc        0x4 c:/freescale/kds_v3/toolchain/bin/../lib/gcc/arm-none-eabi/4.8.4/armv6-m/crti.o
                0x0000c7bc                _fini
 .fini          0x0000c7c0        0x8 c:/freescale/kds_v3/toolchain/bin/../lib/gcc/arm-none-eabi/4.8.4/armv6-m/crtn.o
                0x0000c7c8                . = ALIGN (0x4)
                0x0000c7c8                _etext = .

.vfp11_veneer   0x0000c7c8        0x0
 .vfp11_veneer  0x00000000        0x0 linker stubs

.v4_bx          0x0000c7c8        0x0
 .v4_bx         0x00000000        0x0 linker stubs

.iplt           0x0000c7c8        0x0
 .iplt          0x00000000        0x0 c:/freescale/kds_v3/toolchain/bin/../lib/gcc/arm-none-eabi/4.8.4/armv6-m/crtbegin.o

.ARM.extab      0x0000c7c8      0x204
 *(.ARM.extab* .gnu.linkonce.armextab.*)
 .ARM.extab.text.I2CBus_OnMasterBlockSent
                0x0000c7c8        0xc ./Sources/Events.o
 .ARM.extab.text.I2CBus_OnMasterBlockReceived
                0x0000c7d4        0xc ./Sources/Events.o
 .ARM.extab.text.I2CBus_OnError
                0x0000c7e0        0xc ./Sources/Events.o
 .ARM.extab.text.TU1_OnCounterRestart
                0x0000c7ec        0xc ./Sources/Events.o
 .ARM.extab.text.UART0_OnBlockReceived
                0x0000c7f8        0xc ./Sources/Events.o
 .ARM.extab.text._ZN10CMidiInput16fire_on_realtimeEh
                0x0000c804        0xc ./Sources/main.o
 .ARM.extab.text._ZN10CMidiInput13fire_on_sysexEh
                0x0000c810        0xc ./Sources/main.o
 .ARM.extab.text._ZN10CMidiInput11fire_on_msgEv
                0x0000c81c        0xc ./Sources/main.o
 .ARM.extab.text._ZN10CMidiInputC2Ev
                0x0000c828        0x0 ./Sources/main.o
 .ARM.extab.text._ZN10CMidiInput6listenEv
                0x0000c828        0xc ./Sources/main.o
 .ARM.extab.text._ZN10CMidiInput14on_rx_completeEh
                0x0000c834        0xc ./Sources/main.o
 .ARM.extab.text._ZN10CMidiInput3runEv
                0x0000c840        0xc ./Sources/main.o
 .ARM.extab.text._ZN11CMidiOutput9init_sendEv
                0x0000c84c        0xc ./Sources/main.o
 .ARM.extab.text._ZN11CMidiOutput11buffer_byteEh
                0x0000c858        0x0 ./Sources/main.o
 .ARM.extab.text._ZN20IMidiMessageListenerC2Ev
                0x0000c858        0x0 ./Sources/main.o
 .ARM.extab.text._ZN11CMidiOutputC2Ev
                0x0000c858        0x0 ./Sources/main.o
 .ARM.extab.text._ZN11CMidiOutput11on_midi_msgEhhhh
                0x0000c858        0x0 ./Sources/main.o
 .ARM.extab.text._ZN11CMidiOutput13on_midi_sysexEh
                0x0000c858        0x0 ./Sources/main.o
 .ARM.extab.text._ZN11CMidiOutput16on_midi_realtimeEh
                0x0000c858        0x0 ./Sources/main.o
 .ARM.extab.text._ZN11CMidiOutput3runEv
                0x0000c858        0xc ./Sources/main.o
 .ARM.extab.text._ZN13CIndicatorLedC2Emi
                0x0000c864        0x0 ./Sources/main.o
 .ARM.extab.text._ZN13CIndicatorLed7triggerEv
                0x0000c864        0xc ./Sources/main.o
 .ARM.extab.text._ZN13CIndicatorLed4tickEv
                0x0000c870        0xc ./Sources/main.o
 .ARM.extab.text._ZN10CI2CDriver10fifo_writeEh
                0x0000c87c        0x0 ./Sources/main.o
 .ARM.extab.text._ZN10CI2CDriver9fifo_readEv
                0x0000c87c        0x0 ./Sources/main.o
 .ARM.extab.text._ZN10CI2CDriver9fifo_peekEv
                0x0000c87c        0x0 ./Sources/main.o
 .ARM.extab.text._ZN10CI2CDriver8init_txnEv
                0x0000c87c        0xc ./Sources/main.o
 .ARM.extab.text._ZN10CI2CDriverC2Ev
                0x0000c888        0x0 ./Sources/main.o
 .ARM.extab.text._ZN10CI2CDriver16on_read_completeEh
                0x0000c888        0xc ./Sources/main.o
 .ARM.extab.text._ZN10CI2CDriver17on_write_completeEh
                0x0000c894        0xc ./Sources/main.o
 .ARM.extab.text._ZN10CI2CDriver10init_writeEhPhh
                0x0000c8a0        0xc ./Sources/main.o
 .ARM.extab.text._ZN10CI2CDriver9init_readEh
                0x0000c8ac        0xc ./Sources/main.o
 .ARM.extab.text._ZN10CI2CDriver19is_response_pendingEv
                0x0000c8b8        0x0 ./Sources/main.o
 .ARM.extab.text._ZN10CI2CDriver12get_responseEv
                0x0000c8b8        0x0 ./Sources/main.o
 .ARM.extab.text._ZN8CDisplay11show_numberEiP10CI2CDriver
                0x0000c8b8        0xc ./Sources/main.o
 .ARM.extab.text._ZN8CDisplay10show_digitEPhhh
                0x0000c8c4        0x0 ./Sources/main.o
 .ARM.extab.text._ZN10IArpEventsC2Ev
                0x0000c8c4        0x0 ./Sources/main.o
 .ARM.extab.text._ZN6CArpieC2Ev
                0x0000c8c4        0x0 ./Sources/main.o
 .ARM.extab.text._ZN6CArpie4initEv
                0x0000c8c4        0xc ./Sources/main.o
 .ARM.extab.text._ZN6CArpie16handle_key_inputEv
                0x0000c8d0        0xc ./Sources/main.o
 .ARM.extab.text._ZN6CArpie3runEv
                0x0000c8dc        0xc ./Sources/main.o
 .ARM.extab.text._ZN6CArpie7on_tickEv
                0x0000c8e8        0xc ./Sources/main.o
 .ARM.extab.text._ZN6CArpie8on_eventEii
                0x0000c8f4        0xc ./Sources/main.o
 .ARM.extab.text._ZN6CArpie20on_uart0_rx_completeEh
                0x0000c900        0xc ./Sources/main.o
 .ARM.extab.text._ZN6CArpie20on_i2c_read_completeEh
                0x0000c90c        0xc ./Sources/main.o
 .ARM.extab.text._ZN6CArpie21on_i2c_write_completeEh
                0x0000c918        0xc ./Sources/main.o
 .ARM.extab.text.main
                0x0000c924        0xc ./Sources/main.o
 .ARM.extab     0x0000c930       0x6c c:/freescale/kds_v3/toolchain/bin/../lib/gcc/arm-none-eabi/4.8.4/armv6-m\libgcc.a(unwind-arm.o)
 .ARM.extab     0x0000c99c       0x30 c:/freescale/kds_v3/toolchain/bin/../lib/gcc/arm-none-eabi/4.8.4/armv6-m\libgcc.a(pr-support.o)

.ARM            0x0000c9cc      0x218
                0x0000c9cc                __exidx_start = .
 *(.ARM.exidx*)
 .ARM.exidx     0x0000c9cc        0x8 c:/freescale/kds_v3/toolchain/bin/../lib/gcc/arm-none-eabi/4.8.4/../../../../arm-none-eabi/lib/armv6-m/crt0.o
 .ARM.exidx.text.Cpu_OnNMIINT
                0x0000caac        0x0 ./Sources/Events.o
                                  0x8 (size before relaxing)
 .ARM.exidx.text.I2CBus_OnMasterBlockSent
                0x0000caac        0x8 ./Sources/Events.o
 .ARM.exidx.text.I2CBus_OnMasterBlockReceived
                0x0000cab4        0x8 ./Sources/Events.o
 .ARM.exidx.text.I2CBus_OnError
                0x0000cabc        0x8 ./Sources/Events.o
 .ARM.exidx.text.TU1_OnCounterRestart
                0x0000cac4        0x8 ./Sources/Events.o
 .ARM.exidx.text.UART0_OnBlockReceived
                0x0000cacc        0x8 ./Sources/Events.o
 .ARM.exidx.text.UART0_OnBlockSent
                0x0000cad4        0x8 ./Sources/Events.o
 .ARM.exidx.text.UART0_OnBreak
                0x0000cadc        0x0 ./Sources/Events.o
                                  0x8 (size before relaxing)
 .ARM.exidx.text.UART0_OnError
                0x0000cadc        0x0 ./Sources/Events.o
                                  0x8 (size before relaxing)
 .ARM.exidx.text.UART0_OnTxComplete
                0x0000cadc        0x0 ./Sources/Events.o
                                  0x8 (size before relaxing)
 .ARM.exidx.text._ZN10CMidiInput16fire_on_realtimeEh
                0x0000cadc        0x8 ./Sources/main.o
 .ARM.exidx.text._ZN10CMidiInput13fire_on_sysexEh
                0x0000cae4        0x8 ./Sources/main.o
 .ARM.exidx.text._ZN10CMidiInput11fire_on_msgEv
                0x0000caec        0x8 ./Sources/main.o
 .ARM.exidx.text._ZN10CMidiInputC2Ev
                0x0000caf4        0x8 ./Sources/main.o
 .ARM.exidx.text._ZN10CMidiInput6listenEv
                0x0000cafc        0x8 ./Sources/main.o
 .ARM.exidx.text._ZN10CMidiInput14on_rx_completeEh
                0x0000cb04        0x8 ./Sources/main.o
 .ARM.exidx.text._ZN10CMidiInput3runEv
                0x0000cb0c        0x8 ./Sources/main.o
 .ARM.exidx.text._ZN11CMidiOutput9init_sendEv
                0x0000cb14        0x8 ./Sources/main.o
 .ARM.exidx.text._ZN11CMidiOutput11buffer_byteEh
                0x0000cb1c        0x8 ./Sources/main.o
 .ARM.exidx.text._ZN20IMidiMessageListenerC2Ev
                0x0000cb24        0x0 ./Sources/main.o
                                  0x8 (size before relaxing)
 .ARM.exidx.text._ZN11CMidiOutputC2Ev
                0x0000cb24        0x0 ./Sources/main.o
                                  0x8 (size before relaxing)
 .ARM.exidx.text._ZN11CMidiOutput11on_midi_msgEhhhh
                0x0000cb24        0x0 ./Sources/main.o
                                  0x8 (size before relaxing)
 .ARM.exidx.text._ZN11CMidiOutput13on_midi_sysexEh
                0x0000cb24        0x0 ./Sources/main.o
                                  0x8 (size before relaxing)
 .ARM.exidx.text._ZN11CMidiOutput16on_midi_realtimeEh
                0x0000cb24        0x0 ./Sources/main.o
                                  0x8 (size before relaxing)
 .ARM.exidx.text._ZN11CMidiOutput3runEv
                0x0000cb24        0x8 ./Sources/main.o
 .ARM.exidx.text._ZN13CIndicatorLedC2Emi
                0x0000cb2c        0x8 ./Sources/main.o
 .ARM.exidx.text._ZN13CIndicatorLed7triggerEv
                0x0000cb34        0x8 ./Sources/main.o
 .ARM.exidx.text._ZN13CIndicatorLed4tickEv
                0x0000cb3c        0x8 ./Sources/main.o
 .ARM.exidx.text._ZN10CI2CDriver10fifo_writeEh
                0x0000cb44        0x8 ./Sources/main.o
 .ARM.exidx.text._ZN10CI2CDriver9fifo_readEv
                0x0000cb4c        0x0 ./Sources/main.o
                                  0x8 (size before relaxing)
 .ARM.exidx.text._ZN10CI2CDriver9fifo_peekEv
                0x0000cb4c        0x0 ./Sources/main.o
                                  0x8 (size before relaxing)
 .ARM.exidx.text._ZN10CI2CDriver8init_txnEv
                0x0000cb4c        0x8 ./Sources/main.o
 .ARM.exidx.text._ZN10CI2CDriverC2Ev
                0x0000cb54        0x8 ./Sources/main.o
 .ARM.exidx.text._ZN10CI2CDriver16on_read_completeEh
                0x0000cb5c        0x8 ./Sources/main.o
 .ARM.exidx.text._ZN10CI2CDriver17on_write_completeEh
                0x0000cb64        0x8 ./Sources/main.o
 .ARM.exidx.text._ZN10CI2CDriver10init_writeEhPhh
                0x0000cb6c        0x8 ./Sources/main.o
 .ARM.exidx.text._ZN10CI2CDriver9init_readEh
                0x0000cb74        0x8 ./Sources/main.o
 .ARM.exidx.text._ZN10CI2CDriver19is_response_pendingEv
                0x0000cb7c        0x8 ./Sources/main.o
 .ARM.exidx.text._ZN10CI2CDriver12get_responseEv
                0x0000cb84        0x0 ./Sources/main.o
                                  0x8 (size before relaxing)
 .ARM.exidx.text._ZN8CDisplay11show_numberEiP10CI2CDriver
                0x0000cb84        0x8 ./Sources/main.o
 .ARM.exidx.text._ZN8CDisplay10show_digitEPhhh
                0x0000cb8c        0x8 ./Sources/main.o
 .ARM.exidx.text._ZN10IArpEventsC2Ev
                0x0000cb94        0x0 ./Sources/main.o
                                  0x8 (size before relaxing)
 .ARM.exidx.text._ZN6CArpieC2Ev
                0x0000cb94        0x0 ./Sources/main.o
                                  0x8 (size before relaxing)
 .ARM.exidx.text._ZN6CArpie4initEv
                0x0000cb94        0x8 ./Sources/main.o
 .ARM.exidx.text._ZN6CArpie16handle_key_inputEv
                0x0000cb9c        0x8 ./Sources/main.o
 .ARM.exidx.text._ZN6CArpie3runEv
                0x0000cba4        0x8 ./Sources/main.o
 .ARM.exidx.text._ZN6CArpie7on_tickEv
                0x0000cbac        0x8 ./Sources/main.o
 .ARM.exidx.text._ZN6CArpie8on_eventEii
                0x0000cbb4        0x8 ./Sources/main.o
 .ARM.exidx.text._ZN6CArpie20on_uart0_rx_completeEh
                0x0000cbbc        0x8 ./Sources/main.o
 .ARM.exidx.text._ZN6CArpie20on_i2c_read_completeEh
                0x0000cbc4        0x8 ./Sources/main.o
 .ARM.exidx.text._ZN6CArpie21on_i2c_write_completeEh
                0x0000cbcc        0x8 ./Sources/main.o
 .ARM.exidx.text.main
                0x0000cbd4       0x10 ./Sources/main.o
                                  0x8 (size before relaxing)
 .ARM.exidx     0x0000c9d4       0xa0 c:/freescale/kds_v3/toolchain/bin/../lib/gcc/arm-none-eabi/4.8.4/armv6-m\libgcc.a(unwind-arm.o)
                                 0xd8 (size before relaxing)
 .ARM.exidx     0x0000ca74       0x38 c:/freescale/kds_v3/toolchain/bin/../lib/gcc/arm-none-eabi/4.8.4/armv6-m\libgcc.a(pr-support.o)
                                 0x48 (size before relaxing)
                0x0000cbe4                __exidx_end = .

.rel.dyn        0x0000cbe4        0x0
 .rel.iplt      0x00000000        0x0 c:/freescale/kds_v3/toolchain/bin/../lib/gcc/arm-none-eabi/4.8.4/armv6-m/crtbegin.o

.ctors          0x0000cbe4        0x0
                0x0000cbe4                __CTOR_LIST__ = .
 *crtbegin.o(.ctors)
 *(EXCLUDE_FILE(*crtend.o) .ctors)
 *(SORT(.ctors.*))
 *(.ctors)
                0x0000cbe4                __CTOR_END__ = .

.dtors          0x0000cbe4        0x0
                0x0000cbe4                __DTOR_LIST__ = .
 *crtbegin.o(.dtors)
 *(EXCLUDE_FILE(*crtend.o) .dtors)
 *(SORT(.dtors.*))
 *(.dtors)
                0x0000cbe4                __DTOR_END__ = .

.preinit_array  0x0000cbe4        0x0
                0x0000cbe4                PROVIDE (__preinit_array_start, .)
 *(.preinit_array*)
                0x0000cbe4                PROVIDE (__preinit_array_end, .)

.init_array     0x0000cbe4        0x4
                0x0000cbe4                PROVIDE (__init_array_start, .)
 *(SORT(.init_array.*))
 *(.init_array*)
 .init_array    0x0000cbe4        0x4 c:/freescale/kds_v3/toolchain/bin/../lib/gcc/arm-none-eabi/4.8.4/armv6-m/crtbegin.o
                0x0000cbe8                PROVIDE (__init_array_end, .)

.fini_array     0x0000cbe8        0x4
                0x0000cbe8                PROVIDE (__fini_array_start, .)
 *(SORT(.fini_array.*))
 *(.fini_array*)
 .fini_array    0x0000cbe8        0x4 c:/freescale/kds_v3/toolchain/bin/../lib/gcc/arm-none-eabi/4.8.4/armv6-m/crtbegin.o
                0x0000cbec                PROVIDE (__fini_array_end, .)
                0x0000cbec                ___ROM_AT = .

.mtb            0x1ffffc00        0x0
                0x1ffffc00                . = ALIGN (0x8)
                0x1ffffc00                _mtb_start = .
 *(.mtb_buf)
                0x1ffffc00                . = ALIGN (0x8)
                0x1ffffc00                _mtb_end = .

.data           0x1ffffc00       0x68 load address 0x0000cbec
                0x1ffffc00                . = ALIGN (0x4)
                0x1ffffc00                _sdata = .
 *(.data)
 *(.data*)
 .data._ZN10__cxxabiv119__terminate_handlerE
                0x1ffffc00        0x4 c:/freescale/kds_v3/toolchain/bin/../lib/gcc/arm-none-eabi/4.8.4/../../../../arm-none-eabi/lib/armv6-m\libstdc++_s.a(eh_term_handler.o)
                0x1ffffc00                __cxxabiv1::__terminate_handler
 .data.impure_data
                0x1ffffc04       0x60 c:/freescale/kds_v3/toolchain/bin/../lib/gcc/arm-none-eabi/4.8.4/../../../../arm-none-eabi/lib/armv6-m\libg_s.a(lib_a-impure.o)
 .data._impure_ptr
                0x1ffffc64        0x4 c:/freescale/kds_v3/toolchain/bin/../lib/gcc/arm-none-eabi/4.8.4/../../../../arm-none-eabi/lib/armv6-m\libg_s.a(lib_a-impure.o)
                0x1ffffc64                _impure_ptr
                0x1ffffc68                . = ALIGN (0x4)
                0x1ffffc68                _edata = .
                0x00000068                ___data_size = (_edata - _sdata)

.jcr            0x1ffffc68        0x0 load address 0x0000cc54
 .jcr           0x1ffffc68        0x0 c:/freescale/kds_v3/toolchain/bin/../lib/gcc/arm-none-eabi/4.8.4/armv6-m/crtbegin.o

.igot.plt       0x1ffffc68        0x0 load address 0x0000cc54
 .igot.plt      0x00000000        0x0 c:/freescale/kds_v3/toolchain/bin/../lib/gcc/arm-none-eabi/4.8.4/armv6-m/crtbegin.o
                0x1ffffc68                . = ALIGN (0x4)

.bss            0x1ffffc68       0xe8 load address 0x0000cc54
                0x1ffffc68                __START_BSS = .
                0x1ffffc68                PROVIDE (__bss_start__, __START_BSS)
 *(.bss)
 .bss           0x1ffffc68       0x1c c:/freescale/kds_v3/toolchain/bin/../lib/gcc/arm-none-eabi/4.8.4/armv6-m/crtbegin.o
 *(.bss*)
 .bss.g_arp     0x1ffffc84        0x4 ./Sources/main.o
                0x1ffffc84                g_arp
 .bss._ZZN6CArpie7on_tickEvE1n
                0x1ffffc88        0x4 ./Sources/main.o
                0x1ffffc88                CArpie::on_tick()::n
 .bss.SR_lock   0x1ffffc8c        0x1 ./Generated_Code/Cpu.o
                0x1ffffc8c                SR_lock
 *fill*         0x1ffffc8d        0x3 
 .bss.DeviceDataPrv__DEFAULT_RTOS_ALLOC
                0x1ffffc90        0x4 ./Generated_Code/GPIO1.o
 .bss.DeviceDataPrv__DEFAULT_RTOS_ALLOC
                0x1ffffc94       0x54 ./Generated_Code/I2CBus.o
 .bss.INT_I2C0__DEFAULT_RTOS_ISRPARAM
                0x1ffffce8        0x4 ./Generated_Code/I2CBus.o
 .bss.PE_LDD_DeviceDataList
                0x1ffffcec       0x14 ./Generated_Code/PE_LDD.o
                0x1ffffcec                PE_LDD_DeviceDataList
 .bss.DeviceDataPrv__DEFAULT_RTOS_ALLOC
                0x1ffffd00        0x4 ./Generated_Code/TU1.o
 .bss.INT_SysTick__DEFAULT_RTOS_ISRPARAM
                0x1ffffd04        0x4 ./Generated_Code/TU1.o
 .bss.DeviceDataPrv__DEFAULT_RTOS_ALLOC
                0x1ffffd08       0x20 ./Generated_Code/UART0.o
 .bss.INT_UART0__DEFAULT_RTOS_ISRPARAM
                0x1ffffd28        0x4 ./Generated_Code/UART0.o
 .bss._ZZN9__gnu_cxx27__verbose_terminate_handlerEvE11terminating
                0x1ffffd2c        0x1 c:/freescale/kds_v3/toolchain/bin/../lib/gcc/arm-none-eabi/4.8.4/../../../../arm-none-eabi/lib/armv6-m\libstdc++_s.a(vterminate.o)
 *fill*         0x1ffffd2d        0x3 
 .bss._ZL10eh_globals
                0x1ffffd30        0xc c:/freescale/kds_v3/toolchain/bin/../lib/gcc/arm-none-eabi/4.8.4/../../../../arm-none-eabi/lib/armv6-m\libstdc++_s.a(eh_globals.o)
 .bss.__malloc_sbrk_start
                0x1ffffd3c        0x4 c:/freescale/kds_v3/toolchain/bin/../lib/gcc/arm-none-eabi/4.8.4/../../../../arm-none-eabi/lib/armv6-m\libg_s.a(lib_a-nano-mallocr.o)
                0x1ffffd3c                __malloc_sbrk_start
 .bss.__malloc_free_list
                0x1ffffd40        0x4 c:/freescale/kds_v3/toolchain/bin/../lib/gcc/arm-none-eabi/4.8.4/../../../../arm-none-eabi/lib/armv6-m\libg_s.a(lib_a-nano-mallocr.o)
                0x1ffffd40                __malloc_free_list
 .bss.heap_end.4246
                0x1ffffd44        0x4 c:/freescale/kds_v3/toolchain/bin/../lib/gcc/arm-none-eabi/4.8.4/../../../../arm-none-eabi/lib/armv6-m\libnosys.a(sbrk.o)
 *(COMMON)
 COMMON         0x1ffffd48        0x1 ./Generated_Code/Cpu.o
                0x1ffffd48                SR_reg
 *fill*         0x1ffffd49        0x3 
 COMMON         0x1ffffd4c        0x4 c:/freescale/kds_v3/toolchain/bin/../lib/gcc/arm-none-eabi/4.8.4/../../../../arm-none-eabi/lib/armv6-m\libg_s.a(lib_a-reent.o)
                0x1ffffd4c                errno
                0x1ffffd50                . = ALIGN (0x4)
                0x1ffffd50                __END_BSS = .
                0x1ffffd50                PROVIDE (__bss_end__, __END_BSS)
                0x0000cc54                _romp_at = (___ROM_AT + SIZEOF (.data))

.romp           0x1ffffd50       0x18 load address 0x0000cc54
                0x0000cc54                __S_romp = _romp_at
                0x1ffffd50        0x4 LONG 0xcbec ___ROM_AT
                0x1ffffd54        0x4 LONG 0x1ffffc00 _sdata
                0x1ffffd58        0x4 LONG 0x68 ___data_size
                0x1ffffd5c        0x4 LONG 0x0
                0x1ffffd60        0x4 LONG 0x0
                0x1ffffd64        0x4 LONG 0x0
                0x00010000                text_end = (ORIGIN (m_text) + 0xfbf0)
                0x0000cc6c                data_init_end = ((___ROM_AT + SIZEOF (.data)) + SIZEOF (.romp))
                0x00000001                ASSERT ((data_init_end <= text_end), region m_text overflowed with text and data)

._user_heap_stack
                0x1ffffd68      0x100 load address 0x0000cc6c
                0x1ffffd68                . = ALIGN (0x4)
                0x1ffffd68                PROVIDE (end, .)
                0x1ffffd68                PROVIDE (_end, .)
                0x1ffffd68                PROVIDE (__end__, .)
                0x1ffffd68                __heap_addr = .
                0x1ffffd68                __HeapBase = .
                0x1ffffd68                . = (. + __heap_size)
                0x1ffffd68                __HeapLimit = .
                0x1ffffe68                . = (. + __stack_size)
 *fill*         0x1ffffd68      0x100 
                0x1ffffe68                . = ALIGN (0x4)

.ARM.attributes
                0x00000000       0x28
 *(.ARM.attributes)
 .ARM.attributes
                0x00000000       0x1e c:/freescale/kds_v3/toolchain/bin/../lib/gcc/arm-none-eabi/4.8.4/armv6-m/crti.o
 .ARM.attributes
                0x0000001e       0x2c c:/freescale/kds_v3/toolchain/bin/../lib/gcc/arm-none-eabi/4.8.4/armv6-m/crtbegin.o
 .ARM.attributes
                0x0000004a       0x1b c:/freescale/kds_v3/toolchain/bin/../lib/gcc/arm-none-eabi/4.8.4/../../../../arm-none-eabi/lib/armv6-m/crt0.o
 .ARM.attributes
                0x00000065       0x32 ./Sources/Events.o
 .ARM.attributes
                0x00000097       0x32 ./Sources/main.o
 .ARM.attributes
                0x000000c9       0x32 ./Project_Settings/Startup_Code/startup.o
 .ARM.attributes
                0x000000fb       0x32 ./Generated_Code/Cpu.o
 .ARM.attributes
                0x0000012d       0x32 ./Generated_Code/GPIO1.o
 .ARM.attributes
                0x0000015f       0x32 ./Generated_Code/I2CBus.o
 .ARM.attributes
                0x00000191       0x32 ./Generated_Code/PE_LDD.o
 .ARM.attributes
                0x000001c3       0x32 ./Generated_Code/TU1.o
 .ARM.attributes
                0x000001f5       0x32 ./Generated_Code/UART0.o
 .ARM.attributes
                0x00000227       0x32 ./Generated_Code/Vectors.o
 .ARM.attributes
                0x00000259       0x2c c:/freescale/kds_v3/toolchain/bin/../lib/gcc/arm-none-eabi/4.8.4/../../../../arm-none-eabi/lib/armv6-m\libstdc++_s.a(class_type_info.o)
 .ARM.attributes
                0x00000285       0x2c c:/freescale/kds_v3/toolchain/bin/../lib/gcc/arm-none-eabi/4.8.4/../../../../arm-none-eabi/lib/armv6-m\libstdc++_s.a(si_class_type_info.o)
 .ARM.attributes
                0x000002b1       0x2c c:/freescale/kds_v3/toolchain/bin/../lib/gcc/arm-none-eabi/4.8.4/../../../../arm-none-eabi/lib/armv6-m\libstdc++_s.a(pure.o)
 .ARM.attributes
                0x000002dd       0x2c c:/freescale/kds_v3/toolchain/bin/../lib/gcc/arm-none-eabi/4.8.4/../../../../arm-none-eabi/lib/armv6-m\libstdc++_s.a(eh_terminate.o)
 .ARM.attributes
                0x00000309       0x2c c:/freescale/kds_v3/toolchain/bin/../lib/gcc/arm-none-eabi/4.8.4/../../../../arm-none-eabi/lib/armv6-m\libstdc++_s.a(tinfo.o)
 .ARM.attributes
                0x00000335       0x2c c:/freescale/kds_v3/toolchain/bin/../lib/gcc/arm-none-eabi/4.8.4/../../../../arm-none-eabi/lib/armv6-m\libstdc++_s.a(del_op.o)
 .ARM.attributes
                0x00000361       0x2c c:/freescale/kds_v3/toolchain/bin/../lib/gcc/arm-none-eabi/4.8.4/../../../../arm-none-eabi/lib/armv6-m\libstdc++_s.a(eh_term_handler.o)
 .ARM.attributes
                0x0000038d       0x2c c:/freescale/kds_v3/toolchain/bin/../lib/gcc/arm-none-eabi/4.8.4/../../../../arm-none-eabi/lib/armv6-m\libstdc++_s.a(vterminate.o)
 .ARM.attributes
                0x000003b9       0x2c c:/freescale/kds_v3/toolchain/bin/../lib/gcc/arm-none-eabi/4.8.4/../../../../arm-none-eabi/lib/armv6-m\libstdc++_s.a(eh_type.o)
 .ARM.attributes
                0x000003e5       0x2c c:/freescale/kds_v3/toolchain/bin/../lib/gcc/arm-none-eabi/4.8.4/../../../../arm-none-eabi/lib/armv6-m\libstdc++_s.a(cp-demangle.o)
 .ARM.attributes
                0x00000411       0x2c c:/freescale/kds_v3/toolchain/bin/../lib/gcc/arm-none-eabi/4.8.4/../../../../arm-none-eabi/lib/armv6-m\libstdc++_s.a(eh_globals.o)
 .ARM.attributes
                0x0000043d       0x1e c:/freescale/kds_v3/toolchain/bin/../lib/gcc/arm-none-eabi/4.8.4/armv6-m\libgcc.a(_udivsi3.o)
 .ARM.attributes
                0x0000045b       0x1e c:/freescale/kds_v3/toolchain/bin/../lib/gcc/arm-none-eabi/4.8.4/armv6-m\libgcc.a(_divsi3.o)
 .ARM.attributes
                0x00000479       0x1e c:/freescale/kds_v3/toolchain/bin/../lib/gcc/arm-none-eabi/4.8.4/armv6-m\libgcc.a(_dvmd_tls.o)
 .ARM.attributes
                0x00000497       0x2c c:/freescale/kds_v3/toolchain/bin/../lib/gcc/arm-none-eabi/4.8.4/armv6-m\libgcc.a(unwind-arm.o)
 .ARM.attributes
                0x000004c3       0x1e c:/freescale/kds_v3/toolchain/bin/../lib/gcc/arm-none-eabi/4.8.4/armv6-m\libgcc.a(libunwind.o)
 .ARM.attributes
                0x000004e1       0x2c c:/freescale/kds_v3/toolchain/bin/../lib/gcc/arm-none-eabi/4.8.4/armv6-m\libgcc.a(pr-support.o)
 .ARM.attributes
                0x0000050d       0x2c c:/freescale/kds_v3/toolchain/bin/../lib/gcc/arm-none-eabi/4.8.4/../../../../arm-none-eabi/lib/armv6-m\libg_s.a(lib_a-abort.o)
 .ARM.attributes
                0x00000539       0x2c c:/freescale/kds_v3/toolchain/bin/../lib/gcc/arm-none-eabi/4.8.4/../../../../arm-none-eabi/lib/armv6-m\libg_s.a(lib_a-exit.o)
 .ARM.attributes
                0x00000565       0x2c c:/freescale/kds_v3/toolchain/bin/../lib/gcc/arm-none-eabi/4.8.4/../../../../arm-none-eabi/lib/armv6-m\libg_s.a(lib_a-fputs.o)
 .ARM.attributes
                0x00000591       0x2c c:/freescale/kds_v3/toolchain/bin/../lib/gcc/arm-none-eabi/4.8.4/../../../../arm-none-eabi/lib/armv6-m\libg_s.a(lib_a-impure.o)
 .ARM.attributes
                0x000005bd       0x2c c:/freescale/kds_v3/toolchain/bin/../lib/gcc/arm-none-eabi/4.8.4/../../../../arm-none-eabi/lib/armv6-m\libg_s.a(lib_a-init.o)
 .ARM.attributes
                0x000005e9       0x2c c:/freescale/kds_v3/toolchain/bin/../lib/gcc/arm-none-eabi/4.8.4/../../../../arm-none-eabi/lib/armv6-m\libg_s.a(lib_a-malloc.o)
 .ARM.attributes
                0x00000615       0x2c c:/freescale/kds_v3/toolchain/bin/../lib/gcc/arm-none-eabi/4.8.4/../../../../arm-none-eabi/lib/armv6-m\libg_s.a(lib_a-memcmp.o)
 .ARM.attributes
                0x00000641       0x2c c:/freescale/kds_v3/toolchain/bin/../lib/gcc/arm-none-eabi/4.8.4/../../../../arm-none-eabi/lib/armv6-m\libg_s.a(lib_a-memcpy-stub.o)
 .ARM.attributes
                0x0000066d       0x2c c:/freescale/kds_v3/toolchain/bin/../lib/gcc/arm-none-eabi/4.8.4/../../../../arm-none-eabi/lib/armv6-m\libg_s.a(lib_a-memset.o)
 .ARM.attributes
                0x00000699       0x2c c:/freescale/kds_v3/toolchain/bin/../lib/gcc/arm-none-eabi/4.8.4/../../../../arm-none-eabi/lib/armv6-m\libg_s.a(lib_a-nano-freer.o)
 .ARM.attributes
                0x000006c5       0x2c c:/freescale/kds_v3/toolchain/bin/../lib/gcc/arm-none-eabi/4.8.4/../../../../arm-none-eabi/lib/armv6-m\libg_s.a(lib_a-nano-mallocr.o)
 .ARM.attributes
                0x000006f1       0x2c c:/freescale/kds_v3/toolchain/bin/../lib/gcc/arm-none-eabi/4.8.4/../../../../arm-none-eabi/lib/armv6-m\libg_s.a(lib_a-realloc.o)
 .ARM.attributes
                0x0000071d       0x2c c:/freescale/kds_v3/toolchain/bin/../lib/gcc/arm-none-eabi/4.8.4/../../../../arm-none-eabi/lib/armv6-m\libg_s.a(lib_a-sbrkr.o)
 .ARM.attributes
                0x00000749       0x2c c:/freescale/kds_v3/toolchain/bin/../lib/gcc/arm-none-eabi/4.8.4/../../../../arm-none-eabi/lib/armv6-m\libg_s.a(lib_a-signal.o)
 .ARM.attributes
                0x00000775       0x2c c:/freescale/kds_v3/toolchain/bin/../lib/gcc/arm-none-eabi/4.8.4/../../../../arm-none-eabi/lib/armv6-m\libg_s.a(lib_a-signalr.o)
 .ARM.attributes
                0x000007a1       0x2c c:/freescale/kds_v3/toolchain/bin/../lib/gcc/arm-none-eabi/4.8.4/../../../../arm-none-eabi/lib/armv6-m\libg_s.a(lib_a-sprintf.o)
 .ARM.attributes
                0x000007cd       0x1c c:/freescale/kds_v3/toolchain/bin/../lib/gcc/arm-none-eabi/4.8.4/../../../../arm-none-eabi/lib/armv6-m\libg_s.a(lib_a-strcmp.o)
 .ARM.attributes
                0x000007e9       0x2c c:/freescale/kds_v3/toolchain/bin/../lib/gcc/arm-none-eabi/4.8.4/../../../../arm-none-eabi/lib/armv6-m\libg_s.a(lib_a-strlen.o)
 .ARM.attributes
                0x00000815       0x2c c:/freescale/kds_v3/toolchain/bin/../lib/gcc/arm-none-eabi/4.8.4/../../../../arm-none-eabi/lib/armv6-m\libg_s.a(lib_a-strncmp.o)
 .ARM.attributes
                0x00000841       0x2c c:/freescale/kds_v3/toolchain/bin/../lib/gcc/arm-none-eabi/4.8.4/../../../../arm-none-eabi/lib/armv6-m\libg_s.a(lib_a-svfprintf.o)
 .ARM.attributes
                0x0000086d       0x2c c:/freescale/kds_v3/toolchain/bin/../lib/gcc/arm-none-eabi/4.8.4/../../../../arm-none-eabi/lib/armv6-m\libg_s.a(lib_a-syswrite.o)
 .ARM.attributes
                0x00000899       0x2c c:/freescale/kds_v3/toolchain/bin/../lib/gcc/arm-none-eabi/4.8.4/../../../../arm-none-eabi/lib/armv6-m\libg_s.a(lib_a-vfprintf_i.o)
 .ARM.attributes
                0x000008c5       0x2c c:/freescale/kds_v3/toolchain/bin/../lib/gcc/arm-none-eabi/4.8.4/../../../../arm-none-eabi/lib/armv6-m\libg_s.a(lib_a-wbuf.o)
 .ARM.attributes
                0x000008f1       0x2c c:/freescale/kds_v3/toolchain/bin/../lib/gcc/arm-none-eabi/4.8.4/../../../../arm-none-eabi/lib/armv6-m\libg_s.a(lib_a-writer.o)
 .ARM.attributes
                0x0000091d       0x2c c:/freescale/kds_v3/toolchain/bin/../lib/gcc/arm-none-eabi/4.8.4/../../../../arm-none-eabi/lib/armv6-m\libg_s.a(lib_a-wsetup.o)
 .ARM.attributes
                0x00000949       0x2c c:/freescale/kds_v3/toolchain/bin/../lib/gcc/arm-none-eabi/4.8.4/../../../../arm-none-eabi/lib/armv6-m\libg_s.a(lib_a-fflush.o)
 .ARM.attributes
                0x00000975       0x2c c:/freescale/kds_v3/toolchain/bin/../lib/gcc/arm-none-eabi/4.8.4/../../../../arm-none-eabi/lib/armv6-m\libg_s.a(lib_a-findfp.o)
 .ARM.attributes
                0x000009a1       0x2c c:/freescale/kds_v3/toolchain/bin/../lib/gcc/arm-none-eabi/4.8.4/../../../../arm-none-eabi/lib/armv6-m\libg_s.a(lib_a-makebuf.o)
 .ARM.attributes
                0x000009cd       0x2c c:/freescale/kds_v3/toolchain/bin/../lib/gcc/arm-none-eabi/4.8.4/../../../../arm-none-eabi/lib/armv6-m\libg_s.a(lib_a-memchr-stub.o)
 .ARM.attributes
                0x000009f9       0x2c c:/freescale/kds_v3/toolchain/bin/../lib/gcc/arm-none-eabi/4.8.4/../../../../arm-none-eabi/lib/armv6-m\libg_s.a(lib_a-memmove.o)
 .ARM.attributes
                0x00000a25       0x2c c:/freescale/kds_v3/toolchain/bin/../lib/gcc/arm-none-eabi/4.8.4/../../../../arm-none-eabi/lib/armv6-m\libg_s.a(lib_a-nano-reallocr.o)
 .ARM.attributes
                0x00000a51       0x2c c:/freescale/kds_v3/toolchain/bin/../lib/gcc/arm-none-eabi/4.8.4/../../../../arm-none-eabi/lib/armv6-m\libg_s.a(lib_a-reent.o)
 .ARM.attributes
                0x00000a7d       0x2c c:/freescale/kds_v3/toolchain/bin/../lib/gcc/arm-none-eabi/4.8.4/../../../../arm-none-eabi/lib/armv6-m\libg_s.a(lib_a-stdio.o)
 .ARM.attributes
                0x00000aa9       0x2c c:/freescale/kds_v3/toolchain/bin/../lib/gcc/arm-none-eabi/4.8.4/../../../../arm-none-eabi/lib/armv6-m\libg_s.a(lib_a-closer.o)
 .ARM.attributes
                0x00000ad5       0x2c c:/freescale/kds_v3/toolchain/bin/../lib/gcc/arm-none-eabi/4.8.4/../../../../arm-none-eabi/lib/armv6-m\libg_s.a(lib_a-fstatr.o)
 .ARM.attributes
                0x00000b01       0x2c c:/freescale/kds_v3/toolchain/bin/../lib/gcc/arm-none-eabi/4.8.4/../../../../arm-none-eabi/lib/armv6-m\libg_s.a(lib_a-isattyr.o)
 .ARM.attributes
                0x00000b2d       0x2c c:/freescale/kds_v3/toolchain/bin/../lib/gcc/arm-none-eabi/4.8.4/../../../../arm-none-eabi/lib/armv6-m\libg_s.a(lib_a-lseekr.o)
 .ARM.attributes
                0x00000b59       0x2c c:/freescale/kds_v3/toolchain/bin/../lib/gcc/arm-none-eabi/4.8.4/../../../../arm-none-eabi/lib/armv6-m\libg_s.a(lib_a-nano-msizer.o)
 .ARM.attributes
                0x00000b85       0x2c c:/freescale/kds_v3/toolchain/bin/../lib/gcc/arm-none-eabi/4.8.4/../../../../arm-none-eabi/lib/armv6-m\libg_s.a(lib_a-readr.o)
 .ARM.attributes
                0x00000bb1       0x2c c:/freescale/kds_v3/toolchain/bin/../lib/gcc/arm-none-eabi/4.8.4/../../../../arm-none-eabi/lib/armv6-m\libnosys.a(close.o)
 .ARM.attributes
                0x00000bdd       0x2c c:/freescale/kds_v3/toolchain/bin/../lib/gcc/arm-none-eabi/4.8.4/../../../../arm-none-eabi/lib/armv6-m\libnosys.a(fstat.o)
 .ARM.attributes
                0x00000c09       0x2c c:/freescale/kds_v3/toolchain/bin/../lib/gcc/arm-none-eabi/4.8.4/../../../../arm-none-eabi/lib/armv6-m\libnosys.a(getpid.o)
 .ARM.attributes
                0x00000c35       0x2c c:/freescale/kds_v3/toolchain/bin/../lib/gcc/arm-none-eabi/4.8.4/../../../../arm-none-eabi/lib/armv6-m\libnosys.a(isatty.o)
 .ARM.attributes
                0x00000c61       0x2c c:/freescale/kds_v3/toolchain/bin/../lib/gcc/arm-none-eabi/4.8.4/../../../../arm-none-eabi/lib/armv6-m\libnosys.a(kill.o)
 .ARM.attributes
                0x00000c8d       0x2c c:/freescale/kds_v3/toolchain/bin/../lib/gcc/arm-none-eabi/4.8.4/../../../../arm-none-eabi/lib/armv6-m\libnosys.a(lseek.o)
 .ARM.attributes
                0x00000cb9       0x2c c:/freescale/kds_v3/toolchain/bin/../lib/gcc/arm-none-eabi/4.8.4/../../../../arm-none-eabi/lib/armv6-m\libnosys.a(read.o)
 .ARM.attributes
                0x00000ce5       0x2c c:/freescale/kds_v3/toolchain/bin/../lib/gcc/arm-none-eabi/4.8.4/../../../../arm-none-eabi/lib/armv6-m\libnosys.a(sbrk.o)
 .ARM.attributes
                0x00000d11       0x2c c:/freescale/kds_v3/toolchain/bin/../lib/gcc/arm-none-eabi/4.8.4/../../../../arm-none-eabi/lib/armv6-m\libnosys.a(write.o)
 .ARM.attributes
                0x00000d3d       0x2c c:/freescale/kds_v3/toolchain/bin/../lib/gcc/arm-none-eabi/4.8.4/../../../../arm-none-eabi/lib/armv6-m\libnosys.a(_exit.o)
 .ARM.attributes
                0x00000d69       0x1e c:/freescale/kds_v3/toolchain/bin/../lib/gcc/arm-none-eabi/4.8.4/armv6-m/crtn.o
OUTPUT(jason.elf elf32-littlearm)

.debug_info     0x00000000     0x3baf
 .debug_info    0x00000000      0x228 ./Sources/Events.o
 .debug_info    0x00000228     0x184b ./Sources/main.o
 .debug_info    0x00001a73      0x20a ./Project_Settings/Startup_Code/startup.o
 .debug_info    0x00001c7d      0x62d ./Generated_Code/Cpu.o
 .debug_info    0x000022aa      0x335 ./Generated_Code/GPIO1.o
 .debug_info    0x000025df      0x926 ./Generated_Code/I2CBus.o
 .debug_info    0x00002f05      0x251 ./Generated_Code/PE_LDD.o
 .debug_info    0x00003156      0x30d ./Generated_Code/TU1.o
 .debug_info    0x00003463      0x63e ./Generated_Code/UART0.o
 .debug_info    0x00003aa1      0x10e ./Generated_Code/Vectors.o

.debug_abbrev   0x00000000      0xf13
 .debug_abbrev  0x00000000       0xb0 ./Sources/Events.o
 .debug_abbrev  0x000000b0      0x3de ./Sources/main.o
 .debug_abbrev  0x0000048e      0x11e ./Project_Settings/Startup_Code/startup.o
 .debug_abbrev  0x000005ac      0x1b5 ./Generated_Code/Cpu.o
 .debug_abbrev  0x00000761      0x138 ./Generated_Code/GPIO1.o
 .debug_abbrev  0x00000899      0x1b4 ./Generated_Code/I2CBus.o
 .debug_abbrev  0x00000a4d      0x10d ./Generated_Code/PE_LDD.o
 .debug_abbrev  0x00000b5a      0x15d ./Generated_Code/TU1.o
 .debug_abbrev  0x00000cb7      0x1b8 ./Generated_Code/UART0.o
 .debug_abbrev  0x00000e6f       0xa4 ./Generated_Code/Vectors.o

.debug_aranges  0x00000000      0x3f0
 .debug_aranges
                0x00000000       0x70 ./Sources/Events.o
 .debug_aranges
                0x00000070      0x168 ./Sources/main.o
 .debug_aranges
                0x000001d8       0x50 ./Project_Settings/Startup_Code/startup.o
 .debug_aranges
                0x00000228       0x38 ./Generated_Code/Cpu.o
 .debug_aranges
                0x00000260       0x58 ./Generated_Code/GPIO1.o
 .debug_aranges
                0x000002b8       0x70 ./Generated_Code/I2CBus.o
 .debug_aranges
                0x00000328       0x30 ./Generated_Code/PE_LDD.o
 .debug_aranges
                0x00000358       0x28 ./Generated_Code/TU1.o
 .debug_aranges
                0x00000380       0x58 ./Generated_Code/UART0.o
 .debug_aranges
                0x000003d8       0x18 ./Generated_Code/Vectors.o

.debug_ranges   0x00000000      0x378
 .debug_ranges  0x00000000       0x60 ./Sources/Events.o
 .debug_ranges  0x00000060      0x188 ./Sources/main.o
 .debug_ranges  0x000001e8       0x40 ./Project_Settings/Startup_Code/startup.o
 .debug_ranges  0x00000228       0x28 ./Generated_Code/Cpu.o
 .debug_ranges  0x00000250       0x48 ./Generated_Code/GPIO1.o
 .debug_ranges  0x00000298       0x60 ./Generated_Code/I2CBus.o
 .debug_ranges  0x000002f8       0x20 ./Generated_Code/PE_LDD.o
 .debug_ranges  0x00000318       0x18 ./Generated_Code/TU1.o
 .debug_ranges  0x00000330       0x48 ./Generated_Code/UART0.o

.debug_macro    0x00000000     0xeb78
 .debug_macro   0x00000000      0x124 ./Sources/Events.o
 .debug_macro   0x00000124      0x826 ./Sources/Events.o
 .debug_macro   0x0000094a       0x1c ./Sources/Events.o
 .debug_macro   0x00000966       0x16 ./Sources/Events.o
 .debug_macro   0x0000097c       0x44 ./Sources/Events.o
 .debug_macro   0x000009c0      0x209 ./Sources/Events.o
 .debug_macro   0x00000bc9     0x158b ./Sources/Events.o
 .debug_macro   0x00002154      0x14e ./Sources/Events.o
 .debug_macro   0x000022a2       0x5e ./Sources/Events.o
 .debug_macro   0x00002300     0x46de ./Sources/Events.o
 .debug_macro   0x000069de       0x8e ./Sources/Events.o
 .debug_macro   0x00006a6c       0x74 ./Sources/Events.o
 .debug_macro   0x00006ae0       0x74 ./Sources/Events.o
 .debug_macro   0x00006b54       0xc4 ./Sources/Events.o
 .debug_macro   0x00006c18       0x94 ./Sources/Events.o
 .debug_macro   0x00006cac       0x80 ./Sources/Events.o
 .debug_macro   0x00006d2c       0x51 ./Sources/Events.o
 .debug_macro   0x00006d7d      0x132 ./Sources/Events.o
 .debug_macro   0x00006eaf      0x4b9 ./Sources/Events.o
 .debug_macro   0x00007368       0xba ./Sources/Events.o
 .debug_macro   0x00007422       0x10 ./Sources/Events.o
 .debug_macro   0x00007432      0x2a1 ./Sources/main.o
 .debug_macro   0x000076d3       0x58 ./Sources/main.o
 .debug_macro   0x0000772b       0x35 ./Sources/main.o
 .debug_macro   0x00007760       0xa3 ./Sources/main.o
 .debug_macro   0x00007803      0x174 ./Sources/main.o
 .debug_macro   0x00007977       0x52 ./Sources/main.o
 .debug_macro   0x000079c9       0x16 ./Sources/main.o
 .debug_macro   0x000079df       0x43 ./Sources/main.o
 .debug_macro   0x00007a22      0x180 ./Sources/main.o
 .debug_macro   0x00007ba2      0x2ad ./Sources/main.o
 .debug_macro   0x00007e4f       0x10 ./Sources/main.o
 .debug_macro   0x00007e5f       0x35 ./Sources/main.o
 .debug_macro   0x00007e94       0x1f ./Sources/main.o
 .debug_macro   0x00007eb3       0x16 ./Sources/main.o
 .debug_macro   0x00007ec9       0x16 ./Sources/main.o
 .debug_macro   0x00007edf       0x29 ./Sources/main.o
 .debug_macro   0x00007f08      0x121 ./Project_Settings/Startup_Code/startup.o
 .debug_macro   0x00008029      0x802 ./Project_Settings/Startup_Code/startup.o
 .debug_macro   0x0000882b       0xa3 ./Project_Settings/Startup_Code/startup.o
 .debug_macro   0x000088ce      0x166 ./Project_Settings/Startup_Code/startup.o
 .debug_macro   0x00008a34       0x4a ./Project_Settings/Startup_Code/startup.o
 .debug_macro   0x00008a7e       0x43 ./Project_Settings/Startup_Code/startup.o
 .debug_macro   0x00008ac1      0x2a6 ./Project_Settings/Startup_Code/startup.o
 .debug_macro   0x00008d67       0x35 ./Project_Settings/Startup_Code/startup.o
 .debug_macro   0x00008d9c       0x22 ./Project_Settings/Startup_Code/startup.o
 .debug_macro   0x00008dbe       0x1c ./Project_Settings/Startup_Code/startup.o
 .debug_macro   0x00008dda      0x20f ./Project_Settings/Startup_Code/startup.o
 .debug_macro   0x00008fe9     0x46c6 ./Project_Settings/Startup_Code/startup.o
 .debug_macro   0x0000d6af      0x130 ./Generated_Code/Cpu.o
 .debug_macro   0x0000d7df       0xaf ./Generated_Code/GPIO1.o
 .debug_macro   0x0000d88e      0x12c ./Generated_Code/GPIO1.o
 .debug_macro   0x0000d9ba       0x94 ./Generated_Code/GPIO1.o
 .debug_macro   0x0000da4e      0x15e ./Generated_Code/I2CBus.o
 .debug_macro   0x0000dbac      0x29c ./Generated_Code/I2CBus.o
 .debug_macro   0x0000de48      0x101 ./Generated_Code/PE_LDD.o
 .debug_macro   0x0000df49      0x11f ./Generated_Code/TU1.o
 .debug_macro   0x0000e068      0x14e ./Generated_Code/UART0.o
 .debug_macro   0x0000e1b6       0x6d ./Generated_Code/UART0.o
 .debug_macro   0x0000e223      0x7b8 ./Generated_Code/UART0.o
 .debug_macro   0x0000e9db      0x123 ./Generated_Code/Vectors.o
 .debug_macro   0x0000eafe       0x7a ./Generated_Code/Vectors.o

.debug_line     0x00000000     0x2b00
 .debug_line    0x00000000      0x3a6 ./Sources/Events.o
 .debug_line    0x000003a6      0x95e ./Sources/main.o
 .debug_line    0x00000d04      0x3bc ./Project_Settings/Startup_Code/startup.o
 .debug_line    0x000010c0      0x3e8 ./Generated_Code/Cpu.o
 .debug_line    0x000014a8      0x2e7 ./Generated_Code/GPIO1.o
 .debug_line    0x0000178f      0x527 ./Generated_Code/I2CBus.o
 .debug_line    0x00001cb6      0x2ed ./Generated_Code/PE_LDD.o
 .debug_line    0x00001fa3      0x346 ./Generated_Code/TU1.o
 .debug_line    0x000022e9      0x499 ./Generated_Code/UART0.o
 .debug_line    0x00002782      0x37e ./Generated_Code/Vectors.o

.debug_str      0x00000000    0x3afdb
 .debug_str     0x00000000    0x25b70 ./Sources/Events.o
                              0x25f33 (size before relaxing)
 .debug_str     0x00025b70     0x34f6 ./Sources/main.o
                              0x2946f (size before relaxing)
 .debug_str     0x00029066      0x3db ./Project_Settings/Startup_Code/startup.o
                              0x1bc8e (size before relaxing)
 .debug_str     0x00029441      0x234 ./Generated_Code/Cpu.o
                              0x25fa8 (size before relaxing)
 .debug_str     0x00029675      0x150 ./Generated_Code/GPIO1.o
                              0x24bdd (size before relaxing)
 .debug_str     0x000297c5     0x354c ./Generated_Code/I2CBus.o
                              0x294df (size before relaxing)
 .debug_str     0x0002cd11      0x17e ./Generated_Code/PE_LDD.o
                              0x25f0a (size before relaxing)
 .debug_str     0x0002ce8f       0xe5 ./Generated_Code/TU1.o
                              0x25f27 (size before relaxing)
 .debug_str     0x0002cf74     0xe04b ./Generated_Code/UART0.o
                              0x33f27 (size before relaxing)
 .debug_str     0x0003afbf       0x1c ./Generated_Code/Vectors.o
                              0x25d9d (size before relaxing)

.comment        0x00000000       0x70
 .comment       0x00000000       0x70 ./Sources/Events.o